ARM GAS  C:\Users\Booster\AppData\Local\Temp\ccnQ4Oz1.s 			page 1


   1              		.cpu cortex-m4
   2              		.arch armv7e-m
   3              		.fpu fpv4-sp-d16
   4              		.eabi_attribute 27, 1
   5              		.eabi_attribute 28, 1
   6              		.eabi_attribute 20, 1
   7              		.eabi_attribute 21, 1
   8              		.eabi_attribute 23, 3
   9              		.eabi_attribute 24, 1
  10              		.eabi_attribute 25, 1
  11              		.eabi_attribute 26, 1
  12              		.eabi_attribute 30, 1
  13              		.eabi_attribute 34, 1
  14              		.eabi_attribute 18, 4
  15              		.file	"fdcan.c"
  16              		.text
  17              	.Ltext0:
  18              		.cfi_sections	.debug_frame
  19              		.file 1 "Core/Src/fdcan.c"
  20              		.section	.text.MX_FDCAN1_Init,"ax",%progbits
  21              		.align	1
  22              		.global	MX_FDCAN1_Init
  23              		.syntax unified
  24              		.thumb
  25              		.thumb_func
  27              	MX_FDCAN1_Init:
  28              	.LFB329:
   1:Core/Src/fdcan.c **** /* USER CODE BEGIN Header */
   2:Core/Src/fdcan.c **** /**
   3:Core/Src/fdcan.c ****   ******************************************************************************
   4:Core/Src/fdcan.c ****   * @file    fdcan.c
   5:Core/Src/fdcan.c ****   * @brief   This file provides code for the configuration
   6:Core/Src/fdcan.c ****   *          of the FDCAN instances.
   7:Core/Src/fdcan.c ****   ******************************************************************************
   8:Core/Src/fdcan.c ****   * @attention
   9:Core/Src/fdcan.c ****   *
  10:Core/Src/fdcan.c ****   * Copyright (c) 2023 STMicroelectronics.
  11:Core/Src/fdcan.c ****   * All rights reserved.
  12:Core/Src/fdcan.c ****   *
  13:Core/Src/fdcan.c ****   * This software is licensed under terms that can be found in the LICENSE file
  14:Core/Src/fdcan.c ****   * in the root directory of this software component.
  15:Core/Src/fdcan.c ****   * If no LICENSE file comes with this software, it is provided AS-IS.
  16:Core/Src/fdcan.c ****   *
  17:Core/Src/fdcan.c ****   ******************************************************************************
  18:Core/Src/fdcan.c ****   */
  19:Core/Src/fdcan.c **** /* USER CODE END Header */
  20:Core/Src/fdcan.c **** /* Includes ------------------------------------------------------------------*/
  21:Core/Src/fdcan.c **** #include "fdcan.h"
  22:Core/Src/fdcan.c **** 
  23:Core/Src/fdcan.c **** /* USER CODE BEGIN 0 */
  24:Core/Src/fdcan.c **** 
  25:Core/Src/fdcan.c **** /* USER CODE END 0 */
  26:Core/Src/fdcan.c **** 
  27:Core/Src/fdcan.c **** FDCAN_HandleTypeDef hfdcan1;
  28:Core/Src/fdcan.c **** 
  29:Core/Src/fdcan.c **** /* FDCAN1 init function */
  30:Core/Src/fdcan.c **** void MX_FDCAN1_Init(void)
ARM GAS  C:\Users\Booster\AppData\Local\Temp\ccnQ4Oz1.s 			page 2


  31:Core/Src/fdcan.c **** {
  29              		.loc 1 31 1 view -0
  30              		.cfi_startproc
  31              		@ args = 0, pretend = 0, frame = 0
  32              		@ frame_needed = 0, uses_anonymous_args = 0
  33 0000 08B5     		push	{r3, lr}
  34              	.LCFI0:
  35              		.cfi_def_cfa_offset 8
  36              		.cfi_offset 3, -8
  37              		.cfi_offset 14, -4
  32:Core/Src/fdcan.c **** 
  33:Core/Src/fdcan.c ****   /* USER CODE BEGIN FDCAN1_Init 0 */
  34:Core/Src/fdcan.c **** 
  35:Core/Src/fdcan.c ****   /* USER CODE END FDCAN1_Init 0 */
  36:Core/Src/fdcan.c **** 
  37:Core/Src/fdcan.c ****   /* USER CODE BEGIN FDCAN1_Init 1 */
  38:Core/Src/fdcan.c **** 
  39:Core/Src/fdcan.c ****   /* USER CODE END FDCAN1_Init 1 */
  40:Core/Src/fdcan.c ****   hfdcan1.Instance = FDCAN1;
  38              		.loc 1 40 3 view .LVU1
  39              		.loc 1 40 20 is_stmt 0 view .LVU2
  40 0002 0F48     		ldr	r0, .L5
  41 0004 0F4B     		ldr	r3, .L5+4
  42 0006 0360     		str	r3, [r0]
  41:Core/Src/fdcan.c ****   hfdcan1.Init.ClockDivider = FDCAN_CLOCK_DIV1;
  43              		.loc 1 41 3 is_stmt 1 view .LVU3
  44              		.loc 1 41 29 is_stmt 0 view .LVU4
  45 0008 0023     		movs	r3, #0
  46 000a 4360     		str	r3, [r0, #4]
  42:Core/Src/fdcan.c ****   hfdcan1.Init.FrameFormat = FDCAN_FRAME_CLASSIC;
  47              		.loc 1 42 3 is_stmt 1 view .LVU5
  48              		.loc 1 42 28 is_stmt 0 view .LVU6
  49 000c 8360     		str	r3, [r0, #8]
  43:Core/Src/fdcan.c ****   hfdcan1.Init.Mode = FDCAN_MODE_NORMAL;
  50              		.loc 1 43 3 is_stmt 1 view .LVU7
  51              		.loc 1 43 21 is_stmt 0 view .LVU8
  52 000e C360     		str	r3, [r0, #12]
  44:Core/Src/fdcan.c ****   hfdcan1.Init.AutoRetransmission = DISABLE;
  53              		.loc 1 44 3 is_stmt 1 view .LVU9
  54              		.loc 1 44 35 is_stmt 0 view .LVU10
  55 0010 0374     		strb	r3, [r0, #16]
  45:Core/Src/fdcan.c ****   hfdcan1.Init.TransmitPause = DISABLE;
  56              		.loc 1 45 3 is_stmt 1 view .LVU11
  57              		.loc 1 45 30 is_stmt 0 view .LVU12
  58 0012 4374     		strb	r3, [r0, #17]
  46:Core/Src/fdcan.c ****   hfdcan1.Init.ProtocolException = DISABLE;
  59              		.loc 1 46 3 is_stmt 1 view .LVU13
  60              		.loc 1 46 34 is_stmt 0 view .LVU14
  61 0014 8374     		strb	r3, [r0, #18]
  47:Core/Src/fdcan.c ****   hfdcan1.Init.NominalPrescaler = 16;
  62              		.loc 1 47 3 is_stmt 1 view .LVU15
  63              		.loc 1 47 33 is_stmt 0 view .LVU16
  64 0016 1022     		movs	r2, #16
  65 0018 4261     		str	r2, [r0, #20]
  48:Core/Src/fdcan.c ****   hfdcan1.Init.NominalSyncJumpWidth = 1;
  66              		.loc 1 48 3 is_stmt 1 view .LVU17
  67              		.loc 1 48 37 is_stmt 0 view .LVU18
ARM GAS  C:\Users\Booster\AppData\Local\Temp\ccnQ4Oz1.s 			page 3


  68 001a 0122     		movs	r2, #1
  69 001c 8261     		str	r2, [r0, #24]
  49:Core/Src/fdcan.c ****   hfdcan1.Init.NominalTimeSeg1 = 2;
  70              		.loc 1 49 3 is_stmt 1 view .LVU19
  71              		.loc 1 49 32 is_stmt 0 view .LVU20
  72 001e 0221     		movs	r1, #2
  73 0020 C161     		str	r1, [r0, #28]
  50:Core/Src/fdcan.c ****   hfdcan1.Init.NominalTimeSeg2 = 2;
  74              		.loc 1 50 3 is_stmt 1 view .LVU21
  75              		.loc 1 50 32 is_stmt 0 view .LVU22
  76 0022 0162     		str	r1, [r0, #32]
  51:Core/Src/fdcan.c ****   hfdcan1.Init.DataPrescaler = 1;
  77              		.loc 1 51 3 is_stmt 1 view .LVU23
  78              		.loc 1 51 30 is_stmt 0 view .LVU24
  79 0024 4262     		str	r2, [r0, #36]
  52:Core/Src/fdcan.c ****   hfdcan1.Init.DataSyncJumpWidth = 1;
  80              		.loc 1 52 3 is_stmt 1 view .LVU25
  81              		.loc 1 52 34 is_stmt 0 view .LVU26
  82 0026 8262     		str	r2, [r0, #40]
  53:Core/Src/fdcan.c ****   hfdcan1.Init.DataTimeSeg1 = 1;
  83              		.loc 1 53 3 is_stmt 1 view .LVU27
  84              		.loc 1 53 29 is_stmt 0 view .LVU28
  85 0028 C262     		str	r2, [r0, #44]
  54:Core/Src/fdcan.c ****   hfdcan1.Init.DataTimeSeg2 = 1;
  86              		.loc 1 54 3 is_stmt 1 view .LVU29
  87              		.loc 1 54 29 is_stmt 0 view .LVU30
  88 002a 0263     		str	r2, [r0, #48]
  55:Core/Src/fdcan.c ****   hfdcan1.Init.StdFiltersNbr = 0;
  89              		.loc 1 55 3 is_stmt 1 view .LVU31
  90              		.loc 1 55 30 is_stmt 0 view .LVU32
  91 002c 4363     		str	r3, [r0, #52]
  56:Core/Src/fdcan.c ****   hfdcan1.Init.ExtFiltersNbr = 0;
  92              		.loc 1 56 3 is_stmt 1 view .LVU33
  93              		.loc 1 56 30 is_stmt 0 view .LVU34
  94 002e 8363     		str	r3, [r0, #56]
  57:Core/Src/fdcan.c ****   hfdcan1.Init.TxFifoQueueMode = FDCAN_TX_FIFO_OPERATION;
  95              		.loc 1 57 3 is_stmt 1 view .LVU35
  96              		.loc 1 57 32 is_stmt 0 view .LVU36
  97 0030 C363     		str	r3, [r0, #60]
  58:Core/Src/fdcan.c ****   if (HAL_FDCAN_Init(&hfdcan1) != HAL_OK)
  98              		.loc 1 58 3 is_stmt 1 view .LVU37
  99              		.loc 1 58 7 is_stmt 0 view .LVU38
 100 0032 FFF7FEFF 		bl	HAL_FDCAN_Init
 101              	.LVL0:
 102              		.loc 1 58 6 view .LVU39
 103 0036 00B9     		cbnz	r0, .L4
 104              	.L1:
  59:Core/Src/fdcan.c ****   {
  60:Core/Src/fdcan.c ****     Error_Handler();
  61:Core/Src/fdcan.c ****   }
  62:Core/Src/fdcan.c ****   /* USER CODE BEGIN FDCAN1_Init 2 */
  63:Core/Src/fdcan.c **** 
  64:Core/Src/fdcan.c ****   /* USER CODE END FDCAN1_Init 2 */
  65:Core/Src/fdcan.c **** 
  66:Core/Src/fdcan.c **** }
 105              		.loc 1 66 1 view .LVU40
 106 0038 08BD     		pop	{r3, pc}
ARM GAS  C:\Users\Booster\AppData\Local\Temp\ccnQ4Oz1.s 			page 4


 107              	.L4:
  60:Core/Src/fdcan.c ****   }
 108              		.loc 1 60 5 is_stmt 1 view .LVU41
 109 003a FFF7FEFF 		bl	Error_Handler
 110              	.LVL1:
 111              		.loc 1 66 1 is_stmt 0 view .LVU42
 112 003e FBE7     		b	.L1
 113              	.L6:
 114              		.align	2
 115              	.L5:
 116 0040 00000000 		.word	hfdcan1
 117 0044 00640040 		.word	1073767424
 118              		.cfi_endproc
 119              	.LFE329:
 121              		.section	.text.HAL_FDCAN_MspInit,"ax",%progbits
 122              		.align	1
 123              		.global	HAL_FDCAN_MspInit
 124              		.syntax unified
 125              		.thumb
 126              		.thumb_func
 128              	HAL_FDCAN_MspInit:
 129              	.LVL2:
 130              	.LFB330:
  67:Core/Src/fdcan.c **** 
  68:Core/Src/fdcan.c **** void HAL_FDCAN_MspInit(FDCAN_HandleTypeDef* fdcanHandle)
  69:Core/Src/fdcan.c **** {
 131              		.loc 1 69 1 is_stmt 1 view -0
 132              		.cfi_startproc
 133              		@ args = 0, pretend = 0, frame = 104
 134              		@ frame_needed = 0, uses_anonymous_args = 0
 135              		.loc 1 69 1 is_stmt 0 view .LVU44
 136 0000 70B5     		push	{r4, r5, r6, lr}
 137              	.LCFI1:
 138              		.cfi_def_cfa_offset 16
 139              		.cfi_offset 4, -16
 140              		.cfi_offset 5, -12
 141              		.cfi_offset 6, -8
 142              		.cfi_offset 14, -4
 143 0002 9AB0     		sub	sp, sp, #104
 144              	.LCFI2:
 145              		.cfi_def_cfa_offset 120
 146 0004 0446     		mov	r4, r0
  70:Core/Src/fdcan.c **** 
  71:Core/Src/fdcan.c ****   GPIO_InitTypeDef GPIO_InitStruct = {0};
 147              		.loc 1 71 3 is_stmt 1 view .LVU45
 148              		.loc 1 71 20 is_stmt 0 view .LVU46
 149 0006 0021     		movs	r1, #0
 150 0008 1591     		str	r1, [sp, #84]
 151 000a 1691     		str	r1, [sp, #88]
 152 000c 1791     		str	r1, [sp, #92]
 153 000e 1891     		str	r1, [sp, #96]
 154 0010 1991     		str	r1, [sp, #100]
  72:Core/Src/fdcan.c ****   RCC_PeriphCLKInitTypeDef PeriphClkInit = {0};
 155              		.loc 1 72 3 is_stmt 1 view .LVU47
 156              		.loc 1 72 28 is_stmt 0 view .LVU48
 157 0012 4422     		movs	r2, #68
 158 0014 04A8     		add	r0, sp, #16
ARM GAS  C:\Users\Booster\AppData\Local\Temp\ccnQ4Oz1.s 			page 5


 159              	.LVL3:
 160              		.loc 1 72 28 view .LVU49
 161 0016 FFF7FEFF 		bl	memset
 162              	.LVL4:
  73:Core/Src/fdcan.c ****   if(fdcanHandle->Instance==FDCAN1)
 163              		.loc 1 73 3 is_stmt 1 view .LVU50
 164              		.loc 1 73 17 is_stmt 0 view .LVU51
 165 001a 2268     		ldr	r2, [r4]
 166              		.loc 1 73 5 view .LVU52
 167 001c 244B     		ldr	r3, .L13
 168 001e 9A42     		cmp	r2, r3
 169 0020 01D0     		beq	.L11
 170              	.LVL5:
 171              	.L7:
  74:Core/Src/fdcan.c ****   {
  75:Core/Src/fdcan.c ****   /* USER CODE BEGIN FDCAN1_MspInit 0 */
  76:Core/Src/fdcan.c **** 
  77:Core/Src/fdcan.c ****   /* USER CODE END FDCAN1_MspInit 0 */
  78:Core/Src/fdcan.c **** 
  79:Core/Src/fdcan.c ****   /** Initializes the peripherals clocks
  80:Core/Src/fdcan.c ****   */
  81:Core/Src/fdcan.c ****     PeriphClkInit.PeriphClockSelection = RCC_PERIPHCLK_FDCAN;
  82:Core/Src/fdcan.c ****     PeriphClkInit.FdcanClockSelection = RCC_FDCANCLKSOURCE_PCLK1;
  83:Core/Src/fdcan.c ****     if (HAL_RCCEx_PeriphCLKConfig(&PeriphClkInit) != HAL_OK)
  84:Core/Src/fdcan.c ****     {
  85:Core/Src/fdcan.c ****       Error_Handler();
  86:Core/Src/fdcan.c ****     }
  87:Core/Src/fdcan.c **** 
  88:Core/Src/fdcan.c ****     /* FDCAN1 clock enable */
  89:Core/Src/fdcan.c ****     __HAL_RCC_FDCAN_CLK_ENABLE();
  90:Core/Src/fdcan.c **** 
  91:Core/Src/fdcan.c ****     __HAL_RCC_GPIOA_CLK_ENABLE();
  92:Core/Src/fdcan.c ****     __HAL_RCC_GPIOB_CLK_ENABLE();
  93:Core/Src/fdcan.c ****     /**FDCAN1 GPIO Configuration
  94:Core/Src/fdcan.c ****     PA12     ------> FDCAN1_TX
  95:Core/Src/fdcan.c ****     PB8-BOOT0     ------> FDCAN1_RX
  96:Core/Src/fdcan.c ****     */
  97:Core/Src/fdcan.c ****     GPIO_InitStruct.Pin = GPIO_PIN_12;
  98:Core/Src/fdcan.c ****     GPIO_InitStruct.Mode = GPIO_MODE_AF_PP;
  99:Core/Src/fdcan.c ****     GPIO_InitStruct.Pull = GPIO_NOPULL;
 100:Core/Src/fdcan.c ****     GPIO_InitStruct.Speed = GPIO_SPEED_FREQ_LOW;
 101:Core/Src/fdcan.c ****     GPIO_InitStruct.Alternate = GPIO_AF9_FDCAN1;
 102:Core/Src/fdcan.c ****     HAL_GPIO_Init(GPIOA, &GPIO_InitStruct);
 103:Core/Src/fdcan.c **** 
 104:Core/Src/fdcan.c ****     GPIO_InitStruct.Pin = GPIO_PIN_8;
 105:Core/Src/fdcan.c ****     GPIO_InitStruct.Mode = GPIO_MODE_AF_PP;
 106:Core/Src/fdcan.c ****     GPIO_InitStruct.Pull = GPIO_NOPULL;
 107:Core/Src/fdcan.c ****     GPIO_InitStruct.Speed = GPIO_SPEED_FREQ_LOW;
 108:Core/Src/fdcan.c ****     GPIO_InitStruct.Alternate = GPIO_AF9_FDCAN1;
 109:Core/Src/fdcan.c ****     HAL_GPIO_Init(GPIOB, &GPIO_InitStruct);
 110:Core/Src/fdcan.c **** 
 111:Core/Src/fdcan.c ****   /* USER CODE BEGIN FDCAN1_MspInit 1 */
 112:Core/Src/fdcan.c **** 
 113:Core/Src/fdcan.c ****   /* USER CODE END FDCAN1_MspInit 1 */
 114:Core/Src/fdcan.c ****   }
 115:Core/Src/fdcan.c **** }
 172              		.loc 1 115 1 view .LVU53
ARM GAS  C:\Users\Booster\AppData\Local\Temp\ccnQ4Oz1.s 			page 6


 173 0022 1AB0     		add	sp, sp, #104
 174              	.LCFI3:
 175              		.cfi_remember_state
 176              		.cfi_def_cfa_offset 16
 177              		@ sp needed
 178 0024 70BD     		pop	{r4, r5, r6, pc}
 179              	.LVL6:
 180              	.L11:
 181              	.LCFI4:
 182              		.cfi_restore_state
  81:Core/Src/fdcan.c ****     PeriphClkInit.FdcanClockSelection = RCC_FDCANCLKSOURCE_PCLK1;
 183              		.loc 1 81 5 is_stmt 1 view .LVU54
  81:Core/Src/fdcan.c ****     PeriphClkInit.FdcanClockSelection = RCC_FDCANCLKSOURCE_PCLK1;
 184              		.loc 1 81 40 is_stmt 0 view .LVU55
 185 0026 4FF48053 		mov	r3, #4096
 186 002a 0493     		str	r3, [sp, #16]
  82:Core/Src/fdcan.c ****     if (HAL_RCCEx_PeriphCLKConfig(&PeriphClkInit) != HAL_OK)
 187              		.loc 1 82 5 is_stmt 1 view .LVU56
  82:Core/Src/fdcan.c ****     if (HAL_RCCEx_PeriphCLKConfig(&PeriphClkInit) != HAL_OK)
 188              		.loc 1 82 39 is_stmt 0 view .LVU57
 189 002c 4FF00073 		mov	r3, #33554432
 190 0030 1093     		str	r3, [sp, #64]
  83:Core/Src/fdcan.c ****     {
 191              		.loc 1 83 5 is_stmt 1 view .LVU58
  83:Core/Src/fdcan.c ****     {
 192              		.loc 1 83 9 is_stmt 0 view .LVU59
 193 0032 04A8     		add	r0, sp, #16
 194 0034 FFF7FEFF 		bl	HAL_RCCEx_PeriphCLKConfig
 195              	.LVL7:
  83:Core/Src/fdcan.c ****     {
 196              		.loc 1 83 8 view .LVU60
 197 0038 0028     		cmp	r0, #0
 198 003a 36D1     		bne	.L12
 199              	.L9:
  89:Core/Src/fdcan.c **** 
 200              		.loc 1 89 5 is_stmt 1 view .LVU61
 201              	.LBB2:
  89:Core/Src/fdcan.c **** 
 202              		.loc 1 89 5 view .LVU62
  89:Core/Src/fdcan.c **** 
 203              		.loc 1 89 5 view .LVU63
 204 003c 1D4B     		ldr	r3, .L13+4
 205 003e 9A6D     		ldr	r2, [r3, #88]
 206 0040 42F00072 		orr	r2, r2, #33554432
 207 0044 9A65     		str	r2, [r3, #88]
  89:Core/Src/fdcan.c **** 
 208              		.loc 1 89 5 view .LVU64
 209 0046 9A6D     		ldr	r2, [r3, #88]
 210 0048 02F00072 		and	r2, r2, #33554432
 211 004c 0192     		str	r2, [sp, #4]
  89:Core/Src/fdcan.c **** 
 212              		.loc 1 89 5 view .LVU65
 213 004e 019A     		ldr	r2, [sp, #4]
 214              	.LBE2:
  89:Core/Src/fdcan.c **** 
 215              		.loc 1 89 5 view .LVU66
  91:Core/Src/fdcan.c ****     __HAL_RCC_GPIOB_CLK_ENABLE();
ARM GAS  C:\Users\Booster\AppData\Local\Temp\ccnQ4Oz1.s 			page 7


 216              		.loc 1 91 5 view .LVU67
 217              	.LBB3:
  91:Core/Src/fdcan.c ****     __HAL_RCC_GPIOB_CLK_ENABLE();
 218              		.loc 1 91 5 view .LVU68
  91:Core/Src/fdcan.c ****     __HAL_RCC_GPIOB_CLK_ENABLE();
 219              		.loc 1 91 5 view .LVU69
 220 0050 DA6C     		ldr	r2, [r3, #76]
 221 0052 42F00102 		orr	r2, r2, #1
 222 0056 DA64     		str	r2, [r3, #76]
  91:Core/Src/fdcan.c ****     __HAL_RCC_GPIOB_CLK_ENABLE();
 223              		.loc 1 91 5 view .LVU70
 224 0058 DA6C     		ldr	r2, [r3, #76]
 225 005a 02F00102 		and	r2, r2, #1
 226 005e 0292     		str	r2, [sp, #8]
  91:Core/Src/fdcan.c ****     __HAL_RCC_GPIOB_CLK_ENABLE();
 227              		.loc 1 91 5 view .LVU71
 228 0060 029A     		ldr	r2, [sp, #8]
 229              	.LBE3:
  91:Core/Src/fdcan.c ****     __HAL_RCC_GPIOB_CLK_ENABLE();
 230              		.loc 1 91 5 view .LVU72
  92:Core/Src/fdcan.c ****     /**FDCAN1 GPIO Configuration
 231              		.loc 1 92 5 view .LVU73
 232              	.LBB4:
  92:Core/Src/fdcan.c ****     /**FDCAN1 GPIO Configuration
 233              		.loc 1 92 5 view .LVU74
  92:Core/Src/fdcan.c ****     /**FDCAN1 GPIO Configuration
 234              		.loc 1 92 5 view .LVU75
 235 0062 DA6C     		ldr	r2, [r3, #76]
 236 0064 42F00202 		orr	r2, r2, #2
 237 0068 DA64     		str	r2, [r3, #76]
  92:Core/Src/fdcan.c ****     /**FDCAN1 GPIO Configuration
 238              		.loc 1 92 5 view .LVU76
 239 006a DB6C     		ldr	r3, [r3, #76]
 240 006c 03F00203 		and	r3, r3, #2
 241 0070 0393     		str	r3, [sp, #12]
  92:Core/Src/fdcan.c ****     /**FDCAN1 GPIO Configuration
 242              		.loc 1 92 5 view .LVU77
 243 0072 039B     		ldr	r3, [sp, #12]
 244              	.LBE4:
  92:Core/Src/fdcan.c ****     /**FDCAN1 GPIO Configuration
 245              		.loc 1 92 5 view .LVU78
  97:Core/Src/fdcan.c ****     GPIO_InitStruct.Mode = GPIO_MODE_AF_PP;
 246              		.loc 1 97 5 view .LVU79
  97:Core/Src/fdcan.c ****     GPIO_InitStruct.Mode = GPIO_MODE_AF_PP;
 247              		.loc 1 97 25 is_stmt 0 view .LVU80
 248 0074 4FF48053 		mov	r3, #4096
 249 0078 1593     		str	r3, [sp, #84]
  98:Core/Src/fdcan.c ****     GPIO_InitStruct.Pull = GPIO_NOPULL;
 250              		.loc 1 98 5 is_stmt 1 view .LVU81
  98:Core/Src/fdcan.c ****     GPIO_InitStruct.Pull = GPIO_NOPULL;
 251              		.loc 1 98 26 is_stmt 0 view .LVU82
 252 007a 0226     		movs	r6, #2
 253 007c 1696     		str	r6, [sp, #88]
  99:Core/Src/fdcan.c ****     GPIO_InitStruct.Speed = GPIO_SPEED_FREQ_LOW;
 254              		.loc 1 99 5 is_stmt 1 view .LVU83
  99:Core/Src/fdcan.c ****     GPIO_InitStruct.Speed = GPIO_SPEED_FREQ_LOW;
 255              		.loc 1 99 26 is_stmt 0 view .LVU84
ARM GAS  C:\Users\Booster\AppData\Local\Temp\ccnQ4Oz1.s 			page 8


 256 007e 0024     		movs	r4, #0
 257              	.LVL8:
  99:Core/Src/fdcan.c ****     GPIO_InitStruct.Speed = GPIO_SPEED_FREQ_LOW;
 258              		.loc 1 99 26 view .LVU85
 259 0080 1794     		str	r4, [sp, #92]
 100:Core/Src/fdcan.c ****     GPIO_InitStruct.Alternate = GPIO_AF9_FDCAN1;
 260              		.loc 1 100 5 is_stmt 1 view .LVU86
 100:Core/Src/fdcan.c ****     GPIO_InitStruct.Alternate = GPIO_AF9_FDCAN1;
 261              		.loc 1 100 27 is_stmt 0 view .LVU87
 262 0082 1894     		str	r4, [sp, #96]
 101:Core/Src/fdcan.c ****     HAL_GPIO_Init(GPIOA, &GPIO_InitStruct);
 263              		.loc 1 101 5 is_stmt 1 view .LVU88
 101:Core/Src/fdcan.c ****     HAL_GPIO_Init(GPIOA, &GPIO_InitStruct);
 264              		.loc 1 101 31 is_stmt 0 view .LVU89
 265 0084 0925     		movs	r5, #9
 266 0086 1995     		str	r5, [sp, #100]
 102:Core/Src/fdcan.c **** 
 267              		.loc 1 102 5 is_stmt 1 view .LVU90
 268 0088 15A9     		add	r1, sp, #84
 269 008a 4FF09040 		mov	r0, #1207959552
 270 008e FFF7FEFF 		bl	HAL_GPIO_Init
 271              	.LVL9:
 104:Core/Src/fdcan.c ****     GPIO_InitStruct.Mode = GPIO_MODE_AF_PP;
 272              		.loc 1 104 5 view .LVU91
 104:Core/Src/fdcan.c ****     GPIO_InitStruct.Mode = GPIO_MODE_AF_PP;
 273              		.loc 1 104 25 is_stmt 0 view .LVU92
 274 0092 4FF48073 		mov	r3, #256
 275 0096 1593     		str	r3, [sp, #84]
 105:Core/Src/fdcan.c ****     GPIO_InitStruct.Pull = GPIO_NOPULL;
 276              		.loc 1 105 5 is_stmt 1 view .LVU93
 105:Core/Src/fdcan.c ****     GPIO_InitStruct.Pull = GPIO_NOPULL;
 277              		.loc 1 105 26 is_stmt 0 view .LVU94
 278 0098 1696     		str	r6, [sp, #88]
 106:Core/Src/fdcan.c ****     GPIO_InitStruct.Speed = GPIO_SPEED_FREQ_LOW;
 279              		.loc 1 106 5 is_stmt 1 view .LVU95
 106:Core/Src/fdcan.c ****     GPIO_InitStruct.Speed = GPIO_SPEED_FREQ_LOW;
 280              		.loc 1 106 26 is_stmt 0 view .LVU96
 281 009a 1794     		str	r4, [sp, #92]
 107:Core/Src/fdcan.c ****     GPIO_InitStruct.Alternate = GPIO_AF9_FDCAN1;
 282              		.loc 1 107 5 is_stmt 1 view .LVU97
 107:Core/Src/fdcan.c ****     GPIO_InitStruct.Alternate = GPIO_AF9_FDCAN1;
 283              		.loc 1 107 27 is_stmt 0 view .LVU98
 284 009c 1894     		str	r4, [sp, #96]
 108:Core/Src/fdcan.c ****     HAL_GPIO_Init(GPIOB, &GPIO_InitStruct);
 285              		.loc 1 108 5 is_stmt 1 view .LVU99
 108:Core/Src/fdcan.c ****     HAL_GPIO_Init(GPIOB, &GPIO_InitStruct);
 286              		.loc 1 108 31 is_stmt 0 view .LVU100
 287 009e 1995     		str	r5, [sp, #100]
 109:Core/Src/fdcan.c **** 
 288              		.loc 1 109 5 is_stmt 1 view .LVU101
 289 00a0 15A9     		add	r1, sp, #84
 290 00a2 0548     		ldr	r0, .L13+8
 291 00a4 FFF7FEFF 		bl	HAL_GPIO_Init
 292              	.LVL10:
 293              		.loc 1 115 1 is_stmt 0 view .LVU102
 294 00a8 BBE7     		b	.L7
 295              	.LVL11:
ARM GAS  C:\Users\Booster\AppData\Local\Temp\ccnQ4Oz1.s 			page 9


 296              	.L12:
  85:Core/Src/fdcan.c ****     }
 297              		.loc 1 85 7 is_stmt 1 view .LVU103
 298 00aa FFF7FEFF 		bl	Error_Handler
 299              	.LVL12:
 300 00ae C5E7     		b	.L9
 301              	.L14:
 302              		.align	2
 303              	.L13:
 304 00b0 00640040 		.word	1073767424
 305 00b4 00100240 		.word	1073876992
 306 00b8 00040048 		.word	1207960576
 307              		.cfi_endproc
 308              	.LFE330:
 310              		.section	.text.HAL_FDCAN_MspDeInit,"ax",%progbits
 311              		.align	1
 312              		.global	HAL_FDCAN_MspDeInit
 313              		.syntax unified
 314              		.thumb
 315              		.thumb_func
 317              	HAL_FDCAN_MspDeInit:
 318              	.LVL13:
 319              	.LFB331:
 116:Core/Src/fdcan.c **** 
 117:Core/Src/fdcan.c **** void HAL_FDCAN_MspDeInit(FDCAN_HandleTypeDef* fdcanHandle)
 118:Core/Src/fdcan.c **** {
 320              		.loc 1 118 1 view -0
 321              		.cfi_startproc
 322              		@ args = 0, pretend = 0, frame = 0
 323              		@ frame_needed = 0, uses_anonymous_args = 0
 324              		.loc 1 118 1 is_stmt 0 view .LVU105
 325 0000 08B5     		push	{r3, lr}
 326              	.LCFI5:
 327              		.cfi_def_cfa_offset 8
 328              		.cfi_offset 3, -8
 329              		.cfi_offset 14, -4
 119:Core/Src/fdcan.c **** 
 120:Core/Src/fdcan.c ****   if(fdcanHandle->Instance==FDCAN1)
 330              		.loc 1 120 3 is_stmt 1 view .LVU106
 331              		.loc 1 120 17 is_stmt 0 view .LVU107
 332 0002 0268     		ldr	r2, [r0]
 333              		.loc 1 120 5 view .LVU108
 334 0004 0A4B     		ldr	r3, .L19
 335 0006 9A42     		cmp	r2, r3
 336 0008 00D0     		beq	.L18
 337              	.LVL14:
 338              	.L15:
 121:Core/Src/fdcan.c ****   {
 122:Core/Src/fdcan.c ****   /* USER CODE BEGIN FDCAN1_MspDeInit 0 */
 123:Core/Src/fdcan.c **** 
 124:Core/Src/fdcan.c ****   /* USER CODE END FDCAN1_MspDeInit 0 */
 125:Core/Src/fdcan.c ****     /* Peripheral clock disable */
 126:Core/Src/fdcan.c ****     __HAL_RCC_FDCAN_CLK_DISABLE();
 127:Core/Src/fdcan.c **** 
 128:Core/Src/fdcan.c ****     /**FDCAN1 GPIO Configuration
 129:Core/Src/fdcan.c ****     PA12     ------> FDCAN1_TX
 130:Core/Src/fdcan.c ****     PB8-BOOT0     ------> FDCAN1_RX
ARM GAS  C:\Users\Booster\AppData\Local\Temp\ccnQ4Oz1.s 			page 10


 131:Core/Src/fdcan.c ****     */
 132:Core/Src/fdcan.c ****     HAL_GPIO_DeInit(GPIOA, GPIO_PIN_12);
 133:Core/Src/fdcan.c **** 
 134:Core/Src/fdcan.c ****     HAL_GPIO_DeInit(GPIOB, GPIO_PIN_8);
 135:Core/Src/fdcan.c **** 
 136:Core/Src/fdcan.c ****   /* USER CODE BEGIN FDCAN1_MspDeInit 1 */
 137:Core/Src/fdcan.c **** 
 138:Core/Src/fdcan.c ****   /* USER CODE END FDCAN1_MspDeInit 1 */
 139:Core/Src/fdcan.c ****   }
 140:Core/Src/fdcan.c **** }
 339              		.loc 1 140 1 view .LVU109
 340 000a 08BD     		pop	{r3, pc}
 341              	.LVL15:
 342              	.L18:
 126:Core/Src/fdcan.c **** 
 343              		.loc 1 126 5 is_stmt 1 view .LVU110
 344 000c 094A     		ldr	r2, .L19+4
 345 000e 936D     		ldr	r3, [r2, #88]
 346 0010 23F00073 		bic	r3, r3, #33554432
 347 0014 9365     		str	r3, [r2, #88]
 132:Core/Src/fdcan.c **** 
 348              		.loc 1 132 5 view .LVU111
 349 0016 4FF48051 		mov	r1, #4096
 350 001a 4FF09040 		mov	r0, #1207959552
 351              	.LVL16:
 132:Core/Src/fdcan.c **** 
 352              		.loc 1 132 5 is_stmt 0 view .LVU112
 353 001e FFF7FEFF 		bl	HAL_GPIO_DeInit
 354              	.LVL17:
 134:Core/Src/fdcan.c **** 
 355              		.loc 1 134 5 is_stmt 1 view .LVU113
 356 0022 4FF48071 		mov	r1, #256
 357 0026 0448     		ldr	r0, .L19+8
 358 0028 FFF7FEFF 		bl	HAL_GPIO_DeInit
 359              	.LVL18:
 360              		.loc 1 140 1 is_stmt 0 view .LVU114
 361 002c EDE7     		b	.L15
 362              	.L20:
 363 002e 00BF     		.align	2
 364              	.L19:
 365 0030 00640040 		.word	1073767424
 366 0034 00100240 		.word	1073876992
 367 0038 00040048 		.word	1207960576
 368              		.cfi_endproc
 369              	.LFE331:
 371              		.global	hfdcan1
 372              		.section	.bss.hfdcan1,"aw",%nobits
 373              		.align	2
 376              	hfdcan1:
 377 0000 00000000 		.space	100
 377      00000000 
 377      00000000 
 377      00000000 
 377      00000000 
 378              		.text
 379              	.Letext0:
 380              		.file 2 "c:\\program files (x86)\\arm gnu toolchain arm-none-eabi\\12.3 rel1\\arm-none-eabi\\inclu
ARM GAS  C:\Users\Booster\AppData\Local\Temp\ccnQ4Oz1.s 			page 11


 381              		.file 3 "c:\\program files (x86)\\arm gnu toolchain arm-none-eabi\\12.3 rel1\\arm-none-eabi\\inclu
 382              		.file 4 "Drivers/CMSIS/Device/ST/STM32G4xx/Include/stm32g431xx.h"
 383              		.file 5 "Drivers/CMSIS/Device/ST/STM32G4xx/Include/stm32g4xx.h"
 384              		.file 6 "Drivers/STM32G4xx_HAL_Driver/Inc/stm32g4xx_hal_def.h"
 385              		.file 7 "Drivers/STM32G4xx_HAL_Driver/Inc/stm32g4xx_hal_rcc_ex.h"
 386              		.file 8 "Drivers/STM32G4xx_HAL_Driver/Inc/stm32g4xx_hal_gpio.h"
 387              		.file 9 "Drivers/STM32G4xx_HAL_Driver/Inc/stm32g4xx_hal_fdcan.h"
 388              		.file 10 "Core/Inc/fdcan.h"
 389              		.file 11 "Core/Inc/main.h"
 390              		.file 12 "<built-in>"
ARM GAS  C:\Users\Booster\AppData\Local\Temp\ccnQ4Oz1.s 			page 12


DEFINED SYMBOLS
                            *ABS*:00000000 fdcan.c
C:\Users\Booster\AppData\Local\Temp\ccnQ4Oz1.s:21     .text.MX_FDCAN1_Init:00000000 $t
C:\Users\Booster\AppData\Local\Temp\ccnQ4Oz1.s:27     .text.MX_FDCAN1_Init:00000000 MX_FDCAN1_Init
C:\Users\Booster\AppData\Local\Temp\ccnQ4Oz1.s:116    .text.MX_FDCAN1_Init:00000040 $d
C:\Users\Booster\AppData\Local\Temp\ccnQ4Oz1.s:376    .bss.hfdcan1:00000000 hfdcan1
C:\Users\Booster\AppData\Local\Temp\ccnQ4Oz1.s:122    .text.HAL_FDCAN_MspInit:00000000 $t
C:\Users\Booster\AppData\Local\Temp\ccnQ4Oz1.s:128    .text.HAL_FDCAN_MspInit:00000000 HAL_FDCAN_MspInit
C:\Users\Booster\AppData\Local\Temp\ccnQ4Oz1.s:304    .text.HAL_FDCAN_MspInit:000000b0 $d
C:\Users\Booster\AppData\Local\Temp\ccnQ4Oz1.s:311    .text.HAL_FDCAN_MspDeInit:00000000 $t
C:\Users\Booster\AppData\Local\Temp\ccnQ4Oz1.s:317    .text.HAL_FDCAN_MspDeInit:00000000 HAL_FDCAN_MspDeInit
C:\Users\Booster\AppData\Local\Temp\ccnQ4Oz1.s:365    .text.HAL_FDCAN_MspDeInit:00000030 $d
C:\Users\Booster\AppData\Local\Temp\ccnQ4Oz1.s:373    .bss.hfdcan1:00000000 $d

UNDEFINED SYMBOLS
HAL_FDCAN_Init
Error_Handler
memset
HAL_RCCEx_PeriphCLKConfig
HAL_GPIO_Init
HAL_GPIO_DeInit
