ARM GAS  C:\Users\Booster\AppData\Local\Temp\ccUHkw4x.s 			page 1


   1              		.cpu cortex-m4
   2              		.arch armv7e-m
   3              		.fpu fpv4-sp-d16
   4              		.eabi_attribute 27, 1
   5              		.eabi_attribute 28, 1
   6              		.eabi_attribute 20, 1
   7              		.eabi_attribute 21, 1
   8              		.eabi_attribute 23, 3
   9              		.eabi_attribute 24, 1
  10              		.eabi_attribute 25, 1
  11              		.eabi_attribute 26, 1
  12              		.eabi_attribute 30, 1
  13              		.eabi_attribute 34, 1
  14              		.eabi_attribute 18, 4
  15              		.file	"gpio.c"
  16              		.text
  17              	.Ltext0:
  18              		.cfi_sections	.debug_frame
  19              		.file 1 "Core/Src/gpio.c"
  20              		.section	.text.MX_GPIO_Init,"ax",%progbits
  21              		.align	1
  22              		.global	MX_GPIO_Init
  23              		.syntax unified
  24              		.thumb
  25              		.thumb_func
  27              	MX_GPIO_Init:
  28              	.LFB329:
   1:Core/Src/gpio.c **** /* USER CODE BEGIN Header */
   2:Core/Src/gpio.c **** /**
   3:Core/Src/gpio.c ****   ******************************************************************************
   4:Core/Src/gpio.c ****   * @file    gpio.c
   5:Core/Src/gpio.c ****   * @brief   This file provides code for the configuration
   6:Core/Src/gpio.c ****   *          of all used GPIO pins.
   7:Core/Src/gpio.c ****   ******************************************************************************
   8:Core/Src/gpio.c ****   * @attention
   9:Core/Src/gpio.c ****   *
  10:Core/Src/gpio.c ****   * Copyright (c) 2023 STMicroelectronics.
  11:Core/Src/gpio.c ****   * All rights reserved.
  12:Core/Src/gpio.c ****   *
  13:Core/Src/gpio.c ****   * This software is licensed under terms that can be found in the LICENSE file
  14:Core/Src/gpio.c ****   * in the root directory of this software component.
  15:Core/Src/gpio.c ****   * If no LICENSE file comes with this software, it is provided AS-IS.
  16:Core/Src/gpio.c ****   *
  17:Core/Src/gpio.c ****   ******************************************************************************
  18:Core/Src/gpio.c ****   */
  19:Core/Src/gpio.c **** /* USER CODE END Header */
  20:Core/Src/gpio.c **** 
  21:Core/Src/gpio.c **** /* Includes ------------------------------------------------------------------*/
  22:Core/Src/gpio.c **** #include "gpio.h"
  23:Core/Src/gpio.c **** 
  24:Core/Src/gpio.c **** /* USER CODE BEGIN 0 */
  25:Core/Src/gpio.c **** 
  26:Core/Src/gpio.c **** /* USER CODE END 0 */
  27:Core/Src/gpio.c **** 
  28:Core/Src/gpio.c **** /*----------------------------------------------------------------------------*/
  29:Core/Src/gpio.c **** /* Configure GPIO                                                             */
  30:Core/Src/gpio.c **** /*----------------------------------------------------------------------------*/
ARM GAS  C:\Users\Booster\AppData\Local\Temp\ccUHkw4x.s 			page 2


  31:Core/Src/gpio.c **** /* USER CODE BEGIN 1 */
  32:Core/Src/gpio.c **** 
  33:Core/Src/gpio.c **** /* USER CODE END 1 */
  34:Core/Src/gpio.c **** 
  35:Core/Src/gpio.c **** /** Configure pins as
  36:Core/Src/gpio.c ****         * Analog
  37:Core/Src/gpio.c ****         * Input
  38:Core/Src/gpio.c ****         * Output
  39:Core/Src/gpio.c ****         * EVENT_OUT
  40:Core/Src/gpio.c ****         * EXTI
  41:Core/Src/gpio.c **** */
  42:Core/Src/gpio.c **** void MX_GPIO_Init(void)
  43:Core/Src/gpio.c **** {
  29              		.loc 1 43 1 view -0
  30              		.cfi_startproc
  31              		@ args = 0, pretend = 0, frame = 32
  32              		@ frame_needed = 0, uses_anonymous_args = 0
  33 0000 00B5     		push	{lr}
  34              	.LCFI0:
  35              		.cfi_def_cfa_offset 4
  36              		.cfi_offset 14, -4
  37 0002 89B0     		sub	sp, sp, #36
  38              	.LCFI1:
  39              		.cfi_def_cfa_offset 40
  44:Core/Src/gpio.c **** 
  45:Core/Src/gpio.c ****   GPIO_InitTypeDef GPIO_InitStruct = {0};
  40              		.loc 1 45 3 view .LVU1
  41              		.loc 1 45 20 is_stmt 0 view .LVU2
  42 0004 0023     		movs	r3, #0
  43 0006 0393     		str	r3, [sp, #12]
  44 0008 0493     		str	r3, [sp, #16]
  45 000a 0593     		str	r3, [sp, #20]
  46 000c 0693     		str	r3, [sp, #24]
  47 000e 0793     		str	r3, [sp, #28]
  46:Core/Src/gpio.c **** 
  47:Core/Src/gpio.c ****   /* GPIO Ports Clock Enable */
  48:Core/Src/gpio.c ****   __HAL_RCC_GPIOA_CLK_ENABLE();
  48              		.loc 1 48 3 is_stmt 1 view .LVU3
  49              	.LBB2:
  50              		.loc 1 48 3 view .LVU4
  51              		.loc 1 48 3 view .LVU5
  52 0010 03F18043 		add	r3, r3, #1073741824
  53 0014 03F50433 		add	r3, r3, #135168
  54 0018 DA6C     		ldr	r2, [r3, #76]
  55 001a 42F00102 		orr	r2, r2, #1
  56 001e DA64     		str	r2, [r3, #76]
  57              		.loc 1 48 3 view .LVU6
  58 0020 DA6C     		ldr	r2, [r3, #76]
  59 0022 02F00102 		and	r2, r2, #1
  60 0026 0192     		str	r2, [sp, #4]
  61              		.loc 1 48 3 view .LVU7
  62 0028 019A     		ldr	r2, [sp, #4]
  63              	.LBE2:
  64              		.loc 1 48 3 view .LVU8
  49:Core/Src/gpio.c ****   __HAL_RCC_GPIOB_CLK_ENABLE();
  65              		.loc 1 49 3 view .LVU9
  66              	.LBB3:
ARM GAS  C:\Users\Booster\AppData\Local\Temp\ccUHkw4x.s 			page 3


  67              		.loc 1 49 3 view .LVU10
  68              		.loc 1 49 3 view .LVU11
  69 002a DA6C     		ldr	r2, [r3, #76]
  70 002c 42F00202 		orr	r2, r2, #2
  71 0030 DA64     		str	r2, [r3, #76]
  72              		.loc 1 49 3 view .LVU12
  73 0032 DB6C     		ldr	r3, [r3, #76]
  74 0034 03F00203 		and	r3, r3, #2
  75 0038 0293     		str	r3, [sp, #8]
  76              		.loc 1 49 3 view .LVU13
  77 003a 029B     		ldr	r3, [sp, #8]
  78              	.LBE3:
  79              		.loc 1 49 3 view .LVU14
  50:Core/Src/gpio.c **** 
  51:Core/Src/gpio.c ****   /*Configure GPIO pins : PB3 PB4 PB5 */
  52:Core/Src/gpio.c ****   GPIO_InitStruct.Pin = GPIO_PIN_3|GPIO_PIN_4|GPIO_PIN_5;
  80              		.loc 1 52 3 view .LVU15
  81              		.loc 1 52 23 is_stmt 0 view .LVU16
  82 003c 3823     		movs	r3, #56
  83 003e 0393     		str	r3, [sp, #12]
  53:Core/Src/gpio.c ****   GPIO_InitStruct.Mode = GPIO_MODE_INPUT;
  84              		.loc 1 53 3 is_stmt 1 view .LVU17
  54:Core/Src/gpio.c ****   GPIO_InitStruct.Pull = GPIO_NOPULL;
  85              		.loc 1 54 3 view .LVU18
  55:Core/Src/gpio.c ****   HAL_GPIO_Init(GPIOB, &GPIO_InitStruct);
  86              		.loc 1 55 3 view .LVU19
  87 0040 03A9     		add	r1, sp, #12
  88 0042 0348     		ldr	r0, .L3
  89 0044 FFF7FEFF 		bl	HAL_GPIO_Init
  90              	.LVL0:
  56:Core/Src/gpio.c **** 
  57:Core/Src/gpio.c **** }
  91              		.loc 1 57 1 is_stmt 0 view .LVU20
  92 0048 09B0     		add	sp, sp, #36
  93              	.LCFI2:
  94              		.cfi_def_cfa_offset 4
  95              		@ sp needed
  96 004a 5DF804FB 		ldr	pc, [sp], #4
  97              	.L4:
  98 004e 00BF     		.align	2
  99              	.L3:
 100 0050 00040048 		.word	1207960576
 101              		.cfi_endproc
 102              	.LFE329:
 104              		.text
 105              	.Letext0:
 106              		.file 2 "c:\\program files (x86)\\arm gnu toolchain arm-none-eabi\\12.3 rel1\\arm-none-eabi\\inclu
 107              		.file 3 "c:\\program files (x86)\\arm gnu toolchain arm-none-eabi\\12.3 rel1\\arm-none-eabi\\inclu
 108              		.file 4 "Drivers/CMSIS/Device/ST/STM32G4xx/Include/stm32g431xx.h"
 109              		.file 5 "Drivers/STM32G4xx_HAL_Driver/Inc/stm32g4xx_hal_gpio.h"
ARM GAS  C:\Users\Booster\AppData\Local\Temp\ccUHkw4x.s 			page 4


DEFINED SYMBOLS
                            *ABS*:00000000 gpio.c
C:\Users\Booster\AppData\Local\Temp\ccUHkw4x.s:21     .text.MX_GPIO_Init:00000000 $t
C:\Users\Booster\AppData\Local\Temp\ccUHkw4x.s:27     .text.MX_GPIO_Init:00000000 MX_GPIO_Init
C:\Users\Booster\AppData\Local\Temp\ccUHkw4x.s:100    .text.MX_GPIO_Init:00000050 $d

UNDEFINED SYMBOLS
HAL_GPIO_Init
