Archive member included to satisfy reference by file (symbol)

c:/program files (x86)/arm gnu toolchain arm-none-eabi/12.3 rel1/bin/../lib/gcc/arm-none-eabi/12.3.1/thumb/v7e-m+fp/hard\libc_nano.a(libc_a-exit.o)
                              c:/program files (x86)/arm gnu toolchain arm-none-eabi/12.3 rel1/bin/../lib/gcc/arm-none-eabi/12.3.1/thumb/v7e-m+fp/hard/crt0.o (exit)
c:/program files (x86)/arm gnu toolchain arm-none-eabi/12.3 rel1/bin/../lib/gcc/arm-none-eabi/12.3.1/thumb/v7e-m+fp/hard\libc_nano.a(libc_a-findfp.o)
                              c:/program files (x86)/arm gnu toolchain arm-none-eabi/12.3 rel1/bin/../lib/gcc/arm-none-eabi/12.3.1/thumb/v7e-m+fp/hard\libc_nano.a(libc_a-exit.o) (__stdio_exit_handler)
c:/program files (x86)/arm gnu toolchain arm-none-eabi/12.3 rel1/bin/../lib/gcc/arm-none-eabi/12.3.1/thumb/v7e-m+fp/hard\libc_nano.a(libc_a-fwalk.o)
                              c:/program files (x86)/arm gnu toolchain arm-none-eabi/12.3 rel1/bin/../lib/gcc/arm-none-eabi/12.3.1/thumb/v7e-m+fp/hard\libc_nano.a(libc_a-findfp.o) (_fwalk_sglue)
c:/program files (x86)/arm gnu toolchain arm-none-eabi/12.3 rel1/bin/../lib/gcc/arm-none-eabi/12.3.1/thumb/v7e-m+fp/hard\libc_nano.a(libc_a-stdio.o)
                              c:/program files (x86)/arm gnu toolchain arm-none-eabi/12.3 rel1/bin/../lib/gcc/arm-none-eabi/12.3.1/thumb/v7e-m+fp/hard\libc_nano.a(libc_a-findfp.o) (__sread)
c:/program files (x86)/arm gnu toolchain arm-none-eabi/12.3 rel1/bin/../lib/gcc/arm-none-eabi/12.3.1/thumb/v7e-m+fp/hard\libc_nano.a(libc_a-memset.o)
                              c:/program files (x86)/arm gnu toolchain arm-none-eabi/12.3 rel1/bin/../lib/gcc/arm-none-eabi/12.3.1/thumb/v7e-m+fp/hard/crt0.o (memset)
c:/program files (x86)/arm gnu toolchain arm-none-eabi/12.3 rel1/bin/../lib/gcc/arm-none-eabi/12.3.1/thumb/v7e-m+fp/hard\libc_nano.a(libc_a-closer.o)
                              c:/program files (x86)/arm gnu toolchain arm-none-eabi/12.3 rel1/bin/../lib/gcc/arm-none-eabi/12.3.1/thumb/v7e-m+fp/hard\libc_nano.a(libc_a-stdio.o) (_close_r)
c:/program files (x86)/arm gnu toolchain arm-none-eabi/12.3 rel1/bin/../lib/gcc/arm-none-eabi/12.3.1/thumb/v7e-m+fp/hard\libc_nano.a(libc_a-reent.o)
                              c:/program files (x86)/arm gnu toolchain arm-none-eabi/12.3 rel1/bin/../lib/gcc/arm-none-eabi/12.3.1/thumb/v7e-m+fp/hard\libc_nano.a(libc_a-closer.o) (errno)
c:/program files (x86)/arm gnu toolchain arm-none-eabi/12.3 rel1/bin/../lib/gcc/arm-none-eabi/12.3.1/thumb/v7e-m+fp/hard\libc_nano.a(libc_a-impure.o)
                              c:/program files (x86)/arm gnu toolchain arm-none-eabi/12.3 rel1/bin/../lib/gcc/arm-none-eabi/12.3.1/thumb/v7e-m+fp/hard\libc_nano.a(libc_a-reent.o) (_impure_ptr)
c:/program files (x86)/arm gnu toolchain arm-none-eabi/12.3 rel1/bin/../lib/gcc/arm-none-eabi/12.3.1/thumb/v7e-m+fp/hard\libc_nano.a(libc_a-lseekr.o)
                              c:/program files (x86)/arm gnu toolchain arm-none-eabi/12.3 rel1/bin/../lib/gcc/arm-none-eabi/12.3.1/thumb/v7e-m+fp/hard\libc_nano.a(libc_a-stdio.o) (_lseek_r)
c:/program files (x86)/arm gnu toolchain arm-none-eabi/12.3 rel1/bin/../lib/gcc/arm-none-eabi/12.3.1/thumb/v7e-m+fp/hard\libc_nano.a(libc_a-readr.o)
                              c:/program files (x86)/arm gnu toolchain arm-none-eabi/12.3 rel1/bin/../lib/gcc/arm-none-eabi/12.3.1/thumb/v7e-m+fp/hard\libc_nano.a(libc_a-stdio.o) (_read_r)
c:/program files (x86)/arm gnu toolchain arm-none-eabi/12.3 rel1/bin/../lib/gcc/arm-none-eabi/12.3.1/thumb/v7e-m+fp/hard\libc_nano.a(libc_a-writer.o)
                              c:/program files (x86)/arm gnu toolchain arm-none-eabi/12.3 rel1/bin/../lib/gcc/arm-none-eabi/12.3.1/thumb/v7e-m+fp/hard\libc_nano.a(libc_a-stdio.o) (_write_r)
c:/program files (x86)/arm gnu toolchain arm-none-eabi/12.3 rel1/bin/../lib/gcc/arm-none-eabi/12.3.1/thumb/v7e-m+fp/hard\libc_nano.a(libc_a-init.o)
                              c:/program files (x86)/arm gnu toolchain arm-none-eabi/12.3 rel1/bin/../lib/gcc/arm-none-eabi/12.3.1/thumb/v7e-m+fp/hard/crt0.o (__libc_init_array)
c:/program files (x86)/arm gnu toolchain arm-none-eabi/12.3 rel1/bin/../lib/gcc/arm-none-eabi/12.3.1/thumb/v7e-m+fp/hard\libc_nano.a(libc_a-lock.o)
                              c:/program files (x86)/arm gnu toolchain arm-none-eabi/12.3 rel1/bin/../lib/gcc/arm-none-eabi/12.3.1/thumb/v7e-m+fp/hard\libc_nano.a(libc_a-findfp.o) (__retarget_lock_init_recursive)
c:/program files (x86)/arm gnu toolchain arm-none-eabi/12.3 rel1/bin/../lib/gcc/arm-none-eabi/12.3.1/thumb/v7e-m+fp/hard\libc_nano.a(libc_a-freer.o)
                              c:/program files (x86)/arm gnu toolchain arm-none-eabi/12.3 rel1/bin/../lib/gcc/arm-none-eabi/12.3.1/thumb/v7e-m+fp/hard\libc_nano.a(libc_a-reent.o) (_free_r)
c:/program files (x86)/arm gnu toolchain arm-none-eabi/12.3 rel1/bin/../lib/gcc/arm-none-eabi/12.3.1/thumb/v7e-m+fp/hard\libc_nano.a(libc_a-mallocr.o)
[...]
Memory Configuration

Name             Origin             Length             Attributes
RAM              0x20000000         0x00008000         xrw
FLASH            0x08000000         0x00020000         xr
*default*        0x00000000         0xffffffff

Linker script and memory map

LOAD c:/program files (x86)/arm gnu toolchain arm-none-eabi/12.3 rel1/bin/../lib/gcc/arm-none-eabi/12.3.1/thumb/v7e-m+fp/hard/crti.o
LOAD c:/program files (x86)/arm gnu toolchain arm-none-eabi/12.3 rel1/bin/../lib/gcc/arm-none-eabi/12.3.1/thumb/v7e-m+fp/hard/crtbegin.o
LOAD c:/program files (x86)/arm gnu toolchain arm-none-eabi/12.3 rel1/bin/../lib/gcc/arm-none-eabi/12.3.1/thumb/v7e-m+fp/hard/crt0.o
LOAD build/main.o
LOAD build/gpio.o
LOAD build/adc.o
LOAD build/stm32g4xx_it.o
LOAD build/stm32g4xx_hal_msp.o
LOAD build/stm32g4xx_hal_adc.o
LOAD build/stm32g4xx_hal_adc_ex.o
LOAD build/stm32g4xx_ll_adc.o
LOAD build/stm32g4xx_hal.o
LOAD build/stm32g4xx_hal_rcc.o
LOAD build/stm32g4xx_hal_rcc_ex.o
LOAD build/stm32g4xx_hal_flash.o
LOAD build/stm32g4xx_hal_flash_ex.o
LOAD build/stm32g4xx_hal_flash_ramfunc.o
LOAD build/stm32g4xx_hal_gpio.o
LOAD build/stm32g4xx_hal_exti.o
LOAD build/stm32g4xx_hal_dma.o
LOAD build/stm32g4xx_hal_dma_ex.o
LOAD build/stm32g4xx_hal_pwr.o
LOAD build/stm32g4xx_hal_pwr_ex.o
LOAD build/stm32g4xx_hal_cortex.o
LOAD build/stm32g4xx_hal_tim.o
LOAD build/stm32g4xx_hal_tim_ex.o
LOAD build/system_stm32g4xx.o
LOAD build/m_dsp.o
LOAD build/usart.o
LOAD build/stm32g4xx_hal_uart.o
LOAD build/stm32g4xx_hal_uart_ex.o
LOAD build/test.o
LOAD build/fdcan.o
LOAD build/spi.o
LOAD build/tim.o
LOAD build/stm32g4xx_hal_fdcan.o
LOAD build/stm32g4xx_hal_spi.o
LOAD build/stm32g4xx_hal_spi_ex.o
LOAD build/svpwm.o
LOAD build/dma.o
LOAD build/startup_stm32g431xx.o
LOAD c:/program files (x86)/arm gnu toolchain arm-none-eabi/12.3 rel1/bin/../lib/gcc/arm-none-eabi/12.3.1/thumb/v7e-m+fp/hard\libc_nano.a
LOAD c:/program files (x86)/arm gnu toolchain arm-none-eabi/12.3 rel1/bin/../lib/gcc/arm-none-eabi/12.3.1/thumb/v7e-m+fp/hard\libm.a
LOAD c:/program files (x86)/arm gnu toolchain arm-none-eabi/12.3 rel1/bin/../lib/gcc/arm-none-eabi/12.3.1/thumb/v7e-m+fp/hard\libnosys.a
START GROUP
LOAD c:/program files (x86)/arm gnu toolchain arm-none-eabi/12.3 rel1/bin/../lib/gcc/arm-none-eabi/12.3.1/thumb/v7e-m+fp/hard\libgcc.a
LOAD c:/program files (x86)/arm gnu toolchain arm-none-eabi/12.3 rel1/bin/../lib/gcc/arm-none-eabi/12.3.1/thumb/v7e-m+fp/hard\libc_nano.a
END GROUP
START GROUP
LOAD c:/program files (x86)/arm gnu toolchain arm-none-eabi/12.3 rel1/bin/../lib/gcc/arm-none-eabi/12.3.1/thumb/v7e-m+fp/hard\libgcc.a
LOAD c:/program files (x86)/arm gnu toolchain arm-none-eabi/12.3 rel1/bin/../lib/gcc/arm-none-eabi/12.3.1/thumb/v7e-m+fp/hard\libc_nano.a
END GROUP
LOAD c:/program files (x86)/arm gnu toolchain arm-none-eabi/12.3 rel1/bin/../lib/gcc/arm-none-eabi/12.3.1/thumb/v7e-m+fp/hard/crtend.o
LOAD c:/program files (x86)/arm gnu toolchain arm-none-eabi/12.3 rel1/bin/../lib/gcc/arm-none-eabi/12.3.1/thumb/v7e-m+fp/hard/crtn.o
                0x20008000                        _estack = (ORIGIN (RAM) + LENGTH (RAM))
                0x00000200                        _Min_Heap_Size = 0x200
                0x00000400                        _Min_Stack_Size = 0x400

.isr_vector     0x08000000      0x1d8
                0x08000000                        . = ALIGN (0x4)
 *(.isr_vector)
 .isr_vector    0x08000000      0x1d8 build/startup_stm32g431xx.o
                0x08000000                g_pfnVectors
                0x080001d8                        . = ALIGN (0x4)

.text           0x080001d8     0x3a40
                0x080001d8                        . = ALIGN (0x4)
 *(.text)
 .text          0x080001d8       0x30 c:/program files (x86)/arm gnu toolchain arm-none-eabi/12.3 rel1/bin/../lib/gcc/arm-none-eabi/12.3.1/thumb/v7e-m+fp/hard\libgcc.a(_aeabi_uldivmod.o)
                0x080001d8                __aeabi_uldivmod
 .text          0x08000208        0x4 c:/program files (x86)/arm gnu toolchain arm-none-eabi/12.3 rel1/bin/../lib/gcc/arm-none-eabi/12.3.1/thumb/v7e-m+fp/hard\libgcc.a(_dvmd_tls.o)
                0x08000208                __aeabi_idiv0
                0x08000208                __aeabi_ldiv0
 *(.text*)
 .text.deregister_tm_clones
                0x0800020c       0x1c c:/program files (x86)/arm gnu toolchain arm-none-eabi/12.3 rel1/bin/../lib/gcc/arm-none-eabi/12.3.1/thumb/v7e-m+fp/hard/crtbegin.o
 .text.register_tm_clones
                0x08000228       0x24 c:/program files (x86)/arm gnu toolchain arm-none-eabi/12.3 rel1/bin/../lib/gcc/arm-none-eabi/12.3.1/thumb/v7e-m+fp/hard/crtbegin.o
 .text.__do_global_dtors_aux
                0x0800024c       0x28 c:/program files (x86)/arm gnu toolchain arm-none-eabi/12.3 rel1/bin/../lib/gcc/arm-none-eabi/12.3.1/thumb/v7e-m+fp/hard/crtbegin.o
 .text.frame_dummy
                0x08000274       0x24 c:/program files (x86)/arm gnu toolchain arm-none-eabi/12.3 rel1/bin/../lib/gcc/arm-none-eabi/12.3.1/thumb/v7e-m+fp/hard/crtbegin.o
 .text.Error_Handler
                0x08000298        0x4 build/main.o
                0x08000298                Error_Handler
 .text.SystemClock_Config
                0x0800029c       0x70 build/main.o
                0x0800029c                SystemClock_Config
 .text.main     0x0800030c       0xdc build/main.o
                0x0800030c                main
 .text.MX_GPIO_Init
                0x080003e8       0x8c build/gpio.o
                0x080003e8                MX_GPIO_Init
 .text.MX_ADC1_Init
                0x08000474       0xe4 build/adc.o
                0x08000474                MX_ADC1_Init
 .text.HAL_ADC_MspInit
                0x08000558       0x84 build/adc.o
                0x08000558                HAL_ADC_MspInit
 .text.NMI_Handler
                0x080005dc        0x2 build/stm32g4xx_it.o
                0x080005dc                NMI_Handler
 .text.HardFault_Handler
                0x080005de        0x2 build/stm32g4xx_it.o
                0x080005de                HardFault_Handler
 .text.MemManage_Handler
                0x080005e0        0x2 build/stm32g4xx_it.o
                0x080005e0                MemManage_Handler
 .text.BusFault_Handler
                0x080005e2        0x2 build/stm32g4xx_it.o
                0x080005e2                BusFault_Handler
 .text.UsageFault_Handler
                0x080005e4        0x2 build/stm32g4xx_it.o
                0x080005e4                UsageFault_Handler
 .text.SVC_Handler
                0x080005e6        0x2 build/stm32g4xx_it.o
                0x080005e6                SVC_Handler
 .text.DebugMon_Handler
                0x080005e8        0x2 build/stm32g4xx_it.o
                0x080005e8                DebugMon_Handler
 .text.PendSV_Handler
                0x080005ea        0x2 build/stm32g4xx_it.o
                0x080005ea                PendSV_Handler
 .text.SysTick_Handler
                0x080005ec        0x8 build/stm32g4xx_it.o
                0x080005ec                SysTick_Handler
 .text.DMA1_Channel1_IRQHandler
                0x080005f4       0x10 build/stm32g4xx_it.o
                0x080005f4                DMA1_Channel1_IRQHandler
 .text.HAL_MspInit
                0x08000604       0x44 build/stm32g4xx_hal_msp.o
                0x08000604                HAL_MspInit
 .text.LL_ADC_REG_SetSequencerRanks
                0x08000648       0x30 build/stm32g4xx_hal_adc.o
 .text.LL_ADC_SetChannelSamplingTime
                0x08000678       0x2c build/stm32g4xx_hal_adc.o
 .text.HAL_ADC_Init
                0x080006a4      0x234 build/stm32g4xx_hal_adc.o
                0x080006a4                HAL_ADC_Init
 .text.HAL_ADC_ConfigChannel
                0x080008d8      0x460 build/stm32g4xx_hal_adc.o
                0x080008d8                HAL_ADC_ConfigChannel
 .text.HAL_ADCEx_MultiModeConfigChannel
                0x08000d38      0x114 build/stm32g4xx_hal_adc_ex.o
                0x08000d38                HAL_ADCEx_MultiModeConfigChannel
 .text.HAL_InitTick
                0x08000e4c       0x50 build/stm32g4xx_hal.o
                0x08000e4c                HAL_InitTick
 .text.HAL_Init
                0x08000e9c       0x1e build/stm32g4xx_hal.o
                0x08000e9c                HAL_Init
 *fill*         0x08000eba        0x2 
 .text.HAL_IncTick
                0x08000ebc       0x18 build/stm32g4xx_hal.o
                0x08000ebc                HAL_IncTick
 .text.HAL_GetTick
                0x08000ed4        0xc build/stm32g4xx_hal.o
                0x08000ed4                HAL_GetTick
 .text.HAL_Delay
                0x08000ee0       0x28 build/stm32g4xx_hal.o
                0x08000ee0                HAL_Delay
 .text.HAL_SYSCFG_VREFBUF_HighImpedanceConfig
                0x08000f08       0x14 build/stm32g4xx_hal.o
                0x08000f08                HAL_SYSCFG_VREFBUF_HighImpedanceConfig
 .text.HAL_SYSCFG_DisableVREFBUF
                0x08000f1c       0x10 build/stm32g4xx_hal.o
                0x08000f1c                HAL_SYSCFG_DisableVREFBUF
 .text.RCC_GetSysClockFreqFromPLLSource
                0x08000f2c       0x58 build/stm32g4xx_hal_rcc.o
 .text.HAL_RCC_OscConfig
                0x08000f84      0x4e4 build/stm32g4xx_hal_rcc.o
                0x08000f84                HAL_RCC_OscConfig
 .text.HAL_RCC_GetSysClockFreq
                0x08001468       0x88 build/stm32g4xx_hal_rcc.o
                0x08001468                HAL_RCC_GetSysClockFreq
 .text.HAL_RCC_ClockConfig
                0x080014f0      0x1f8 build/stm32g4xx_hal_rcc.o
                0x080014f0                HAL_RCC_ClockConfig
 .text.HAL_RCC_GetHCLKFreq
                0x080016e8        0xc build/stm32g4xx_hal_rcc.o
                0x080016e8                HAL_RCC_GetHCLKFreq
 .text.HAL_RCC_GetPCLK1Freq
                0x080016f4       0x24 build/stm32g4xx_hal_rcc.o
                0x080016f4                HAL_RCC_GetPCLK1Freq
 .text.HAL_RCC_GetPCLK2Freq
                0x08001718       0x24 build/stm32g4xx_hal_rcc.o
                0x08001718                HAL_RCC_GetPCLK2Freq
 .text.HAL_RCCEx_PeriphCLKConfig
                0x0800173c      0x2e4 build/stm32g4xx_hal_rcc_ex.o
                0x0800173c                HAL_RCCEx_PeriphCLKConfig
 .text.HAL_GPIO_Init
                0x08001a20      0x1d4 build/stm32g4xx_hal_gpio.o
                0x08001a20                HAL_GPIO_Init
 .text.HAL_GPIO_WritePin
                0x08001bf4        0xa build/stm32g4xx_hal_gpio.o
                0x08001bf4                HAL_GPIO_WritePin
 .text.HAL_GPIO_TogglePin
                0x08001bfe       0x12 build/stm32g4xx_hal_gpio.o
                0x08001bfe                HAL_GPIO_TogglePin
 .text.DMA_CalcDMAMUXChannelBaseAndMask
                0x08001c10       0x48 build/stm32g4xx_hal_dma.o
 .text.DMA_CalcDMAMUXRequestGenBaseAndMask
                0x08001c58       0x28 build/stm32g4xx_hal_dma.o
 .text.HAL_DMA_Init
                0x08001c80       0xd8 build/stm32g4xx_hal_dma.o
                0x08001c80                HAL_DMA_Init
 .text.HAL_DMA_IRQHandler
                0x08001d58       0xc4 build/stm32g4xx_hal_dma.o
                0x08001d58                HAL_DMA_IRQHandler
 .text.HAL_PWREx_ControlVoltageScaling
                0x08001e1c      0x10c build/stm32g4xx_hal_pwr_ex.o
                0x08001e1c                HAL_PWREx_ControlVoltageScaling
 .text.HAL_PWREx_DisableUCPDDeadBattery
                0x08001f28       0x10 build/stm32g4xx_hal_pwr_ex.o
                0x08001f28                HAL_PWREx_DisableUCPDDeadBattery
 .text.__NVIC_EnableIRQ
                0x08001f38       0x1c build/stm32g4xx_hal_cortex.o
 .text.__NVIC_SetPriority
                0x08001f54       0x28 build/stm32g4xx_hal_cortex.o
 .text.NVIC_EncodePriority
                0x08001f7c       0x3e build/stm32g4xx_hal_cortex.o
 *fill*         0x08001fba        0x2 
 .text.HAL_NVIC_SetPriorityGrouping
                0x08001fbc       0x24 build/stm32g4xx_hal_cortex.o
                0x08001fbc                HAL_NVIC_SetPriorityGrouping
 .text.HAL_NVIC_SetPriority
                0x08001fe0       0x20 build/stm32g4xx_hal_cortex.o
                0x08001fe0                HAL_NVIC_SetPriority
 .text.HAL_NVIC_EnableIRQ
                0x08002000        0x8 build/stm32g4xx_hal_cortex.o
                0x08002000                HAL_NVIC_EnableIRQ
 .text.HAL_SYSTICK_Config
                0x08002008       0x28 build/stm32g4xx_hal_cortex.o
                0x08002008                HAL_SYSTICK_Config
 .text.TIM_OC1_SetConfig
                0x08002030       0x9c build/stm32g4xx_hal_tim.o
 .text.TIM_OC3_SetConfig
                0x080020cc       0x8c build/stm32g4xx_hal_tim.o
 .text.TIM_OC4_SetConfig
                0x08002158       0x8c build/stm32g4xx_hal_tim.o
 .text.TIM_OC5_SetConfig
                0x080021e4       0x68 build/stm32g4xx_hal_tim.o
 .text.TIM_OC6_SetConfig
                0x0800224c       0x6c build/stm32g4xx_hal_tim.o
 .text.TIM_TI1_ConfigInputStage
                0x080022b8       0x26 build/stm32g4xx_hal_tim.o
 .text.TIM_TI2_ConfigInputStage
                0x080022de       0x28 build/stm32g4xx_hal_tim.o
 .text.TIM_ITRx_SetConfig
                0x08002306       0x14 build/stm32g4xx_hal_tim.o
 .text.HAL_TIM_PWM_MspInit
                0x0800231a        0x2 build/stm32g4xx_hal_tim.o
                0x0800231a                HAL_TIM_PWM_MspInit
 .text.TIM_Base_SetConfig
                0x0800231c       0xc8 build/stm32g4xx_hal_tim.o
                0x0800231c                TIM_Base_SetConfig
 .text.HAL_TIM_Base_Init
                0x080023e4       0x60 build/stm32g4xx_hal_tim.o
                0x080023e4                HAL_TIM_Base_Init
 .text.HAL_TIM_PWM_Init
                0x08002444       0x60 build/stm32g4xx_hal_tim.o
                0x08002444                HAL_TIM_PWM_Init
 .text.TIM_OC2_SetConfig
                0x080024a4       0x8c build/stm32g4xx_hal_tim.o
                0x080024a4                TIM_OC2_SetConfig
 .text.HAL_TIM_PWM_ConfigChannel
                0x08002530      0x13a build/stm32g4xx_hal_tim.o
                0x08002530                HAL_TIM_PWM_ConfigChannel
 .text.TIM_ETR_SetConfig
                0x0800266a       0x1a build/stm32g4xx_hal_tim.o
                0x0800266a                TIM_ETR_SetConfig
 .text.HAL_TIM_ConfigClockSource
                0x08002684      0x138 build/stm32g4xx_hal_tim.o
                0x08002684                HAL_TIM_ConfigClockSource
 .text.HAL_TIMEx_MasterConfigSynchronization
                0x080027bc       0x94 build/stm32g4xx_hal_tim_ex.o
                0x080027bc                HAL_TIMEx_MasterConfigSynchronization
 .text.HAL_TIMEx_ConfigBreakDeadTime
                0x08002850       0xa0 build/stm32g4xx_hal_tim_ex.o
                0x08002850                HAL_TIMEx_ConfigBreakDeadTime
 .text.SystemInit
                0x080028f0       0x14 build/system_stm32g4xx.o
                0x080028f0                SystemInit
 .text.MX_USART1_UART_Init
                0x08002904       0x68 build/usart.o
                0x08002904                MX_USART1_UART_Init
 .text.HAL_UART_MspInit
                0x0800296c       0xc0 build/usart.o
                0x0800296c                HAL_UART_MspInit
 .text.UART_EndRxTransfer
                0x08002a2c       0x56 build/stm32g4xx_hal_uart.o
 *fill*         0x08002a82        0x2 
 .text.UART_SetConfig
                0x08002a84      0x344 build/stm32g4xx_hal_uart.o
                0x08002a84                UART_SetConfig
 .text.UART_AdvFeatureConfig
                0x08002dc8       0xca build/stm32g4xx_hal_uart.o
                0x08002dc8                UART_AdvFeatureConfig
 .text.UART_WaitOnFlagUntilTimeout
                0x08002e92       0x9e build/stm32g4xx_hal_uart.o
                0x08002e92                UART_WaitOnFlagUntilTimeout
 .text.HAL_UART_Transmit
                0x08002f30       0xd2 build/stm32g4xx_hal_uart.o
                0x08002f30                HAL_UART_Transmit
 .text.UART_CheckIdleState
                0x08003002       0xca build/stm32g4xx_hal_uart.o
                0x08003002                UART_CheckIdleState
 .text.HAL_UART_Init
                0x080030cc       0x66 build/stm32g4xx_hal_uart.o
                0x080030cc                HAL_UART_Init
 *fill*         0x08003132        0x2 
 .text.UARTEx_SetNbDataToProcess
                0x08003134       0x4c build/stm32g4xx_hal_uart_ex.o
 .text.HAL_UARTEx_DisableFifoMode
                0x08003180       0x3e build/stm32g4xx_hal_uart_ex.o
                0x08003180                HAL_UARTEx_DisableFifoMode
 .text.HAL_UARTEx_SetTxFifoThreshold
                0x080031be       0x4a build/stm32g4xx_hal_uart_ex.o
                0x080031be                HAL_UARTEx_SetTxFifoThreshold
 .text.HAL_UARTEx_SetRxFifoThreshold
                0x08003208       0x4a build/stm32g4xx_hal_uart_ex.o
                0x08003208                HAL_UARTEx_SetRxFifoThreshold
 *fill*         0x08003252        0x2 
 .text.MX_FDCAN1_Init
                0x08003254       0x48 build/fdcan.o
                0x08003254                MX_FDCAN1_Init
 .text.HAL_FDCAN_MspInit
                0x0800329c       0xbc build/fdcan.o
                0x0800329c                HAL_FDCAN_MspInit
 .text.MX_SPI1_Init
                0x08003358       0x4c build/spi.o
                0x08003358                MX_SPI1_Init
 .text.HAL_SPI_MspInit
                0x080033a4       0x64 build/spi.o
                0x080033a4                HAL_SPI_MspInit
 .text.MX_TIM1_Init
                0x08003408       0xfc build/tim.o
                0x08003408                MX_TIM1_Init
 .text.HAL_TIM_Base_MspInit
                0x08003504       0x2c build/tim.o
                0x08003504                HAL_TIM_Base_MspInit
 .text.FDCAN_CalcultateRamBlockAddresses
                0x08003530       0x68 build/stm32g4xx_hal_fdcan.o
 .text.HAL_FDCAN_Init
                0x08003598      0x1d4 build/stm32g4xx_hal_fdcan.o
                0x08003598                HAL_FDCAN_Init
 .text.HAL_SPI_Init
                0x0800376c       0xe8 build/stm32g4xx_hal_spi.o
                0x0800376c                HAL_SPI_Init
 .text.MX_DMA_Init
                0x08003854       0x44 build/dma.o
                0x08003854                MX_DMA_Init
 .text.Reset_Handler
                0x08003898       0x50 build/startup_stm32g431xx.o
                0x08003898                Reset_Handler
 .text.Default_Handler
                0x080038e8        0x2 build/startup_stm32g431xx.o
                0x080038e8                RTC_Alarm_IRQHandler
                0x080038e8                EXTI2_IRQHandler
                0x080038e8                TIM8_TRG_COM_IRQHandler
                0x080038e8                TIM8_CC_IRQHandler
                0x080038e8                TIM1_CC_IRQHandler
                0x080038e8                USB_HP_IRQHandler
                0x080038e8                CORDIC_IRQHandler
                0x080038e8                EXTI3_IRQHandler
                0x080038e8                I2C3_ER_IRQHandler
                0x080038e8                EXTI0_IRQHandler
                0x080038e8                I2C2_EV_IRQHandler
                0x080038e8                FPU_IRQHandler
                0x080038e8                FDCAN1_IT1_IRQHandler
                0x080038e8                TIM1_UP_TIM16_IRQHandler
                0x080038e8                ADC1_2_IRQHandler
                0x080038e8                SPI1_IRQHandler
                0x080038e8                TIM6_DAC_IRQHandler
                0x080038e8                TIM8_UP_IRQHandler
                0x080038e8                DMA2_Channel2_IRQHandler
                0x080038e8                DMA1_Channel4_IRQHandler
                0x080038e8                USART3_IRQHandler
                0x080038e8                TIM4_IRQHandler
                0x080038e8                DMA2_Channel1_IRQHandler
                0x080038e8                I2C1_EV_IRQHandler
                0x080038e8                DMA1_Channel6_IRQHandler
                0x080038e8                UART4_IRQHandler
                0x080038e8                DMA2_Channel4_IRQHandler
                0x080038e8                TIM3_IRQHandler
                0x080038e8                RCC_IRQHandler
                0x080038e8                Default_Handler
                0x080038e8                RTC_TAMP_LSECSS_IRQHandler
                0x080038e8                FMAC_IRQHandler
                0x080038e8                EXTI15_10_IRQHandler
                0x080038e8                TIM7_IRQHandler
                0x080038e8                UCPD1_IRQHandler
                0x080038e8                I2C3_EV_IRQHandler
                0x080038e8                EXTI9_5_IRQHandler
                0x080038e8                RTC_WKUP_IRQHandler
                0x080038e8                PVD_PVM_IRQHandler
                0x080038e8                SPI2_IRQHandler
                0x080038e8                DMA2_Channel5_IRQHandler
                0x080038e8                CRS_IRQHandler
                0x080038e8                DMA1_Channel5_IRQHandler
                0x080038e8                USB_LP_IRQHandler
                0x080038e8                EXTI4_IRQHandler
                0x080038e8                RNG_IRQHandler
                0x080038e8                TIM1_TRG_COM_TIM17_IRQHandler
                0x080038e8                DMA1_Channel3_IRQHandler
                0x080038e8                WWDG_IRQHandler
                0x080038e8                LPUART1_IRQHandler
                0x080038e8                DMA2_Channel6_IRQHandler
                0x080038e8                FDCAN1_IT0_IRQHandler
                0x080038e8                TIM2_IRQHandler
                0x080038e8                COMP1_2_3_IRQHandler
                0x080038e8                EXTI1_IRQHandler
                0x080038e8                USART2_IRQHandler
                0x080038e8                I2C2_ER_IRQHandler
                0x080038e8                DMA1_Channel2_IRQHandler
                0x080038e8                TIM8_BRK_IRQHandler
                0x080038e8                FLASH_IRQHandler
                0x080038e8                USART1_IRQHandler
                0x080038e8                SPI3_IRQHandler
                0x080038e8                I2C1_ER_IRQHandler
                0x080038e8                LPTIM1_IRQHandler
                0x080038e8                DMAMUX_OVR_IRQHandler
                0x080038e8                USBWakeUp_IRQHandler
                0x080038e8                SAI1_IRQHandler
                0x080038e8                DMA2_Channel3_IRQHandler
                0x080038e8                COMP4_IRQHandler
                0x080038e8                TIM1_BRK_TIM15_IRQHandler
 .text.memset   0x080038ea       0x10 c:/program files (x86)/arm gnu toolchain arm-none-eabi/12.3 rel1/bin/../lib/gcc/arm-none-eabi/12.3.1/thumb/v7e-m+fp/hard\libc_nano.a(libc_a-memset.o)
                0x080038ea                memset
 *fill*         0x080038fa        0x2 
 .text.__libc_init_array
                0x080038fc       0x48 c:/program files (x86)/arm gnu toolchain arm-none-eabi/12.3 rel1/bin/../lib/gcc/arm-none-eabi/12.3.1/thumb/v7e-m+fp/hard\libc_nano.a(libc_a-init.o)
                0x080038fc                __libc_init_array
 .text.__udivmoddi4
                0x08003944      0x2bc c:/program files (x86)/arm gnu toolchain arm-none-eabi/12.3 rel1/bin/../lib/gcc/arm-none-eabi/12.3.1/thumb/v7e-m+fp/hard\libgcc.a(_udivmoddi4.o)
                0x08003944                __udivmoddi4
 *(.glue_7)
 .glue_7        0x08003c00        0x0 linker stubs
 *(.glue_7t)
 .glue_7t       0x08003c00        0x0 linker stubs
 *(.eh_frame)
 .eh_frame      0x08003c00        0x0 c:/program files (x86)/arm gnu toolchain arm-none-eabi/12.3 rel1/bin/../lib/gcc/arm-none-eabi/12.3.1/thumb/v7e-m+fp/hard/crtbegin.o
 *(.init)
 .init          0x08003c00        0x4 c:/program files (x86)/arm gnu toolchain arm-none-eabi/12.3 rel1/bin/../lib/gcc/arm-none-eabi/12.3.1/thumb/v7e-m+fp/hard/crti.o
                0x08003c00                _init
 .init          0x08003c04        0x8 c:/program files (x86)/arm gnu toolchain arm-none-eabi/12.3 rel1/bin/../lib/gcc/arm-none-eabi/12.3.1/thumb/v7e-m+fp/hard/crtn.o
 *(.fini)
 .fini          0x08003c0c        0x4 c:/program files (x86)/arm gnu toolchain arm-none-eabi/12.3 rel1/bin/../lib/gcc/arm-none-eabi/12.3.1/thumb/v7e-m+fp/hard/crti.o
                0x08003c0c                _fini
 .fini          0x08003c10        0x8 c:/program files (x86)/arm gnu toolchain arm-none-eabi/12.3 rel1/bin/../lib/gcc/arm-none-eabi/12.3.1/thumb/v7e-m+fp/hard/crtn.o
                0x08003c18                        . = ALIGN (0x4)
                0x08003c18                        _etext = .

.vfp11_veneer   0x08003c18        0x0
 .vfp11_veneer  0x08003c18        0x0 linker stubs

.v4_bx          0x08003c18        0x0
 .v4_bx         0x08003c18        0x0 linker stubs

.iplt           0x08003c18        0x0
 .iplt          0x08003c18        0x0 c:/program files (x86)/arm gnu toolchain arm-none-eabi/12.3 rel1/bin/../lib/gcc/arm-none-eabi/12.3.1/thumb/v7e-m+fp/hard/crtbegin.o

.rodata         0x08003c18       0x48
                0x08003c18                        . = ALIGN (0x4)
 *(.rodata)
 *(.rodata*)
 .rodata.main.str1.4
                0x08003c18        0x7 build/main.o
 *fill*         0x08003c1f        0x1 
 .rodata.APBPrescTable
                0x08003c20        0x8 build/system_stm32g4xx.o
                0x08003c20                APBPrescTable
 .rodata.AHBPrescTable
                0x08003c28       0x10 build/system_stm32g4xx.o
                0x08003c28                AHBPrescTable
 .rodata.UARTPrescTable
                0x08003c38       0x18 build/stm32g4xx_hal_uart.o
                0x08003c38                UARTPrescTable
 .rodata.denominator.0
                0x08003c50        0x8 build/stm32g4xx_hal_uart_ex.o
 .rodata.numerator.1
                0x08003c58        0x8 build/stm32g4xx_hal_uart_ex.o
                0x08003c60                        . = ALIGN (0x4)

.ARM.extab
 *(.ARM.extab* .gnu.linkonce.armextab.*)

.ARM            0x08003c60        0x8
                0x08003c60                        __exidx_start = .
 *(.ARM.exidx*)
 .ARM.exidx.text.__udivmoddi4
                0x08003c60        0x8 c:/program files (x86)/arm gnu toolchain arm-none-eabi/12.3 rel1/bin/../lib/gcc/arm-none-eabi/12.3.1/thumb/v7e-m+fp/hard\libgcc.a(_udivmoddi4.o)
                0x08003c68                        __exidx_end = .

.rel.dyn        0x08003c68        0x0
 .rel.iplt      0x08003c68        0x0 c:/program files (x86)/arm gnu toolchain arm-none-eabi/12.3 rel1/bin/../lib/gcc/arm-none-eabi/12.3.1/thumb/v7e-m+fp/hard/crtbegin.o

.preinit_array  0x08003c68        0x0
                0x08003c68                        PROVIDE (__preinit_array_start = .)
 *(.preinit_array*)
                0x08003c68                        PROVIDE (__preinit_array_end = .)

.init_array     0x08003c68        0x4
                0x08003c68                        PROVIDE (__init_array_start = .)
 *(SORT_BY_NAME(.init_array.*))
 *(.init_array*)
 .init_array    0x08003c68        0x4 c:/program files (x86)/arm gnu toolchain arm-none-eabi/12.3 rel1/bin/../lib/gcc/arm-none-eabi/12.3.1/thumb/v7e-m+fp/hard/crtbegin.o
                0x08003c6c                        PROVIDE (__init_array_end = .)

.fini_array     0x08003c6c        0x4
                [!provide]                        PROVIDE (__fini_array_start = .)
 *(SORT_BY_NAME(.fini_array.*))
 *(.fini_array*)
 .fini_array    0x08003c6c        0x4 c:/program files (x86)/arm gnu toolchain arm-none-eabi/12.3 rel1/bin/../lib/gcc/arm-none-eabi/12.3.1/thumb/v7e-m+fp/hard/crtbegin.o
                [!provide]                        PROVIDE (__fini_array_end = .)
                0x08003c70                        _sidata = LOADADDR (.data)

.data           0x20000000        0xc load address 0x08003c70
                0x20000000                        . = ALIGN (0x4)
                0x20000000                        _sdata = .
 *(.data)
 *(.data*)
 .data.uwTickFreq
                0x20000000        0x4 build/stm32g4xx_hal.o
                0x20000000                uwTickFreq
 .data.uwTickPrio
                0x20000004        0x4 build/stm32g4xx_hal.o
                0x20000004                uwTickPrio
 .data.SystemCoreClock
                0x20000008        0x4 build/system_stm32g4xx.o
                0x20000008                SystemCoreClock
                0x2000000c                        . = ALIGN (0x4)
                0x2000000c                        _edata = .

.tm_clone_table
                0x2000000c        0x0 load address 0x08003c7c
 .tm_clone_table
                0x2000000c        0x0 c:/program files (x86)/arm gnu toolchain arm-none-eabi/12.3 rel1/bin/../lib/gcc/arm-none-eabi/12.3.1/thumb/v7e-m+fp/hard/crtbegin.o
 .tm_clone_table
                0x2000000c        0x0 c:/program files (x86)/arm gnu toolchain arm-none-eabi/12.3 rel1/bin/../lib/gcc/arm-none-eabi/12.3.1/thumb/v7e-m+fp/hard/crtend.o

.igot.plt       0x2000000c        0x0 load address 0x08003c7c
 .igot.plt      0x2000000c        0x0 c:/program files (x86)/arm gnu toolchain arm-none-eabi/12.3 rel1/bin/../lib/gcc/arm-none-eabi/12.3.1/thumb/v7e-m+fp/hard/crtbegin.o
                0x2000000c                        . = ALIGN (0x4)

.bss            0x2000000c      0x294 load address 0x08003c7c
                0x2000000c                        _sbss = .
                0x2000000c                        __bss_start__ = _sbss
 *(.bss)
 *(.bss*)
 .bss.completed.1
                0x2000000c        0x1 c:/program files (x86)/arm gnu toolchain arm-none-eabi/12.3 rel1/bin/../lib/gcc/arm-none-eabi/12.3.1/thumb/v7e-m+fp/hard/crtbegin.o
 *fill*         0x2000000d        0x3 
 .bss.object.0  0x20000010       0x18 c:/program files (x86)/arm gnu toolchain arm-none-eabi/12.3 rel1/bin/../lib/gcc/arm-none-eabi/12.3.1/thumb/v7e-m+fp/hard/crtbegin.o
 .bss.hadc1     0x20000028       0x6c build/adc.o
                0x20000028                hadc1
 .bss.uwTick    0x20000094        0x4 build/stm32g4xx_hal.o
                0x20000094                uwTick
 .bss.hdma_usart1_rx
                0x20000098       0x60 build/usart.o
                0x20000098                hdma_usart1_rx
 .bss.huart1    0x200000f8       0x94 build/usart.o
                0x200000f8                huart1
 .bss.hfdcan1   0x2000018c       0x64 build/fdcan.o
                0x2000018c                hfdcan1
 .bss.hspi1     0x200001f0       0x64 build/spi.o
                0x200001f0                hspi1
 .bss.htim1     0x20000254       0x4c build/tim.o
                0x20000254                htim1
 *(COMMON)
                0x200002a0                        . = ALIGN (0x4)
                0x200002a0                        _ebss = .
                0x200002a0                        __bss_end__ = _ebss

._user_heap_stack
                0x200002a0      0x600 load address 0x08003c7c
                0x200002a0                        . = ALIGN (0x8)
                0x200002a0                        PROVIDE (end = .)
                [!provide]                        PROVIDE (_end = .)
                0x200004a0                        . = (. + _Min_Heap_Size)
 *fill*         0x200002a0      0x200 
                0x200008a0                        . = (. + _Min_Stack_Size)
 *fill*         0x200004a0      0x400 
                0x200008a0                        . = ALIGN (0x8)

/DISCARD/
 libc.a(*)
 libm.a(*)
 libgcc.a(*)

.ARM.attributes
                0x00000000       0x30
 *(.ARM.attributes)
 .ARM.attributes
                0x00000000       0x22 c:/program files (x86)/arm gnu toolchain arm-none-eabi/12.3 rel1/bin/../lib/gcc/arm-none-eabi/12.3.1/thumb/v7e-m+fp/hard/crti.o
 .ARM.attributes
                0x00000022       0x34 c:/program files (x86)/arm gnu toolchain arm-none-eabi/12.3 rel1/bin/../lib/gcc/arm-none-eabi/12.3.1/thumb/v7e-m+fp/hard/crtbegin.o
 .ARM.attributes
                0x00000056       0x34 build/main.o
 .ARM.attributes
                0x0000008a       0x34 build/gpio.o
 .ARM.attributes
                0x000000be       0x34 build/adc.o
 .ARM.attributes
                0x000000f2       0x34 build/stm32g4xx_it.o
 .ARM.attributes
                0x00000126       0x34 build/stm32g4xx_hal_msp.o
 .ARM.attributes
                0x0000015a       0x34 build/stm32g4xx_hal_adc.o
 .ARM.attributes
                0x0000018e       0x34 build/stm32g4xx_hal_adc_ex.o
 .ARM.attributes
                0x000001c2       0x34 build/stm32g4xx_hal.o
 .ARM.attributes
                0x000001f6       0x34 build/stm32g4xx_hal_rcc.o
 .ARM.attributes
                0x0000022a       0x34 build/stm32g4xx_hal_rcc_ex.o
 .ARM.attributes
                0x0000025e       0x34 build/stm32g4xx_hal_gpio.o
 .ARM.attributes
                0x00000292       0x34 build/stm32g4xx_hal_dma.o
 .ARM.attributes
                0x000002c6       0x34 build/stm32g4xx_hal_pwr_ex.o
 .ARM.attributes
                0x000002fa       0x34 build/stm32g4xx_hal_cortex.o
 .ARM.attributes
                0x0000032e       0x34 build/stm32g4xx_hal_tim.o
 .ARM.attributes
                0x00000362       0x34 build/stm32g4xx_hal_tim_ex.o
 .ARM.attributes
                0x00000396       0x34 build/system_stm32g4xx.o
 .ARM.attributes
                0x000003ca       0x34 build/usart.o
 .ARM.attributes
                0x000003fe       0x34 build/stm32g4xx_hal_uart.o
 .ARM.attributes
                0x00000432       0x34 build/stm32g4xx_hal_uart_ex.o
 .ARM.attributes
                0x00000466       0x34 build/fdcan.o
 .ARM.attributes
                0x0000049a       0x34 build/spi.o
 .ARM.attributes
                0x000004ce       0x34 build/tim.o
 .ARM.attributes
                0x00000502       0x34 build/stm32g4xx_hal_fdcan.o
 .ARM.attributes
                0x00000536       0x34 build/stm32g4xx_hal_spi.o
 .ARM.attributes
                0x0000056a       0x34 build/dma.o
 .ARM.attributes
                0x0000059e       0x21 build/startup_stm32g431xx.o
 .ARM.attributes
                0x000005bf       0x34 c:/program files (x86)/arm gnu toolchain arm-none-eabi/12.3 rel1/bin/../lib/gcc/arm-none-eabi/12.3.1/thumb/v7e-m+fp/hard\libc_nano.a(libc_a-memset.o)
 .ARM.attributes
                0x000005f3       0x34 c:/program files (x86)/arm gnu toolchain arm-none-eabi/12.3 rel1/bin/../lib/gcc/arm-none-eabi/12.3.1/thumb/v7e-m+fp/hard\libc_nano.a(libc_a-init.o)
 .ARM.attributes
                0x00000627       0x22 c:/program files (x86)/arm gnu toolchain arm-none-eabi/12.3 rel1/bin/../lib/gcc/arm-none-eabi/12.3.1/thumb/v7e-m+fp/hard\libgcc.a(_aeabi_uldivmod.o)
 .ARM.attributes
                0x00000649       0x34 c:/program files (x86)/arm gnu toolchain arm-none-eabi/12.3 rel1/bin/../lib/gcc/arm-none-eabi/12.3.1/thumb/v7e-m+fp/hard\libgcc.a(_udivmoddi4.o)
 .ARM.attributes
                0x0000067d       0x22 c:/program files (x86)/arm gnu toolchain arm-none-eabi/12.3 rel1/bin/../lib/gcc/arm-none-eabi/12.3.1/thumb/v7e-m+fp/hard\libgcc.a(_dvmd_tls.o)
 .ARM.attributes
                0x0000069f       0x34 c:/program files (x86)/arm gnu toolchain arm-none-eabi/12.3 rel1/bin/../lib/gcc/arm-none-eabi/12.3.1/thumb/v7e-m+fp/hard/crtend.o
 .ARM.attributes
                0x000006d3       0x22 c:/program files (x86)/arm gnu toolchain arm-none-eabi/12.3 rel1/bin/../lib/gcc/arm-none-eabi/12.3.1/thumb/v7e-m+fp/hard/crtn.o
OUTPUT(build/Target.elf elf32-littlearm)
LOAD linker stubs
LOAD c:/program files (x86)/arm gnu toolchain arm-none-eabi/12.3 rel1/bin/../lib/gcc/arm-none-eabi/12.3.1/thumb/v7e-m+fp/hard\libc.a
LOAD c:/program files (x86)/arm gnu toolchain arm-none-eabi/12.3 rel1/bin/../lib/gcc/arm-none-eabi/12.3.1/thumb/v7e-m+fp/hard\libm.a
LOAD c:/program files (x86)/arm gnu toolchain arm-none-eabi/12.3 rel1/bin/../lib/gcc/arm-none-eabi/12.3.1/thumb/v7e-m+fp/hard\libgcc.a

.debug_info     0x00000000    0x26bd8
 .debug_info    0x00000000      0xf6c build/main.o
 .debug_info    0x00000f6c      0x5bc build/gpio.o
 .debug_info    0x00001528     0x127d build/adc.o
 .debug_info    0x000027a5      0x567 build/stm32g4xx_it.o
 .debug_info    0x00002d0c      0x3d8 build/stm32g4xx_hal_msp.o
 .debug_info    0x000030e4     0x3880 build/stm32g4xx_hal_adc.o
 .debug_info    0x00006964     0x315c build/stm32g4xx_hal_adc_ex.o
 .debug_info    0x00009ac0      0xd0f build/stm32g4xx_hal.o
 .debug_info    0x0000a7cf      0xff5 build/stm32g4xx_hal_rcc.o
 .debug_info    0x0000b7c4     0x1047 build/stm32g4xx_hal_rcc_ex.o
 .debug_info    0x0000c80b      0x92d build/stm32g4xx_hal_gpio.o
 .debug_info    0x0000d138      0xae8 build/stm32g4xx_hal_dma.o
 .debug_info    0x0000dc20      0xb1d build/stm32g4xx_hal_pwr_ex.o
 .debug_info    0x0000e73d     0x10fd build/stm32g4xx_hal_cortex.o
 .debug_info    0x0000f83a     0x444f build/stm32g4xx_hal_tim.o
 .debug_info    0x00013c89     0x2879 build/stm32g4xx_hal_tim_ex.o
 .debug_info    0x00016502      0x649 build/system_stm32g4xx.o
 .debug_info    0x00016b4b     0x10dd build/usart.o
 .debug_info    0x00017c28     0x66bb build/stm32g4xx_hal_uart.o
 .debug_info    0x0001e2e3     0x1423 build/stm32g4xx_hal_uart_ex.o
 .debug_info    0x0001f706      0xdb9 build/fdcan.o
 .debug_info    0x000204bf      0xd0b build/spi.o
 .debug_info    0x000211ca     0x103b build/tim.o
 .debug_info    0x00022205     0x1f44 build/stm32g4xx_hal_fdcan.o
 .debug_info    0x00024149     0x2483 build/stm32g4xx_hal_spi.o
 .debug_info    0x000265cc      0x5dc build/dma.o
 .debug_info    0x00026ba8       0x30 build/startup_stm32g431xx.o

.debug_abbrev   0x00000000     0x3d9a
 .debug_abbrev  0x00000000      0x24f build/main.o
 .debug_abbrev  0x0000024f      0x160 build/gpio.o
 .debug_abbrev  0x000003af      0x207 build/adc.o
 .debug_abbrev  0x000005b6      0x16b build/stm32g4xx_it.o
 .debug_abbrev  0x00000721      0x10b build/stm32g4xx_hal_msp.o
 .debug_abbrev  0x0000082c      0x33e build/stm32g4xx_hal_adc.o
 .debug_abbrev  0x00000b6a      0x3db build/stm32g4xx_hal_adc_ex.o
 .debug_abbrev  0x00000f45      0x298 build/stm32g4xx_hal.o
 .debug_abbrev  0x000011dd      0x2de build/stm32g4xx_hal_rcc.o
 .debug_abbrev  0x000014bb      0x290 build/stm32g4xx_hal_rcc_ex.o
 .debug_abbrev  0x0000174b      0x222 build/stm32g4xx_hal_gpio.o
 .debug_abbrev  0x0000196d      0x250 build/stm32g4xx_hal_dma.o
 .debug_abbrev  0x00001bbd      0x263 build/stm32g4xx_hal_pwr_ex.o
 .debug_abbrev  0x00001e20      0x3ca build/stm32g4xx_hal_cortex.o
 .debug_abbrev  0x000021ea      0x2cc build/stm32g4xx_hal_tim.o
 .debug_abbrev  0x000024b6      0x2db build/stm32g4xx_hal_tim_ex.o
 .debug_abbrev  0x00002791      0x11b build/system_stm32g4xx.o
 .debug_abbrev  0x000028ac      0x226 build/usart.o
 .debug_abbrev  0x00002ad2      0x35c build/stm32g4xx_hal_uart.o
 .debug_abbrev  0x00002e2e      0x351 build/stm32g4xx_hal_uart_ex.o
 .debug_abbrev  0x0000317f      0x1df build/fdcan.o
 .debug_abbrev  0x0000335e      0x208 build/spi.o
 .debug_abbrev  0x00003566      0x20f build/tim.o
 .debug_abbrev  0x00003775      0x232 build/stm32g4xx_hal_fdcan.o
 .debug_abbrev  0x000039a7      0x2b9 build/stm32g4xx_hal_spi.o
 .debug_abbrev  0x00003c60      0x11d build/dma.o
 .debug_abbrev  0x00003d7d       0x1d build/startup_stm32g431xx.o

.debug_loc      0x00000000    0x1ddbd
 .debug_loc     0x00000000       0x66 build/main.o
 .debug_loc     0x00000066       0x38 build/gpio.o
 .debug_loc     0x0000009e      0x10e build/adc.o
 .debug_loc     0x000001ac       0x40 build/stm32g4xx_it.o
 .debug_loc     0x000001ec       0x38 build/stm32g4xx_hal_msp.o
 .debug_loc     0x00000224     0x29d0 build/stm32g4xx_hal_adc.o
 .debug_loc     0x00002bf4     0x2794 build/stm32g4xx_hal_adc_ex.o
 .debug_loc     0x00005388      0x2af build/stm32g4xx_hal.o
 .debug_loc     0x00005637      0x999 build/stm32g4xx_hal_rcc.o
 .debug_loc     0x00005fd0     0x13ad build/stm32g4xx_hal_rcc_ex.o
 .debug_loc     0x0000737d      0x46f build/stm32g4xx_hal_gpio.o
 .debug_loc     0x000077ec      0x9d0 build/stm32g4xx_hal_dma.o
 .debug_loc     0x000081bc      0x890 build/stm32g4xx_hal_pwr_ex.o
 .debug_loc     0x00008a4c      0x7b9 build/stm32g4xx_hal_cortex.o
 .debug_loc     0x00009205     0x6338 build/stm32g4xx_hal_tim.o
 .debug_loc     0x0000f53d     0x3328 build/stm32g4xx_hal_tim_ex.o
 .debug_loc     0x00012865       0x9d build/system_stm32g4xx.o
 .debug_loc     0x00012902       0xda build/usart.o
 .debug_loc     0x000129dc     0x61f3 build/stm32g4xx_hal_uart.o
 .debug_loc     0x00018bcf      0xe2e build/stm32g4xx_hal_uart_ex.o
 .debug_loc     0x000199fd      0x124 build/fdcan.o
 .debug_loc     0x00019b21      0x108 build/spi.o
 .debug_loc     0x00019c29       0x72 build/tim.o
 .debug_loc     0x00019c9b     0x177a build/stm32g4xx_hal_fdcan.o
 .debug_loc     0x0001b415     0x2970 build/stm32g4xx_hal_spi.o
 .debug_loc     0x0001dd85       0x38 build/dma.o

.debug_aranges  0x00000000     0x16e0
 .debug_aranges
                0x00000000       0x30 build/main.o
 .debug_aranges
                0x00000030       0x20 build/gpio.o
 .debug_aranges
                0x00000050       0x30 build/adc.o
 .debug_aranges
                0x00000080       0x68 build/stm32g4xx_it.o
 .debug_aranges
                0x000000e8       0x20 build/stm32g4xx_hal_msp.o
 .debug_aranges
                0x00000108      0x120 build/stm32g4xx_hal_adc.o
 .debug_aranges
                0x00000228      0x100 build/stm32g4xx_hal_adc_ex.o
 .debug_aranges
                0x00000328      0x148 build/stm32g4xx_hal.o
 .debug_aranges
                0x00000470       0x98 build/stm32g4xx_hal_rcc.o
 .debug_aranges
                0x00000508       0xb0 build/stm32g4xx_hal_rcc_ex.o
 .debug_aranges
                0x000005b8       0x58 build/stm32g4xx_hal_gpio.o
 .debug_aranges
                0x00000610       0x90 build/stm32g4xx_hal_dma.o
 .debug_aranges
                0x000006a0      0x140 build/stm32g4xx_hal_pwr_ex.o
 .debug_aranges
                0x000007e0       0xe0 build/stm32g4xx_hal_cortex.o
 .debug_aranges
                0x000008c0      0x3e0 build/stm32g4xx_hal_tim.o
 .debug_aranges
                0x00000ca0      0x240 build/stm32g4xx_hal_tim_ex.o
 .debug_aranges
                0x00000ee0       0x28 build/system_stm32g4xx.o
 .debug_aranges
                0x00000f08       0x30 build/usart.o
 .debug_aranges
                0x00000f38      0x248 build/stm32g4xx_hal_uart.o
 .debug_aranges
                0x00001180       0xa8 build/stm32g4xx_hal_uart_ex.o
 .debug_aranges
                0x00001228       0x30 build/fdcan.o
 .debug_aranges
                0x00001258       0x30 build/spi.o
 .debug_aranges
                0x00001288       0x30 build/tim.o
 .debug_aranges
                0x000012b8      0x208 build/stm32g4xx_hal_fdcan.o
 .debug_aranges
                0x000014c0      0x1d8 build/stm32g4xx_hal_spi.o
 .debug_aranges
                0x00001698       0x20 build/dma.o
 .debug_aranges
                0x000016b8       0x28 build/startup_stm32g431xx.o

.debug_ranges   0x00000000     0x17c0
 .debug_ranges  0x00000000       0x20 build/main.o
 .debug_ranges  0x00000020       0x10 build/gpio.o
 .debug_ranges  0x00000030       0x20 build/adc.o
 .debug_ranges  0x00000050       0x58 build/stm32g4xx_it.o
 .debug_ranges  0x000000a8       0x10 build/stm32g4xx_hal_msp.o
 .debug_ranges  0x000000b8      0x248 build/stm32g4xx_hal_adc.o
 .debug_ranges  0x00000300      0x1f8 build/stm32g4xx_hal_adc_ex.o
 .debug_ranges  0x000004f8      0x138 build/stm32g4xx_hal.o
 .debug_ranges  0x00000630       0xa0 build/stm32g4xx_hal_rcc.o
 .debug_ranges  0x000006d0       0xb8 build/stm32g4xx_hal_rcc_ex.o
 .debug_ranges  0x00000788       0x48 build/stm32g4xx_hal_gpio.o
 .debug_ranges  0x000007d0       0x80 build/stm32g4xx_hal_dma.o
 .debug_ranges  0x00000850      0x130 build/stm32g4xx_hal_pwr_ex.o
 .debug_ranges  0x00000980       0xd0 build/stm32g4xx_hal_cortex.o
 .debug_ranges  0x00000a50      0x3d0 build/stm32g4xx_hal_tim.o
 .debug_ranges  0x00000e20      0x230 build/stm32g4xx_hal_tim_ex.o
 .debug_ranges  0x00001050       0x18 build/system_stm32g4xx.o
 .debug_ranges  0x00001068       0x20 build/usart.o
 .debug_ranges  0x00001088      0x238 build/stm32g4xx_hal_uart.o
 .debug_ranges  0x000012c0       0xb0 build/stm32g4xx_hal_uart_ex.o
 .debug_ranges  0x00001370       0x20 build/fdcan.o
 .debug_ranges  0x00001390       0x20 build/spi.o
 .debug_ranges  0x000013b0       0x20 build/tim.o
 .debug_ranges  0x000013d0      0x1f8 build/stm32g4xx_hal_fdcan.o
 .debug_ranges  0x000015c8      0x1c8 build/stm32g4xx_hal_spi.o
 .debug_ranges  0x00001790       0x10 build/dma.o
 .debug_ranges  0x000017a0       0x20 build/startup_stm32g431xx.o

.debug_line     0x00000000    0x1d9b9
 .debug_line    0x00000000      0x3d0 build/main.o
 .debug_line    0x000003d0      0x1ee build/gpio.o
 .debug_line    0x000005be      0x42a build/adc.o
 .debug_line    0x000009e8      0x2d4 build/stm32g4xx_it.o
 .debug_line    0x00000cbc      0x1c8 build/stm32g4xx_hal_msp.o
 .debug_line    0x00000e84     0x23c1 build/stm32g4xx_hal_adc.o
 .debug_line    0x00003245     0x1e99 build/stm32g4xx_hal_adc_ex.o
 .debug_line    0x000050de      0x6e5 build/stm32g4xx_hal.o
 .debug_line    0x000057c3      0xdfd build/stm32g4xx_hal_rcc.o
 .debug_line    0x000065c0     0x1068 build/stm32g4xx_hal_rcc_ex.o
 .debug_line    0x00007628      0x6b2 build/stm32g4xx_hal_gpio.o
 .debug_line    0x00007cda      0xc77 build/stm32g4xx_hal_dma.o
 .debug_line    0x00008951      0xa54 build/stm32g4xx_hal_pwr_ex.o
 .debug_line    0x000093a5      0x81f build/stm32g4xx_hal_cortex.o
 .debug_line    0x00009bc4     0x5064 build/stm32g4xx_hal_tim.o
 .debug_line    0x0000ec28     0x25b8 build/stm32g4xx_hal_tim_ex.o
 .debug_line    0x000111e0      0x25c build/system_stm32g4xx.o
 .debug_line    0x0001143c      0x3e1 build/usart.o
 .debug_line    0x0001181d     0x641c build/stm32g4xx_hal_uart.o
 .debug_line    0x00017c39      0xcaa build/stm32g4xx_hal_uart_ex.o
 .debug_line    0x000188e3      0x3b6 build/fdcan.o
 .debug_line    0x00018c99      0x306 build/spi.o
 .debug_line    0x00018f9f      0x3c4 build/tim.o
 .debug_line    0x00019363     0x1a48 build/stm32g4xx_hal_fdcan.o
 .debug_line    0x0001adab     0x29f2 build/stm32g4xx_hal_spi.o
 .debug_line    0x0001d79d      0x1a5 build/dma.o
 .debug_line    0x0001d942       0x77 build/startup_stm32g431xx.o

.debug_str      0x00000000     0x7a70
 .debug_str     0x00000000      0x8f1 build/main.o
                                0x9e8 (size before relaxing)
 .debug_str     0x000008f1      0x1a8 build/gpio.o
                                0x3a4 (size before relaxing)
 .debug_str     0x00000a99      0x4b1 build/adc.o
                                0xbec (size before relaxing)
 .debug_str     0x00000f4a       0xef build/stm32g4xx_it.o
                                0x52c (size before relaxing)
 .debug_str     0x00001039       0x8b build/stm32g4xx_hal_msp.o
                                0x347 (size before relaxing)
 .debug_str     0x000010c4      0xa1c build/stm32g4xx_hal_adc.o
                               0x12c1 (size before relaxing)
 .debug_str     0x00001ae0      0x5e5 build/stm32g4xx_hal_adc_ex.o
                               0x12c9 (size before relaxing)
 .debug_str     0x000020c5      0x899 build/stm32g4xx_hal.o
                                0xc44 (size before relaxing)
 .debug_str     0x0000295e      0x300 build/stm32g4xx_hal_rcc.o
                                0x807 (size before relaxing)
 .debug_str     0x00002c5e      0x3b9 build/stm32g4xx_hal_rcc_ex.o
                                0x9ee (size before relaxing)
 .debug_str     0x00003017       0xb4 build/stm32g4xx_hal_gpio.o
                                0x518 (size before relaxing)
 .debug_str     0x000030cb      0x299 build/stm32g4xx_hal_dma.o
                                0x779 (size before relaxing)
 .debug_str     0x00003364      0x4c3 build/stm32g4xx_hal_pwr_ex.o
                                0x7ba (size before relaxing)
 .debug_str     0x00003827      0x441 build/stm32g4xx_hal_cortex.o
                                0xb62 (size before relaxing)
 .debug_str     0x00003c68     0x12cb build/stm32g4xx_hal_tim.o
                               0x187d (size before relaxing)
 .debug_str     0x00004f33      0x958 build/stm32g4xx_hal_tim_ex.o
                               0x14f0 (size before relaxing)
 .debug_str     0x0000588b       0x3d build/system_stm32g4xx.o
                                0x39f (size before relaxing)
 .debug_str     0x000058c8       0xa5 build/usart.o
                                0xb86 (size before relaxing)
 .debug_str     0x0000596d      0x86d build/stm32g4xx_hal_uart.o
                               0x1202 (size before relaxing)
 .debug_str     0x000061da      0x23f build/stm32g4xx_hal_uart_ex.o
                                0xb36 (size before relaxing)
 .debug_str     0x00006419      0x322 build/fdcan.o
                                0x8f6 (size before relaxing)
 .debug_str     0x0000673b      0x1d5 build/spi.o
                                0x8da (size before relaxing)
 .debug_str     0x00006910       0x2e build/tim.o
                                0xc17 (size before relaxing)
 .debug_str     0x0000693e      0xbcf build/stm32g4xx_hal_fdcan.o
                               0x1205 (size before relaxing)
 .debug_str     0x0000750d      0x522 build/stm32g4xx_hal_spi.o
                                0xcbe (size before relaxing)
 .debug_str     0x00007a2f        0xf build/dma.o
                                0x75e (size before relaxing)
 .debug_str     0x00007a3e       0x32 build/startup_stm32g431xx.o
                                 0x56 (size before relaxing)

.comment        0x00000000       0x45
 .comment       0x00000000       0x45 build/main.o
                                 0x46 (size before relaxing)
 .comment       0x00000045       0x46 build/gpio.o
 .comment       0x00000045       0x46 build/adc.o
 .comment       0x00000045       0x46 build/stm32g4xx_it.o
 .comment       0x00000045       0x46 build/stm32g4xx_hal_msp.o
 .comment       0x00000045       0x46 build/stm32g4xx_hal_adc.o
 .comment       0x00000045       0x46 build/stm32g4xx_hal_adc_ex.o
 .comment       0x00000045       0x46 build/stm32g4xx_hal.o
 .comment       0x00000045       0x46 build/stm32g4xx_hal_rcc.o
 .comment       0x00000045       0x46 build/stm32g4xx_hal_rcc_ex.o
 .comment       0x00000045       0x46 build/stm32g4xx_hal_gpio.o
 .comment       0x00000045       0x46 build/stm32g4xx_hal_dma.o
 .comment       0x00000045       0x46 build/stm32g4xx_hal_pwr_ex.o
 .comment       0x00000045       0x46 build/stm32g4xx_hal_cortex.o
 .comment       0x00000045       0x46 build/stm32g4xx_hal_tim.o
 .comment       0x00000045       0x46 build/stm32g4xx_hal_tim_ex.o
 .comment       0x00000045       0x46 build/system_stm32g4xx.o
 .comment       0x00000045       0x46 build/usart.o
 .comment       0x00000045       0x46 build/stm32g4xx_hal_uart.o
 .comment       0x00000045       0x46 build/stm32g4xx_hal_uart_ex.o
 .comment       0x00000045       0x46 build/fdcan.o
 .comment       0x00000045       0x46 build/spi.o
 .comment       0x00000045       0x46 build/tim.o
 .comment       0x00000045       0x46 build/stm32g4xx_hal_fdcan.o
 .comment       0x00000045       0x46 build/stm32g4xx_hal_spi.o
 .comment       0x00000045       0x46 build/dma.o

.debug_frame    0x00000000     0x3b84
 .debug_frame   0x00000000       0x58 build/main.o
 .debug_frame   0x00000058       0x34 build/gpio.o
 .debug_frame   0x0000008c       0x6c build/adc.o
 .debug_frame   0x000000f8       0xc0 build/stm32g4xx_it.o
 .debug_frame   0x000001b8       0x2c build/stm32g4xx_hal_msp.o
 .debug_frame   0x000001e4      0x340 build/stm32g4xx_hal_adc.o
 .debug_frame   0x00000524      0x2f0 build/stm32g4xx_hal_adc_ex.o
 .debug_frame   0x00000814      0x2a4 build/stm32g4xx_hal.o
 .debug_frame   0x00000ab8      0x198 build/stm32g4xx_hal_rcc.o
 .debug_frame   0x00000c50      0x1a0 build/stm32g4xx_hal_rcc_ex.o
 .debug_frame   0x00000df0       0xd0 build/stm32g4xx_hal_gpio.o
 .debug_frame   0x00000ec0      0x170 build/stm32g4xx_hal_dma.o
 .debug_frame   0x00001030      0x268 build/stm32g4xx_hal_pwr_ex.o
 .debug_frame   0x00001298      0x1e4 build/stm32g4xx_hal_cortex.o
 .debug_frame   0x0000147c      0xb58 build/stm32g4xx_hal_tim.o
 .debug_frame   0x00001fd4      0x61c build/stm32g4xx_hal_tim_ex.o
 .debug_frame   0x000025f0       0x30 build/system_stm32g4xx.o
 .debug_frame   0x00002620       0x64 build/usart.o
 .debug_frame   0x00002684      0x67c build/stm32g4xx_hal_uart.o
 .debug_frame   0x00002d00      0x1d8 build/stm32g4xx_hal_uart_ex.o
 .debug_frame   0x00002ed8       0x64 build/fdcan.o
 .debug_frame   0x00002f3c       0x60 build/spi.o
 .debug_frame   0x00002f9c       0x5c build/tim.o
 .debug_frame   0x00002ff8      0x4bc build/stm32g4xx_hal_fdcan.o
 .debug_frame   0x000034b4      0x5f8 build/stm32g4xx_hal_spi.o
 .debug_frame   0x00003aac       0x2c build/dma.o
 .debug_frame   0x00003ad8       0x20 c:/program files (x86)/arm gnu toolchain arm-none-eabi/12.3 rel1/bin/../lib/gcc/arm-none-eabi/12.3.1/thumb/v7e-m+fp/hard\libc_nano.a(libc_a-memset.o)
 .debug_frame   0x00003af8       0x2c c:/program files (x86)/arm gnu toolchain arm-none-eabi/12.3 rel1/bin/../lib/gcc/arm-none-eabi/12.3.1/thumb/v7e-m+fp/hard\libc_nano.a(libc_a-init.o)
 .debug_frame   0x00003b24       0x2c c:/program files (x86)/arm gnu toolchain arm-none-eabi/12.3 rel1/bin/../lib/gcc/arm-none-eabi/12.3.1/thumb/v7e-m+fp/hard\libgcc.a(_aeabi_uldivmod.o)
 .debug_frame   0x00003b50       0x34 c:/program files (x86)/arm gnu toolchain arm-none-eabi/12.3 rel1/bin/../lib/gcc/arm-none-eabi/12.3.1/thumb/v7e-m+fp/hard\libgcc.a(_udivmoddi4.o)

.debug_line_str
                0x00000000       0xd5
 .debug_line_str
                0x00000000       0xc9 c:/program files (x86)/arm gnu toolchain arm-none-eabi/12.3 rel1/bin/../lib/gcc/arm-none-eabi/12.3.1/thumb/v7e-m+fp/hard\libgcc.a(_aeabi_uldivmod.o)
 .debug_line_str
                0x000000c9        0xc c:/program files (x86)/arm gnu toolchain arm-none-eabi/12.3 rel1/bin/../lib/gcc/arm-none-eabi/12.3.1/thumb/v7e-m+fp/hard\libgcc.a(_dvmd_tls.o)
                                 0xcd (size before relaxing)

Cross Reference Table

Symbol                                            File
ADC1_2_IRQHandler                                 build/startup_stm32g431xx.o
ADC_ConversionStop                                build/stm32g4xx_hal_adc.o
                                                  build/stm32g4xx_hal_adc_ex.o
ADC_DMAConvCplt                                   build/stm32g4xx_hal_adc.o
                                                  build/stm32g4xx_hal_adc_ex.o
ADC_DMAError                                      build/stm32g4xx_hal_adc.o
                                                  build/stm32g4xx_hal_adc_ex.o
ADC_DMAHalfConvCplt                               build/stm32g4xx_hal_adc.o
                                                  build/stm32g4xx_hal_adc_ex.o
ADC_Disable                                       build/stm32g4xx_hal_adc.o
                                                  build/stm32g4xx_hal_adc_ex.o
ADC_Enable                                        build/stm32g4xx_hal_adc.o
                                                  build/stm32g4xx_hal_adc_ex.o
ADC_Get                                           build/test.o
AHBPrescTable                                     build/system_stm32g4xx.o
                                                  build/stm32g4xx_hal_rcc.o
APBPrescTable                                     build/system_stm32g4xx.o
                                                  build/stm32g4xx_hal_rcc.o
BusFault_Handler                                  build/stm32g4xx_it.o
COMP1_2_3_IRQHandler                              build/startup_stm32g431xx.o
COMP4_IRQHandler                                  build/startup_stm32g431xx.o
CORDIC_IRQHandler                                 build/startup_stm32g431xx.o
CRS_IRQHandler                                    build/startup_stm32g431xx.o
DMA1_Channel1_IRQHandler                          build/stm32g4xx_it.o
DMA1_Channel2_IRQHandler                          build/startup_stm32g431xx.o
DMA1_Channel3_IRQHandler                          build/startup_stm32g431xx.o
DMA1_Channel4_IRQHandler                          build/startup_stm32g431xx.o
DMA1_Channel5_IRQHandler                          build/startup_stm32g431xx.o
DMA1_Channel6_IRQHandler                          build/startup_stm32g431xx.o
DMA2_Channel1_IRQHandler                          build/startup_stm32g431xx.o
DMA2_Channel2_IRQHandler                          build/startup_stm32g431xx.o
DMA2_Channel3_IRQHandler                          build/startup_stm32g431xx.o
DMA2_Channel4_IRQHandler                          build/startup_stm32g431xx.o
DMA2_Channel5_IRQHandler                          build/startup_stm32g431xx.o
DMA2_Channel6_IRQHandler                          build/startup_stm32g431xx.o
DMAMUX_OVR_IRQHandler                             build/startup_stm32g431xx.o
DebugMon_Handler                                  build/stm32g4xx_it.o
Default_Handler                                   build/startup_stm32g431xx.o
EXTI0_IRQHandler                                  build/startup_stm32g431xx.o
EXTI15_10_IRQHandler                              build/startup_stm32g431xx.o
EXTI1_IRQHandler                                  build/startup_stm32g431xx.o
EXTI2_IRQHandler                                  build/startup_stm32g431xx.o
EXTI3_IRQHandler                                  build/startup_stm32g431xx.o
EXTI4_IRQHandler                                  build/startup_stm32g431xx.o
EXTI9_5_IRQHandler                                build/startup_stm32g431xx.o
Error_Handler                                     build/main.o
                                                  build/tim.o
                                                  build/spi.o
                                                  build/fdcan.o
                                                  build/usart.o
                                                  build/adc.o
FDCAN1_IT0_IRQHandler                             build/startup_stm32g431xx.o
FDCAN1_IT1_IRQHandler                             build/startup_stm32g431xx.o
FLASH_FlushCaches                                 build/stm32g4xx_hal_flash_ex.o
                                                  build/stm32g4xx_hal_flash.o
FLASH_IRQHandler                                  build/startup_stm32g431xx.o
FLASH_PageErase                                   build/stm32g4xx_hal_flash_ex.o
                                                  build/stm32g4xx_hal_flash.o
FLASH_WaitForLastOperation                        build/stm32g4xx_hal_flash.o
                                                  build/stm32g4xx_hal_flash_ex.o
FMAC_IRQHandler                                   build/startup_stm32g431xx.o
FPU_IRQHandler                                    build/startup_stm32g431xx.o
HAL_ADCEx_Calibration_GetValue                    build/stm32g4xx_hal_adc_ex.o
HAL_ADCEx_Calibration_SetValue                    build/stm32g4xx_hal_adc_ex.o
HAL_ADCEx_Calibration_Start                       build/stm32g4xx_hal_adc_ex.o
HAL_ADCEx_DisableInjectedQueue                    build/stm32g4xx_hal_adc_ex.o
HAL_ADCEx_DisableVoltageRegulator                 build/stm32g4xx_hal_adc_ex.o
HAL_ADCEx_EnableInjectedQueue                     build/stm32g4xx_hal_adc_ex.o
HAL_ADCEx_EndOfSamplingCallback                   build/stm32g4xx_hal_adc_ex.o
                                                  build/stm32g4xx_hal_adc.o
HAL_ADCEx_EnterADCDeepPowerDownMode               build/stm32g4xx_hal_adc_ex.o
HAL_ADCEx_InjectedConfigChannel                   build/stm32g4xx_hal_adc_ex.o
HAL_ADCEx_InjectedConvCpltCallback                build/stm32g4xx_hal_adc_ex.o
                                                  build/stm32g4xx_hal_adc.o
HAL_ADCEx_InjectedGetValue                        build/stm32g4xx_hal_adc_ex.o
HAL_ADCEx_InjectedPollForConversion               build/stm32g4xx_hal_adc_ex.o
HAL_ADCEx_InjectedQueueOverflowCallback           build/stm32g4xx_hal_adc_ex.o
                                                  build/stm32g4xx_hal_adc.o
HAL_ADCEx_InjectedStart                           build/stm32g4xx_hal_adc_ex.o
HAL_ADCEx_InjectedStart_IT                        build/stm32g4xx_hal_adc_ex.o
HAL_ADCEx_InjectedStop                            build/stm32g4xx_hal_adc_ex.o
HAL_ADCEx_InjectedStop_IT                         build/stm32g4xx_hal_adc_ex.o
HAL_ADCEx_LevelOutOfWindow2Callback               build/stm32g4xx_hal_adc_ex.o
                                                  build/stm32g4xx_hal_adc.o
HAL_ADCEx_LevelOutOfWindow3Callback               build/stm32g4xx_hal_adc_ex.o
                                                  build/stm32g4xx_hal_adc.o
HAL_ADCEx_MultiModeConfigChannel                  build/stm32g4xx_hal_adc_ex.o
                                                  build/adc.o
HAL_ADCEx_MultiModeGetValue                       build/stm32g4xx_hal_adc_ex.o
HAL_ADCEx_MultiModeStart_DMA                      build/stm32g4xx_hal_adc_ex.o
HAL_ADCEx_MultiModeStop_DMA                       build/stm32g4xx_hal_adc_ex.o
HAL_ADCEx_RegularMultiModeStop_DMA                build/stm32g4xx_hal_adc_ex.o
HAL_ADCEx_RegularStop                             build/stm32g4xx_hal_adc_ex.o
HAL_ADCEx_RegularStop_DMA                         build/stm32g4xx_hal_adc_ex.o
HAL_ADCEx_RegularStop_IT                          build/stm32g4xx_hal_adc_ex.o
HAL_ADC_AnalogWDGConfig                           build/stm32g4xx_hal_adc.o
HAL_ADC_ConfigChannel                             build/stm32g4xx_hal_adc.o
                                                  build/adc.o
HAL_ADC_ConvCpltCallback                          build/stm32g4xx_hal_adc.o
HAL_ADC_ConvHalfCpltCallback                      build/stm32g4xx_hal_adc.o
HAL_ADC_DeInit                                    build/stm32g4xx_hal_adc.o
HAL_ADC_ErrorCallback                             build/stm32g4xx_hal_adc.o
HAL_ADC_GetError                                  build/stm32g4xx_hal_adc.o
HAL_ADC_GetState                                  build/stm32g4xx_hal_adc.o
HAL_ADC_GetValue                                  build/stm32g4xx_hal_adc.o
                                                  build/test.o
HAL_ADC_IRQHandler                                build/stm32g4xx_hal_adc.o
HAL_ADC_Init                                      build/stm32g4xx_hal_adc.o
                                                  build/adc.o
HAL_ADC_LevelOutOfWindowCallback                  build/stm32g4xx_hal_adc.o
HAL_ADC_MspDeInit                                 build/adc.o
HAL_ADC_MspInit                                   build/adc.o
HAL_ADC_PollForConversion                         build/stm32g4xx_hal_adc.o
HAL_ADC_PollForEvent                              build/stm32g4xx_hal_adc.o
HAL_ADC_Start                                     build/stm32g4xx_hal_adc.o
                                                  build/test.o
HAL_ADC_StartSampling                             build/stm32g4xx_hal_adc.o
HAL_ADC_Start_DMA                                 build/stm32g4xx_hal_adc.o
HAL_ADC_Start_IT                                  build/stm32g4xx_hal_adc.o
HAL_ADC_Stop                                      build/stm32g4xx_hal_adc.o
HAL_ADC_StopSampling                              build/stm32g4xx_hal_adc.o
HAL_ADC_Stop_DMA                                  build/stm32g4xx_hal_adc.o
HAL_ADC_Stop_IT                                   build/stm32g4xx_hal_adc.o
HAL_DBGMCU_DisableDBGSleepMode                    build/stm32g4xx_hal.o
HAL_DBGMCU_DisableDBGStandbyMode                  build/stm32g4xx_hal.o
HAL_DBGMCU_DisableDBGStopMode                     build/stm32g4xx_hal.o
HAL_DBGMCU_EnableDBGSleepMode                     build/stm32g4xx_hal.o
HAL_DBGMCU_EnableDBGStandbyMode                   build/stm32g4xx_hal.o
HAL_DBGMCU_EnableDBGStopMode                      build/stm32g4xx_hal.o
HAL_DMAEx_ConfigMuxRequestGenerator               build/stm32g4xx_hal_dma_ex.o
HAL_DMAEx_ConfigMuxSync                           build/stm32g4xx_hal_dma_ex.o
HAL_DMAEx_DisableMuxRequestGenerator              build/stm32g4xx_hal_dma_ex.o
HAL_DMAEx_EnableMuxRequestGenerator               build/stm32g4xx_hal_dma_ex.o
HAL_DMAEx_MUX_IRQHandler                          build/stm32g4xx_hal_dma_ex.o
HAL_DMA_Abort                                     build/stm32g4xx_hal_dma.o
                                                  build/stm32g4xx_hal_spi.o
                                                  build/stm32g4xx_hal_uart.o
                                                  build/stm32g4xx_hal_adc_ex.o
                                                  build/stm32g4xx_hal_adc.o
HAL_DMA_Abort_IT                                  build/stm32g4xx_hal_dma.o
                                                  build/stm32g4xx_hal_spi.o
                                                  build/stm32g4xx_hal_uart.o
                                                  build/stm32g4xx_hal_tim_ex.o
                                                  build/stm32g4xx_hal_tim.o
HAL_DMA_DeInit                                    build/stm32g4xx_hal_dma.o
                                                  build/usart.o
HAL_DMA_GetError                                  build/stm32g4xx_hal_dma.o
                                                  build/stm32g4xx_hal_uart.o
HAL_DMA_GetState                                  build/stm32g4xx_hal_dma.o
HAL_DMA_IRQHandler                                build/stm32g4xx_hal_dma.o
                                                  build/stm32g4xx_it.o
HAL_DMA_Init                                      build/stm32g4xx_hal_dma.o
                                                  build/usart.o
HAL_DMA_PollForTransfer                           build/stm32g4xx_hal_dma.o
HAL_DMA_RegisterCallback                          build/stm32g4xx_hal_dma.o
HAL_DMA_Start                                     build/stm32g4xx_hal_dma.o
HAL_DMA_Start_IT                                  build/stm32g4xx_hal_dma.o
                                                  build/stm32g4xx_hal_spi.o
                                                  build/stm32g4xx_hal_uart.o
                                                  build/stm32g4xx_hal_tim_ex.o
                                                  build/stm32g4xx_hal_tim.o
                                                  build/stm32g4xx_hal_adc_ex.o
                                                  build/stm32g4xx_hal_adc.o
HAL_DMA_UnRegisterCallback                        build/stm32g4xx_hal_dma.o
HAL_DeInit                                        build/stm32g4xx_hal.o
HAL_Delay                                         build/stm32g4xx_hal.o
                                                  build/main.o
HAL_EXTI_ClearConfigLine                          build/stm32g4xx_hal_exti.o
HAL_EXTI_ClearPending                             build/stm32g4xx_hal_exti.o
HAL_EXTI_GenerateSWI                              build/stm32g4xx_hal_exti.o
HAL_EXTI_GetConfigLine                            build/stm32g4xx_hal_exti.o
HAL_EXTI_GetHandle                                build/stm32g4xx_hal_exti.o
HAL_EXTI_GetPending                               build/stm32g4xx_hal_exti.o
HAL_EXTI_IRQHandler                               build/stm32g4xx_hal_exti.o
HAL_EXTI_RegisterCallback                         build/stm32g4xx_hal_exti.o
HAL_EXTI_SetConfigLine                            build/stm32g4xx_hal_exti.o
HAL_FDCAN_AbortTxRequest                          build/stm32g4xx_hal_fdcan.o
HAL_FDCAN_ActivateNotification                    build/stm32g4xx_hal_fdcan.o
HAL_FDCAN_AddMessageToTxFifoQ                     build/stm32g4xx_hal_fdcan.o
HAL_FDCAN_ConfigExtendedIdMask                    build/stm32g4xx_hal_fdcan.o
HAL_FDCAN_ConfigFilter                            build/stm32g4xx_hal_fdcan.o
HAL_FDCAN_ConfigGlobalFilter                      build/stm32g4xx_hal_fdcan.o
HAL_FDCAN_ConfigInterruptLines                    build/stm32g4xx_hal_fdcan.o
HAL_FDCAN_ConfigRamWatchdog                       build/stm32g4xx_hal_fdcan.o
HAL_FDCAN_ConfigRxFifoOverwrite                   build/stm32g4xx_hal_fdcan.o
HAL_FDCAN_ConfigTimeoutCounter                    build/stm32g4xx_hal_fdcan.o
HAL_FDCAN_ConfigTimestampCounter                  build/stm32g4xx_hal_fdcan.o
HAL_FDCAN_ConfigTxDelayCompensation               build/stm32g4xx_hal_fdcan.o
HAL_FDCAN_DeInit                                  build/stm32g4xx_hal_fdcan.o
HAL_FDCAN_DeactivateNotification                  build/stm32g4xx_hal_fdcan.o
HAL_FDCAN_DisableEdgeFiltering                    build/stm32g4xx_hal_fdcan.o
HAL_FDCAN_DisableISOMode                          build/stm32g4xx_hal_fdcan.o
HAL_FDCAN_DisableTimeoutCounter                   build/stm32g4xx_hal_fdcan.o
HAL_FDCAN_DisableTimestampCounter                 build/stm32g4xx_hal_fdcan.o
HAL_FDCAN_DisableTxDelayCompensation              build/stm32g4xx_hal_fdcan.o
HAL_FDCAN_EnableEdgeFiltering                     build/stm32g4xx_hal_fdcan.o
HAL_FDCAN_EnableISOMode                           build/stm32g4xx_hal_fdcan.o
HAL_FDCAN_EnableTimeoutCounter                    build/stm32g4xx_hal_fdcan.o
HAL_FDCAN_EnableTimestampCounter                  build/stm32g4xx_hal_fdcan.o
HAL_FDCAN_EnableTxDelayCompensation               build/stm32g4xx_hal_fdcan.o
HAL_FDCAN_EnterPowerDownMode                      build/stm32g4xx_hal_fdcan.o
HAL_FDCAN_ErrorCallback                           build/stm32g4xx_hal_fdcan.o
HAL_FDCAN_ErrorStatusCallback                     build/stm32g4xx_hal_fdcan.o
HAL_FDCAN_ExitPowerDownMode                       build/stm32g4xx_hal_fdcan.o
HAL_FDCAN_ExitRestrictedOperationMode             build/stm32g4xx_hal_fdcan.o
HAL_FDCAN_GetError                                build/stm32g4xx_hal_fdcan.o
HAL_FDCAN_GetErrorCounters                        build/stm32g4xx_hal_fdcan.o
HAL_FDCAN_GetHighPriorityMessageStatus            build/stm32g4xx_hal_fdcan.o
HAL_FDCAN_GetLatestTxFifoQRequestBuffer           build/stm32g4xx_hal_fdcan.o
HAL_FDCAN_GetProtocolStatus                       build/stm32g4xx_hal_fdcan.o
HAL_FDCAN_GetRxFifoFillLevel                      build/stm32g4xx_hal_fdcan.o
HAL_FDCAN_GetRxMessage                            build/stm32g4xx_hal_fdcan.o
HAL_FDCAN_GetState                                build/stm32g4xx_hal_fdcan.o
HAL_FDCAN_GetTimeoutCounter                       build/stm32g4xx_hal_fdcan.o
HAL_FDCAN_GetTimestampCounter                     build/stm32g4xx_hal_fdcan.o
HAL_FDCAN_GetTxEvent                              build/stm32g4xx_hal_fdcan.o
HAL_FDCAN_GetTxFifoFreeLevel                      build/stm32g4xx_hal_fdcan.o
HAL_FDCAN_HighPriorityMessageCallback             build/stm32g4xx_hal_fdcan.o
HAL_FDCAN_IRQHandler                              build/stm32g4xx_hal_fdcan.o
HAL_FDCAN_Init                                    build/stm32g4xx_hal_fdcan.o
                                                  build/fdcan.o
HAL_FDCAN_IsRestrictedOperationMode               build/stm32g4xx_hal_fdcan.o
HAL_FDCAN_IsTxBufferMessagePending                build/stm32g4xx_hal_fdcan.o
HAL_FDCAN_MspDeInit                               build/fdcan.o
HAL_FDCAN_MspInit                                 build/fdcan.o
HAL_FDCAN_ResetTimeoutCounter                     build/stm32g4xx_hal_fdcan.o
HAL_FDCAN_ResetTimestampCounter                   build/stm32g4xx_hal_fdcan.o
HAL_FDCAN_RxFifo0Callback                         build/stm32g4xx_hal_fdcan.o
HAL_FDCAN_RxFifo1Callback                         build/stm32g4xx_hal_fdcan.o
HAL_FDCAN_Start                                   build/stm32g4xx_hal_fdcan.o
HAL_FDCAN_Stop                                    build/stm32g4xx_hal_fdcan.o
HAL_FDCAN_TimeoutOccurredCallback                 build/stm32g4xx_hal_fdcan.o
HAL_FDCAN_TimestampWraparoundCallback             build/stm32g4xx_hal_fdcan.o
HAL_FDCAN_TxBufferAbortCallback                   build/stm32g4xx_hal_fdcan.o
HAL_FDCAN_TxBufferCompleteCallback                build/stm32g4xx_hal_fdcan.o
HAL_FDCAN_TxEventFifoCallback                     build/stm32g4xx_hal_fdcan.o
HAL_FDCAN_TxFifoEmptyCallback                     build/stm32g4xx_hal_fdcan.o
HAL_FLASHEx_DisableDebugger                       build/stm32g4xx_hal_flash_ex.o
HAL_FLASHEx_DisableRunPowerDown                   build/stm32g4xx_hal_flash_ramfunc.o
HAL_FLASHEx_EnableDebugger                        build/stm32g4xx_hal_flash_ex.o
HAL_FLASHEx_EnableRunPowerDown                    build/stm32g4xx_hal_flash_ramfunc.o
HAL_FLASHEx_EnableSecMemProtection                build/stm32g4xx_hal_flash_ex.o
HAL_FLASHEx_Erase                                 build/stm32g4xx_hal_flash_ex.o
HAL_FLASHEx_Erase_IT                              build/stm32g4xx_hal_flash_ex.o
HAL_FLASHEx_OBGetConfig                           build/stm32g4xx_hal_flash_ex.o
HAL_FLASHEx_OBProgram                             build/stm32g4xx_hal_flash_ex.o
HAL_FLASH_EndOfOperationCallback                  build/stm32g4xx_hal_flash.o
HAL_FLASH_GetError                                build/stm32g4xx_hal_flash.o
HAL_FLASH_IRQHandler                              build/stm32g4xx_hal_flash.o
HAL_FLASH_Lock                                    build/stm32g4xx_hal_flash.o
HAL_FLASH_OB_Launch                               build/stm32g4xx_hal_flash.o
HAL_FLASH_OB_Lock                                 build/stm32g4xx_hal_flash.o
HAL_FLASH_OB_Unlock                               build/stm32g4xx_hal_flash.o
HAL_FLASH_OperationErrorCallback                  build/stm32g4xx_hal_flash.o
HAL_FLASH_Program                                 build/stm32g4xx_hal_flash.o
HAL_FLASH_Program_IT                              build/stm32g4xx_hal_flash.o
HAL_FLASH_Unlock                                  build/stm32g4xx_hal_flash.o
HAL_GPIO_DeInit                                   build/stm32g4xx_hal_gpio.o
                                                  build/spi.o
                                                  build/fdcan.o
                                                  build/usart.o
                                                  build/adc.o
HAL_GPIO_EXTI_Callback                            build/stm32g4xx_hal_gpio.o
HAL_GPIO_EXTI_IRQHandler                          build/stm32g4xx_hal_gpio.o
HAL_GPIO_Init                                     build/stm32g4xx_hal_gpio.o
                                                  build/spi.o
                                                  build/fdcan.o
                                                  build/usart.o
                                                  build/stm32g4xx_hal_rcc_ex.o
                                                  build/stm32g4xx_hal_rcc.o
                                                  build/adc.o
                                                  build/gpio.o
HAL_GPIO_LockPin                                  build/stm32g4xx_hal_gpio.o
HAL_GPIO_ReadPin                                  build/stm32g4xx_hal_gpio.o
HAL_GPIO_TogglePin                                build/stm32g4xx_hal_gpio.o
                                                  build/main.o
HAL_GPIO_WritePin                                 build/stm32g4xx_hal_gpio.o
                                                  build/gpio.o
                                                  build/main.o
HAL_GetDEVID                                      build/stm32g4xx_hal.o
HAL_GetHalVersion                                 build/stm32g4xx_hal.o
HAL_GetREVID                                      build/stm32g4xx_hal.o
HAL_GetTick                                       build/stm32g4xx_hal.o
                                                  build/stm32g4xx_hal_spi.o
                                                  build/stm32g4xx_hal_fdcan.o
                                                  build/stm32g4xx_hal_uart_ex.o
                                                  build/stm32g4xx_hal_uart.o
                                                  build/stm32g4xx_hal_tim_ex.o
                                                  build/stm32g4xx_hal_dma.o
                                                  build/stm32g4xx_hal_flash.o
                                                  build/stm32g4xx_hal_rcc_ex.o
                                                  build/stm32g4xx_hal_rcc.o
                                                  build/stm32g4xx_hal_adc_ex.o
                                                  build/stm32g4xx_hal_adc.o
HAL_GetTickFreq                                   build/stm32g4xx_hal.o
HAL_GetTickPrio                                   build/stm32g4xx_hal.o
HAL_GetUIDw0                                      build/stm32g4xx_hal.o
HAL_GetUIDw1                                      build/stm32g4xx_hal.o
HAL_GetUIDw2                                      build/stm32g4xx_hal.o
HAL_HalfDuplex_EnableReceiver                     build/stm32g4xx_hal_uart.o
HAL_HalfDuplex_EnableTransmitter                  build/stm32g4xx_hal_uart.o
HAL_HalfDuplex_Init                               build/stm32g4xx_hal_uart.o
HAL_IncTick                                       build/stm32g4xx_hal.o
                                                  build/stm32g4xx_it.o
HAL_Init                                          build/stm32g4xx_hal.o
                                                  build/main.o
HAL_InitTick                                      build/stm32g4xx_hal.o
                                                  build/stm32g4xx_hal_rcc.o
HAL_LIN_Init                                      build/stm32g4xx_hal_uart.o
HAL_LIN_SendBreak                                 build/stm32g4xx_hal_uart.o
HAL_MPU_ConfigRegion                              build/stm32g4xx_hal_cortex.o
HAL_MPU_Disable                                   build/stm32g4xx_hal_cortex.o
HAL_MPU_Enable                                    build/stm32g4xx_hal_cortex.o
HAL_MspDeInit                                     build/stm32g4xx_hal.o
HAL_MspInit                                       build/stm32g4xx_hal_msp.o
HAL_MultiProcessorEx_AddressLength_Set            build/stm32g4xx_hal_uart_ex.o
HAL_MultiProcessor_DisableMuteMode                build/stm32g4xx_hal_uart.o
HAL_MultiProcessor_EnableMuteMode                 build/stm32g4xx_hal_uart.o
HAL_MultiProcessor_EnterMuteMode                  build/stm32g4xx_hal_uart.o
HAL_MultiProcessor_Init                           build/stm32g4xx_hal_uart.o
HAL_NVIC_ClearPendingIRQ                          build/stm32g4xx_hal_cortex.o
HAL_NVIC_DisableIRQ                               build/stm32g4xx_hal_cortex.o
HAL_NVIC_EnableIRQ                                build/stm32g4xx_hal_cortex.o
                                                  build/dma.o
HAL_NVIC_GetActive                                build/stm32g4xx_hal_cortex.o
HAL_NVIC_GetPendingIRQ                            build/stm32g4xx_hal_cortex.o
HAL_NVIC_GetPriority                              build/stm32g4xx_hal_cortex.o
HAL_NVIC_GetPriorityGrouping                      build/stm32g4xx_hal_cortex.o
HAL_NVIC_SetPendingIRQ                            build/stm32g4xx_hal_cortex.o
HAL_NVIC_SetPriority                              build/stm32g4xx_hal_cortex.o
                                                  build/dma.o
                                                  build/stm32g4xx_hal.o
HAL_NVIC_SetPriorityGrouping                      build/stm32g4xx_hal_cortex.o
                                                  build/stm32g4xx_hal.o
HAL_NVIC_SystemReset                              build/stm32g4xx_hal_cortex.o
HAL_PWREx_ConfigPVM                               build/stm32g4xx_hal_pwr_ex.o
HAL_PWREx_ControlVoltageScaling                   build/stm32g4xx_hal_pwr_ex.o
                                                  build/main.o
HAL_PWREx_DisableBatteryCharging                  build/stm32g4xx_hal_pwr_ex.o
HAL_PWREx_DisableGPIOPullDown                     build/stm32g4xx_hal_pwr_ex.o
HAL_PWREx_DisableGPIOPullUp                       build/stm32g4xx_hal_pwr_ex.o
HAL_PWREx_DisableInternalWakeUpLine               build/stm32g4xx_hal_pwr_ex.o
HAL_PWREx_DisableLowPowerRunMode                  build/stm32g4xx_hal_pwr_ex.o
                                                  build/stm32g4xx_hal_pwr.o
HAL_PWREx_DisablePVM1                             build/stm32g4xx_hal_pwr_ex.o
HAL_PWREx_DisablePVM2                             build/stm32g4xx_hal_pwr_ex.o
HAL_PWREx_DisablePVM3                             build/stm32g4xx_hal_pwr_ex.o
HAL_PWREx_DisablePVM4                             build/stm32g4xx_hal_pwr_ex.o
HAL_PWREx_DisablePullUpPullDownConfig             build/stm32g4xx_hal_pwr_ex.o
HAL_PWREx_DisableSRAM2ContentRetention            build/stm32g4xx_hal_pwr_ex.o
HAL_PWREx_DisableUCPDDeadBattery                  build/stm32g4xx_hal_pwr_ex.o
                                                  build/stm32g4xx_hal_msp.o
HAL_PWREx_DisableUCPDStandbyMode                  build/stm32g4xx_hal_pwr_ex.o
HAL_PWREx_EnableBatteryCharging                   build/stm32g4xx_hal_pwr_ex.o
HAL_PWREx_EnableGPIOPullDown                      build/stm32g4xx_hal_pwr_ex.o
HAL_PWREx_EnableGPIOPullUp                        build/stm32g4xx_hal_pwr_ex.o
HAL_PWREx_EnableInternalWakeUpLine                build/stm32g4xx_hal_pwr_ex.o
HAL_PWREx_EnableLowPowerRunMode                   build/stm32g4xx_hal_pwr_ex.o
                                                  build/stm32g4xx_hal_pwr.o
HAL_PWREx_EnablePVM1                              build/stm32g4xx_hal_pwr_ex.o
HAL_PWREx_EnablePVM2                              build/stm32g4xx_hal_pwr_ex.o
HAL_PWREx_EnablePVM3                              build/stm32g4xx_hal_pwr_ex.o
HAL_PWREx_EnablePVM4                              build/stm32g4xx_hal_pwr_ex.o
HAL_PWREx_EnablePullUpPullDownConfig              build/stm32g4xx_hal_pwr_ex.o
HAL_PWREx_EnableSRAM2ContentRetention             build/stm32g4xx_hal_pwr_ex.o
HAL_PWREx_EnableUCPDDeadBattery                   build/stm32g4xx_hal_pwr_ex.o
HAL_PWREx_EnableUCPDStandbyMode                   build/stm32g4xx_hal_pwr_ex.o
HAL_PWREx_EnterSHUTDOWNMode                       build/stm32g4xx_hal_pwr_ex.o
HAL_PWREx_EnterSTOP0Mode                          build/stm32g4xx_hal_pwr_ex.o
                                                  build/stm32g4xx_hal_pwr.o
HAL_PWREx_EnterSTOP1Mode                          build/stm32g4xx_hal_pwr_ex.o
                                                  build/stm32g4xx_hal_pwr.o
HAL_PWREx_GetVoltageRange                         build/stm32g4xx_hal_pwr_ex.o
HAL_PWREx_PVD_PVM_IRQHandler                      build/stm32g4xx_hal_pwr_ex.o
HAL_PWREx_PVM1Callback                            build/stm32g4xx_hal_pwr_ex.o
HAL_PWREx_PVM2Callback                            build/stm32g4xx_hal_pwr_ex.o
HAL_PWREx_PVM3Callback                            build/stm32g4xx_hal_pwr_ex.o
HAL_PWREx_PVM4Callback                            build/stm32g4xx_hal_pwr_ex.o
HAL_PWR_ConfigPVD                                 build/stm32g4xx_hal_pwr.o
HAL_PWR_DeInit                                    build/stm32g4xx_hal_pwr.o
HAL_PWR_DisableBkUpAccess                         build/stm32g4xx_hal_pwr.o
                                                  build/stm32g4xx_hal_rcc_ex.o
HAL_PWR_DisablePVD                                build/stm32g4xx_hal_pwr.o
HAL_PWR_DisableSEVOnPend                          build/stm32g4xx_hal_pwr.o
HAL_PWR_DisableSleepOnExit                        build/stm32g4xx_hal_pwr.o
HAL_PWR_DisableWakeUpPin                          build/stm32g4xx_hal_pwr.o
HAL_PWR_EnableBkUpAccess                          build/stm32g4xx_hal_pwr.o
                                                  build/stm32g4xx_hal_rcc_ex.o
HAL_PWR_EnablePVD                                 build/stm32g4xx_hal_pwr.o
HAL_PWR_EnableSEVOnPend                           build/stm32g4xx_hal_pwr.o
HAL_PWR_EnableSleepOnExit                         build/stm32g4xx_hal_pwr.o
HAL_PWR_EnableWakeUpPin                           build/stm32g4xx_hal_pwr.o
HAL_PWR_EnterSLEEPMode                            build/stm32g4xx_hal_pwr.o
HAL_PWR_EnterSTANDBYMode                          build/stm32g4xx_hal_pwr.o
HAL_PWR_EnterSTOPMode                             build/stm32g4xx_hal_pwr.o
HAL_PWR_PVDCallback                               build/stm32g4xx_hal_pwr.o
                                                  build/stm32g4xx_hal_pwr_ex.o
HAL_RCCEx_CRSConfig                               build/stm32g4xx_hal_rcc_ex.o
HAL_RCCEx_CRSGetSynchronizationInfo               build/stm32g4xx_hal_rcc_ex.o
HAL_RCCEx_CRSSoftwareSynchronizationGenerate      build/stm32g4xx_hal_rcc_ex.o
HAL_RCCEx_CRSWaitSynchronization                  build/stm32g4xx_hal_rcc_ex.o
HAL_RCCEx_CRS_ErrorCallback                       build/stm32g4xx_hal_rcc_ex.o
HAL_RCCEx_CRS_ExpectedSyncCallback                build/stm32g4xx_hal_rcc_ex.o
HAL_RCCEx_CRS_IRQHandler                          build/stm32g4xx_hal_rcc_ex.o
HAL_RCCEx_CRS_SyncOkCallback                      build/stm32g4xx_hal_rcc_ex.o
HAL_RCCEx_CRS_SyncWarnCallback                    build/stm32g4xx_hal_rcc_ex.o
HAL_RCCEx_DisableLSCO                             build/stm32g4xx_hal_rcc_ex.o
HAL_RCCEx_DisableLSECSS                           build/stm32g4xx_hal_rcc_ex.o
HAL_RCCEx_EnableLSCO                              build/stm32g4xx_hal_rcc_ex.o
HAL_RCCEx_EnableLSECSS                            build/stm32g4xx_hal_rcc_ex.o
HAL_RCCEx_EnableLSECSS_IT                         build/stm32g4xx_hal_rcc_ex.o
HAL_RCCEx_GetPeriphCLKConfig                      build/stm32g4xx_hal_rcc_ex.o
HAL_RCCEx_GetPeriphCLKFreq                        build/stm32g4xx_hal_rcc_ex.o
HAL_RCCEx_LSECSS_Callback                         build/stm32g4xx_hal_rcc_ex.o
HAL_RCCEx_LSECSS_IRQHandler                       build/stm32g4xx_hal_rcc_ex.o
HAL_RCCEx_PeriphCLKConfig                         build/stm32g4xx_hal_rcc_ex.o
                                                  build/fdcan.o
                                                  build/usart.o
                                                  build/adc.o
HAL_RCC_CSSCallback                               build/stm32g4xx_hal_rcc.o
HAL_RCC_ClockConfig                               build/stm32g4xx_hal_rcc.o
                                                  build/main.o
HAL_RCC_DeInit                                    build/stm32g4xx_hal_rcc.o
HAL_RCC_DisableLSECSS                             build/stm32g4xx_hal_rcc.o
HAL_RCC_EnableCSS                                 build/stm32g4xx_hal_rcc.o
HAL_RCC_EnableLSECSS                              build/stm32g4xx_hal_rcc.o
HAL_RCC_GetClockConfig                            build/stm32g4xx_hal_rcc.o
HAL_RCC_GetHCLKFreq                               build/stm32g4xx_hal_rcc.o
HAL_RCC_GetOscConfig                              build/stm32g4xx_hal_rcc.o
HAL_RCC_GetPCLK1Freq                              build/stm32g4xx_hal_rcc.o
                                                  build/stm32g4xx_hal_uart.o
                                                  build/stm32g4xx_hal_rcc_ex.o
HAL_RCC_GetPCLK2Freq                              build/stm32g4xx_hal_rcc.o
                                                  build/stm32g4xx_hal_uart.o
                                                  build/stm32g4xx_hal_rcc_ex.o
HAL_RCC_GetSysClockFreq                           build/stm32g4xx_hal_rcc.o
                                                  build/stm32g4xx_hal_uart.o
                                                  build/stm32g4xx_hal_rcc_ex.o
HAL_RCC_MCOConfig                                 build/stm32g4xx_hal_rcc.o
HAL_RCC_NMI_IRQHandler                            build/stm32g4xx_hal_rcc.o
HAL_RCC_OscConfig                                 build/stm32g4xx_hal_rcc.o
                                                  build/main.o
HAL_RS485Ex_Init                                  build/stm32g4xx_hal_uart_ex.o
HAL_ResumeTick                                    build/stm32g4xx_hal.o
HAL_SPIEx_FlushRxFifo                             build/stm32g4xx_hal_spi_ex.o
HAL_SPI_Abort                                     build/stm32g4xx_hal_spi.o
HAL_SPI_AbortCpltCallback                         build/stm32g4xx_hal_spi.o
HAL_SPI_Abort_IT                                  build/stm32g4xx_hal_spi.o
HAL_SPI_DMAPause                                  build/stm32g4xx_hal_spi.o
HAL_SPI_DMAResume                                 build/stm32g4xx_hal_spi.o
HAL_SPI_DMAStop                                   build/stm32g4xx_hal_spi.o
HAL_SPI_DeInit                                    build/stm32g4xx_hal_spi.o
HAL_SPI_ErrorCallback                             build/stm32g4xx_hal_spi.o
HAL_SPI_GetError                                  build/stm32g4xx_hal_spi.o
HAL_SPI_GetState                                  build/stm32g4xx_hal_spi.o
HAL_SPI_IRQHandler                                build/stm32g4xx_hal_spi.o
HAL_SPI_Init                                      build/stm32g4xx_hal_spi.o
                                                  build/spi.o
HAL_SPI_MspDeInit                                 build/spi.o
HAL_SPI_MspInit                                   build/spi.o
HAL_SPI_Receive                                   build/stm32g4xx_hal_spi.o
HAL_SPI_Receive_DMA                               build/stm32g4xx_hal_spi.o
HAL_SPI_Receive_IT                                build/stm32g4xx_hal_spi.o
HAL_SPI_RxCpltCallback                            build/stm32g4xx_hal_spi.o
HAL_SPI_RxHalfCpltCallback                        build/stm32g4xx_hal_spi.o
HAL_SPI_Transmit                                  build/stm32g4xx_hal_spi.o
HAL_SPI_TransmitReceive                           build/stm32g4xx_hal_spi.o
HAL_SPI_TransmitReceive_DMA                       build/stm32g4xx_hal_spi.o
HAL_SPI_TransmitReceive_IT                        build/stm32g4xx_hal_spi.o
HAL_SPI_Transmit_DMA                              build/stm32g4xx_hal_spi.o
HAL_SPI_Transmit_IT                               build/stm32g4xx_hal_spi.o
HAL_SPI_TxCpltCallback                            build/stm32g4xx_hal_spi.o
HAL_SPI_TxHalfCpltCallback                        build/stm32g4xx_hal_spi.o
HAL_SPI_TxRxCpltCallback                          build/stm32g4xx_hal_spi.o
HAL_SPI_TxRxHalfCpltCallback                      build/stm32g4xx_hal_spi.o
HAL_SYSCFG_CCMSRAMErase                           build/stm32g4xx_hal.o
HAL_SYSCFG_CCMSRAM_WriteProtectionEnable          build/stm32g4xx_hal.o
HAL_SYSCFG_DisableIOSwitchBooster                 build/stm32g4xx_hal.o
HAL_SYSCFG_DisableIOSwitchVDD                     build/stm32g4xx_hal.o
HAL_SYSCFG_DisableMemorySwappingBank              build/stm32g4xx_hal.o
HAL_SYSCFG_DisableVREFBUF                         build/stm32g4xx_hal.o
                                                  build/stm32g4xx_hal_msp.o
HAL_SYSCFG_EnableIOSwitchBooster                  build/stm32g4xx_hal.o
HAL_SYSCFG_EnableIOSwitchVDD                      build/stm32g4xx_hal.o
HAL_SYSCFG_EnableMemorySwappingBank               build/stm32g4xx_hal.o
HAL_SYSCFG_EnableVREFBUF                          build/stm32g4xx_hal.o
HAL_SYSCFG_VREFBUF_HighImpedanceConfig            build/stm32g4xx_hal.o
                                                  build/stm32g4xx_hal_msp.o
HAL_SYSCFG_VREFBUF_TrimmingConfig                 build/stm32g4xx_hal.o
HAL_SYSCFG_VREFBUF_VoltageScalingConfig           build/stm32g4xx_hal.o
HAL_SYSTICK_CLKSourceConfig                       build/stm32g4xx_hal_cortex.o
HAL_SYSTICK_Callback                              build/stm32g4xx_hal_cortex.o
HAL_SYSTICK_Config                                build/stm32g4xx_hal_cortex.o
                                                  build/stm32g4xx_hal.o
HAL_SYSTICK_IRQHandler                            build/stm32g4xx_hal_cortex.o
HAL_SetTickFreq                                   build/stm32g4xx_hal.o
HAL_SuspendTick                                   build/stm32g4xx_hal.o
HAL_TIMEx_Break2Callback                          build/stm32g4xx_hal_tim_ex.o
                                                  build/stm32g4xx_hal_tim.o
HAL_TIMEx_BreakCallback                           build/stm32g4xx_hal_tim_ex.o
                                                  build/stm32g4xx_hal_tim.o
HAL_TIMEx_CommutCallback                          build/stm32g4xx_hal_tim_ex.o
                                                  build/stm32g4xx_hal_tim.o
HAL_TIMEx_CommutHalfCpltCallback                  build/stm32g4xx_hal_tim_ex.o
HAL_TIMEx_ConfigAsymmetricalDeadTime              build/stm32g4xx_hal_tim_ex.o
HAL_TIMEx_ConfigBreakDeadTime                     build/stm32g4xx_hal_tim_ex.o
                                                  build/tim.o
HAL_TIMEx_ConfigBreakInput                        build/stm32g4xx_hal_tim_ex.o
HAL_TIMEx_ConfigCommutEvent                       build/stm32g4xx_hal_tim_ex.o
HAL_TIMEx_ConfigCommutEvent_DMA                   build/stm32g4xx_hal_tim_ex.o
HAL_TIMEx_ConfigCommutEvent_IT                    build/stm32g4xx_hal_tim_ex.o
HAL_TIMEx_ConfigDeadTime                          build/stm32g4xx_hal_tim_ex.o
HAL_TIMEx_ConfigEncoderIndex                      build/stm32g4xx_hal_tim_ex.o
HAL_TIMEx_ConfigSlaveModePreload                  build/stm32g4xx_hal_tim_ex.o
HAL_TIMEx_DirectionChangeCallback                 build/stm32g4xx_hal_tim_ex.o
                                                  build/stm32g4xx_hal_tim.o
HAL_TIMEx_DisableAsymmetricalDeadTime             build/stm32g4xx_hal_tim_ex.o
HAL_TIMEx_DisableDeadTimePreload                  build/stm32g4xx_hal_tim_ex.o
HAL_TIMEx_DisableEncoderFirstIndex                build/stm32g4xx_hal_tim_ex.o
HAL_TIMEx_DisableEncoderIndex                     build/stm32g4xx_hal_tim_ex.o
HAL_TIMEx_DisableSlaveModePreload                 build/stm32g4xx_hal_tim_ex.o
HAL_TIMEx_DisarmBreakInput                        build/stm32g4xx_hal_tim_ex.o
HAL_TIMEx_DitheringDisable                        build/stm32g4xx_hal_tim_ex.o
HAL_TIMEx_DitheringEnable                         build/stm32g4xx_hal_tim_ex.o
HAL_TIMEx_EnableAsymmetricalDeadTime              build/stm32g4xx_hal_tim_ex.o
HAL_TIMEx_EnableDeadTimePreload                   build/stm32g4xx_hal_tim_ex.o
HAL_TIMEx_EnableEncoderFirstIndex                 build/stm32g4xx_hal_tim_ex.o
HAL_TIMEx_EnableEncoderIndex                      build/stm32g4xx_hal_tim_ex.o
HAL_TIMEx_EnableSlaveModePreload                  build/stm32g4xx_hal_tim_ex.o
HAL_TIMEx_EncoderIndexCallback                    build/stm32g4xx_hal_tim_ex.o
                                                  build/stm32g4xx_hal_tim.o
HAL_TIMEx_GetChannelNState                        build/stm32g4xx_hal_tim_ex.o
HAL_TIMEx_GroupChannel5                           build/stm32g4xx_hal_tim_ex.o