ARM GAS  C:\Users\Booster\AppData\Local\Temp\ccMc10ld.s 			page 1


   1              		.cpu cortex-m4
   2              		.arch armv7e-m
   3              		.fpu fpv4-sp-d16
   4              		.eabi_attribute 27, 1
   5              		.eabi_attribute 28, 1
   6              		.eabi_attribute 20, 1
   7              		.eabi_attribute 21, 1
   8              		.eabi_attribute 23, 3
   9              		.eabi_attribute 24, 1
  10              		.eabi_attribute 25, 1
  11              		.eabi_attribute 26, 1
  12              		.eabi_attribute 30, 1
  13              		.eabi_attribute 34, 1
  14              		.eabi_attribute 18, 4
  15              		.file	"tim.c"
  16              		.text
  17              	.Ltext0:
  18              		.cfi_sections	.debug_frame
  19              		.file 1 "Core/Src/tim.c"
  20              		.section	.text.HAL_TIM_Base_MspInit,"ax",%progbits
  21              		.align	1
  22              		.global	HAL_TIM_Base_MspInit
  23              		.syntax unified
  24              		.thumb
  25              		.thumb_func
  27              	HAL_TIM_Base_MspInit:
  28              	.LVL0:
  29              	.LFB330:
   1:Core/Src/tim.c **** /* USER CODE BEGIN Header */
   2:Core/Src/tim.c **** /**
   3:Core/Src/tim.c ****   ******************************************************************************
   4:Core/Src/tim.c ****   * @file    tim.c
   5:Core/Src/tim.c ****   * @brief   This file provides code for the configuration
   6:Core/Src/tim.c ****   *          of the TIM instances.
   7:Core/Src/tim.c ****   ******************************************************************************
   8:Core/Src/tim.c ****   * @attention
   9:Core/Src/tim.c ****   *
  10:Core/Src/tim.c ****   * Copyright (c) 2023 STMicroelectronics.
  11:Core/Src/tim.c ****   * All rights reserved.
  12:Core/Src/tim.c ****   *
  13:Core/Src/tim.c ****   * This software is licensed under terms that can be found in the LICENSE file
  14:Core/Src/tim.c ****   * in the root directory of this software component.
  15:Core/Src/tim.c ****   * If no LICENSE file comes with this software, it is provided AS-IS.
  16:Core/Src/tim.c ****   *
  17:Core/Src/tim.c ****   ******************************************************************************
  18:Core/Src/tim.c ****   */
  19:Core/Src/tim.c **** /* USER CODE END Header */
  20:Core/Src/tim.c **** /* Includes ------------------------------------------------------------------*/
  21:Core/Src/tim.c **** #include "tim.h"
  22:Core/Src/tim.c **** 
  23:Core/Src/tim.c **** /* USER CODE BEGIN 0 */
  24:Core/Src/tim.c **** 
  25:Core/Src/tim.c **** /* USER CODE END 0 */
  26:Core/Src/tim.c **** 
  27:Core/Src/tim.c **** TIM_HandleTypeDef htim1;
  28:Core/Src/tim.c **** 
  29:Core/Src/tim.c **** /* TIM1 init function */
ARM GAS  C:\Users\Booster\AppData\Local\Temp\ccMc10ld.s 			page 2


  30:Core/Src/tim.c **** void MX_TIM1_Init(void)
  31:Core/Src/tim.c **** {
  32:Core/Src/tim.c **** 
  33:Core/Src/tim.c ****   /* USER CODE BEGIN TIM1_Init 0 */
  34:Core/Src/tim.c **** 
  35:Core/Src/tim.c ****   /* USER CODE END TIM1_Init 0 */
  36:Core/Src/tim.c **** 
  37:Core/Src/tim.c ****   TIM_ClockConfigTypeDef sClockSourceConfig = {0};
  38:Core/Src/tim.c ****   TIM_MasterConfigTypeDef sMasterConfig = {0};
  39:Core/Src/tim.c ****   TIM_OC_InitTypeDef sConfigOC = {0};
  40:Core/Src/tim.c ****   TIM_BreakDeadTimeConfigTypeDef sBreakDeadTimeConfig = {0};
  41:Core/Src/tim.c **** 
  42:Core/Src/tim.c ****   /* USER CODE BEGIN TIM1_Init 1 */
  43:Core/Src/tim.c **** 
  44:Core/Src/tim.c ****   /* USER CODE END TIM1_Init 1 */
  45:Core/Src/tim.c ****   htim1.Instance = TIM1;
  46:Core/Src/tim.c ****   htim1.Init.Prescaler = 0;
  47:Core/Src/tim.c ****   htim1.Init.CounterMode = TIM_COUNTERMODE_CENTERALIGNED1;
  48:Core/Src/tim.c ****   htim1.Init.Period = 4250;
  49:Core/Src/tim.c ****   htim1.Init.ClockDivision = TIM_CLOCKDIVISION_DIV2;
  50:Core/Src/tim.c ****   htim1.Init.RepetitionCounter = 1;
  51:Core/Src/tim.c ****   htim1.Init.AutoReloadPreload = TIM_AUTORELOAD_PRELOAD_DISABLE;
  52:Core/Src/tim.c ****   if (HAL_TIM_Base_Init(&htim1) != HAL_OK)
  53:Core/Src/tim.c ****   {
  54:Core/Src/tim.c ****     Error_Handler();
  55:Core/Src/tim.c ****   }
  56:Core/Src/tim.c ****   sClockSourceConfig.ClockSource = TIM_CLOCKSOURCE_INTERNAL;
  57:Core/Src/tim.c ****   if (HAL_TIM_ConfigClockSource(&htim1, &sClockSourceConfig) != HAL_OK)
  58:Core/Src/tim.c ****   {
  59:Core/Src/tim.c ****     Error_Handler();
  60:Core/Src/tim.c ****   }
  61:Core/Src/tim.c ****   if (HAL_TIM_PWM_Init(&htim1) != HAL_OK)
  62:Core/Src/tim.c ****   {
  63:Core/Src/tim.c ****     Error_Handler();
  64:Core/Src/tim.c ****   }
  65:Core/Src/tim.c ****   sMasterConfig.MasterOutputTrigger = TIM_TRGO_OC4REF;
  66:Core/Src/tim.c ****   sMasterConfig.MasterOutputTrigger2 = TIM_TRGO2_UPDATE;
  67:Core/Src/tim.c ****   sMasterConfig.MasterSlaveMode = TIM_MASTERSLAVEMODE_DISABLE;
  68:Core/Src/tim.c ****   if (HAL_TIMEx_MasterConfigSynchronization(&htim1, &sMasterConfig) != HAL_OK)
  69:Core/Src/tim.c ****   {
  70:Core/Src/tim.c ****     Error_Handler();
  71:Core/Src/tim.c ****   }
  72:Core/Src/tim.c ****   sConfigOC.OCMode = TIM_OCMODE_PWM1;
  73:Core/Src/tim.c ****   sConfigOC.Pulse = 0;
  74:Core/Src/tim.c ****   sConfigOC.OCPolarity = TIM_OCPOLARITY_HIGH;
  75:Core/Src/tim.c ****   sConfigOC.OCNPolarity = TIM_OCNPOLARITY_HIGH;
  76:Core/Src/tim.c ****   sConfigOC.OCFastMode = TIM_OCFAST_DISABLE;
  77:Core/Src/tim.c ****   sConfigOC.OCIdleState = TIM_OCIDLESTATE_RESET;
  78:Core/Src/tim.c ****   sConfigOC.OCNIdleState = TIM_OCNIDLESTATE_RESET;
  79:Core/Src/tim.c ****   if (HAL_TIM_PWM_ConfigChannel(&htim1, &sConfigOC, TIM_CHANNEL_1) != HAL_OK)
  80:Core/Src/tim.c ****   {
  81:Core/Src/tim.c ****     Error_Handler();
  82:Core/Src/tim.c ****   }
  83:Core/Src/tim.c ****   if (HAL_TIM_PWM_ConfigChannel(&htim1, &sConfigOC, TIM_CHANNEL_2) != HAL_OK)
  84:Core/Src/tim.c ****   {
  85:Core/Src/tim.c ****     Error_Handler();
  86:Core/Src/tim.c ****   }
ARM GAS  C:\Users\Booster\AppData\Local\Temp\ccMc10ld.s 			page 3


  87:Core/Src/tim.c ****   if (HAL_TIM_PWM_ConfigChannel(&htim1, &sConfigOC, TIM_CHANNEL_3) != HAL_OK)
  88:Core/Src/tim.c ****   {
  89:Core/Src/tim.c ****     Error_Handler();
  90:Core/Src/tim.c ****   }
  91:Core/Src/tim.c ****   sConfigOC.OCMode = TIM_OCMODE_PWM2;
  92:Core/Src/tim.c ****   if (HAL_TIM_PWM_ConfigChannel(&htim1, &sConfigOC, TIM_CHANNEL_4) != HAL_OK)
  93:Core/Src/tim.c ****   {
  94:Core/Src/tim.c ****     Error_Handler();
  95:Core/Src/tim.c ****   }
  96:Core/Src/tim.c ****   sBreakDeadTimeConfig.OffStateRunMode = TIM_OSSR_DISABLE;
  97:Core/Src/tim.c ****   sBreakDeadTimeConfig.OffStateIDLEMode = TIM_OSSI_DISABLE;
  98:Core/Src/tim.c ****   sBreakDeadTimeConfig.LockLevel = TIM_LOCKLEVEL_OFF;
  99:Core/Src/tim.c ****   sBreakDeadTimeConfig.DeadTime = 0;
 100:Core/Src/tim.c ****   sBreakDeadTimeConfig.BreakState = TIM_BREAK_DISABLE;
 101:Core/Src/tim.c ****   sBreakDeadTimeConfig.BreakPolarity = TIM_BREAKPOLARITY_HIGH;
 102:Core/Src/tim.c ****   sBreakDeadTimeConfig.BreakFilter = 0;
 103:Core/Src/tim.c ****   sBreakDeadTimeConfig.BreakAFMode = TIM_BREAK_AFMODE_INPUT;
 104:Core/Src/tim.c ****   sBreakDeadTimeConfig.Break2State = TIM_BREAK2_DISABLE;
 105:Core/Src/tim.c ****   sBreakDeadTimeConfig.Break2Polarity = TIM_BREAK2POLARITY_HIGH;
 106:Core/Src/tim.c ****   sBreakDeadTimeConfig.Break2Filter = 0;
 107:Core/Src/tim.c ****   sBreakDeadTimeConfig.Break2AFMode = TIM_BREAK_AFMODE_INPUT;
 108:Core/Src/tim.c ****   sBreakDeadTimeConfig.AutomaticOutput = TIM_AUTOMATICOUTPUT_DISABLE;
 109:Core/Src/tim.c ****   if (HAL_TIMEx_ConfigBreakDeadTime(&htim1, &sBreakDeadTimeConfig) != HAL_OK)
 110:Core/Src/tim.c ****   {
 111:Core/Src/tim.c ****     Error_Handler();
 112:Core/Src/tim.c ****   }
 113:Core/Src/tim.c ****   /* USER CODE BEGIN TIM1_Init 2 */
 114:Core/Src/tim.c **** 
 115:Core/Src/tim.c ****   /* USER CODE END TIM1_Init 2 */
 116:Core/Src/tim.c ****   HAL_TIM_MspPostInit(&htim1);
 117:Core/Src/tim.c **** 
 118:Core/Src/tim.c **** }
 119:Core/Src/tim.c **** 
 120:Core/Src/tim.c **** void HAL_TIM_Base_MspInit(TIM_HandleTypeDef* tim_baseHandle)
 121:Core/Src/tim.c **** {
  30              		.loc 1 121 1 view -0
  31              		.cfi_startproc
  32              		@ args = 0, pretend = 0, frame = 8
  33              		@ frame_needed = 0, uses_anonymous_args = 0
  34              		@ link register save eliminated.
 122:Core/Src/tim.c **** 
 123:Core/Src/tim.c ****   if(tim_baseHandle->Instance==TIM1)
  35              		.loc 1 123 3 view .LVU1
  36              		.loc 1 123 20 is_stmt 0 view .LVU2
  37 0000 0268     		ldr	r2, [r0]
  38              		.loc 1 123 5 view .LVU3
  39 0002 094B     		ldr	r3, .L8
  40 0004 9A42     		cmp	r2, r3
  41 0006 00D0     		beq	.L7
  42 0008 7047     		bx	lr
  43              	.L7:
 121:Core/Src/tim.c **** 
  44              		.loc 1 121 1 view .LVU4
  45 000a 82B0     		sub	sp, sp, #8
  46              	.LCFI0:
  47              		.cfi_def_cfa_offset 8
 124:Core/Src/tim.c ****   {
ARM GAS  C:\Users\Booster\AppData\Local\Temp\ccMc10ld.s 			page 4


 125:Core/Src/tim.c ****   /* USER CODE BEGIN TIM1_MspInit 0 */
 126:Core/Src/tim.c **** 
 127:Core/Src/tim.c ****   /* USER CODE END TIM1_MspInit 0 */
 128:Core/Src/tim.c ****     /* TIM1 clock enable */
 129:Core/Src/tim.c ****     __HAL_RCC_TIM1_CLK_ENABLE();
  48              		.loc 1 129 5 is_stmt 1 view .LVU5
  49              	.LBB2:
  50              		.loc 1 129 5 view .LVU6
  51              		.loc 1 129 5 view .LVU7
  52 000c 03F56443 		add	r3, r3, #58368
  53 0010 1A6E     		ldr	r2, [r3, #96]
  54 0012 42F40062 		orr	r2, r2, #2048
  55 0016 1A66     		str	r2, [r3, #96]
  56              		.loc 1 129 5 view .LVU8
  57 0018 1B6E     		ldr	r3, [r3, #96]
  58 001a 03F40063 		and	r3, r3, #2048
  59 001e 0193     		str	r3, [sp, #4]
  60              		.loc 1 129 5 view .LVU9
  61 0020 019B     		ldr	r3, [sp, #4]
  62              	.LBE2:
  63              		.loc 1 129 5 view .LVU10
 130:Core/Src/tim.c ****   /* USER CODE BEGIN TIM1_MspInit 1 */
 131:Core/Src/tim.c **** 
 132:Core/Src/tim.c ****   /* USER CODE END TIM1_MspInit 1 */
 133:Core/Src/tim.c ****   }
 134:Core/Src/tim.c **** }
  64              		.loc 1 134 1 is_stmt 0 view .LVU11
  65 0022 02B0     		add	sp, sp, #8
  66              	.LCFI1:
  67              		.cfi_def_cfa_offset 0
  68              		@ sp needed
  69 0024 7047     		bx	lr
  70              	.L9:
  71 0026 00BF     		.align	2
  72              	.L8:
  73 0028 002C0140 		.word	1073818624
  74              		.cfi_endproc
  75              	.LFE330:
  77              		.section	.text.HAL_TIM_MspPostInit,"ax",%progbits
  78              		.align	1
  79              		.global	HAL_TIM_MspPostInit
  80              		.syntax unified
  81              		.thumb
  82              		.thumb_func
  84              	HAL_TIM_MspPostInit:
  85              	.LVL1:
  86              	.LFB331:
 135:Core/Src/tim.c **** void HAL_TIM_MspPostInit(TIM_HandleTypeDef* timHandle)
 136:Core/Src/tim.c **** {
  87              		.loc 1 136 1 is_stmt 1 view -0
  88              		.cfi_startproc
  89              		@ args = 0, pretend = 0, frame = 24
  90              		@ frame_needed = 0, uses_anonymous_args = 0
  91              		.loc 1 136 1 is_stmt 0 view .LVU13
  92 0000 00B5     		push	{lr}
  93              	.LCFI2:
  94              		.cfi_def_cfa_offset 4
ARM GAS  C:\Users\Booster\AppData\Local\Temp\ccMc10ld.s 			page 5


  95              		.cfi_offset 14, -4
  96 0002 87B0     		sub	sp, sp, #28
  97              	.LCFI3:
  98              		.cfi_def_cfa_offset 32
 137:Core/Src/tim.c **** 
 138:Core/Src/tim.c ****   GPIO_InitTypeDef GPIO_InitStruct = {0};
  99              		.loc 1 138 3 is_stmt 1 view .LVU14
 100              		.loc 1 138 20 is_stmt 0 view .LVU15
 101 0004 0023     		movs	r3, #0
 102 0006 0193     		str	r3, [sp, #4]
 103 0008 0293     		str	r3, [sp, #8]
 104 000a 0393     		str	r3, [sp, #12]
 105 000c 0493     		str	r3, [sp, #16]
 106 000e 0593     		str	r3, [sp, #20]
 139:Core/Src/tim.c ****   if(timHandle->Instance==TIM1)
 107              		.loc 1 139 3 is_stmt 1 view .LVU16
 108              		.loc 1 139 15 is_stmt 0 view .LVU17
 109 0010 0268     		ldr	r2, [r0]
 110              		.loc 1 139 5 view .LVU18
 111 0012 0F4B     		ldr	r3, .L14
 112 0014 9A42     		cmp	r2, r3
 113 0016 02D0     		beq	.L13
 114              	.LVL2:
 115              	.L10:
 140:Core/Src/tim.c ****   {
 141:Core/Src/tim.c ****   /* USER CODE BEGIN TIM1_MspPostInit 0 */
 142:Core/Src/tim.c **** 
 143:Core/Src/tim.c ****   /* USER CODE END TIM1_MspPostInit 0 */
 144:Core/Src/tim.c **** 
 145:Core/Src/tim.c ****     __HAL_RCC_GPIOA_CLK_ENABLE();
 146:Core/Src/tim.c ****     /**TIM1 GPIO Configuration
 147:Core/Src/tim.c ****     PA8     ------> TIM1_CH1
 148:Core/Src/tim.c ****     PA9     ------> TIM1_CH2
 149:Core/Src/tim.c ****     PA10     ------> TIM1_CH3
 150:Core/Src/tim.c ****     */
 151:Core/Src/tim.c ****     GPIO_InitStruct.Pin = GPIO_PIN_8|GPIO_PIN_9|GPIO_PIN_10;
 152:Core/Src/tim.c ****     GPIO_InitStruct.Mode = GPIO_MODE_AF_PP;
 153:Core/Src/tim.c ****     GPIO_InitStruct.Pull = GPIO_NOPULL;
 154:Core/Src/tim.c ****     GPIO_InitStruct.Speed = GPIO_SPEED_FREQ_LOW;
 155:Core/Src/tim.c ****     GPIO_InitStruct.Alternate = GPIO_AF6_TIM1;
 156:Core/Src/tim.c ****     HAL_GPIO_Init(GPIOA, &GPIO_InitStruct);
 157:Core/Src/tim.c **** 
 158:Core/Src/tim.c ****   /* USER CODE BEGIN TIM1_MspPostInit 1 */
 159:Core/Src/tim.c **** 
 160:Core/Src/tim.c ****   /* USER CODE END TIM1_MspPostInit 1 */
 161:Core/Src/tim.c ****   }
 162:Core/Src/tim.c **** 
 163:Core/Src/tim.c **** }
 116              		.loc 1 163 1 view .LVU19
 117 0018 07B0     		add	sp, sp, #28
 118              	.LCFI4:
 119              		.cfi_remember_state
 120              		.cfi_def_cfa_offset 4
 121              		@ sp needed
 122 001a 5DF804FB 		ldr	pc, [sp], #4
 123              	.LVL3:
 124              	.L13:
ARM GAS  C:\Users\Booster\AppData\Local\Temp\ccMc10ld.s 			page 6


 125              	.LCFI5:
 126              		.cfi_restore_state
 145:Core/Src/tim.c ****     /**TIM1 GPIO Configuration
 127              		.loc 1 145 5 is_stmt 1 view .LVU20
 128              	.LBB3:
 145:Core/Src/tim.c ****     /**TIM1 GPIO Configuration
 129              		.loc 1 145 5 view .LVU21
 145:Core/Src/tim.c ****     /**TIM1 GPIO Configuration
 130              		.loc 1 145 5 view .LVU22
 131 001e 03F56443 		add	r3, r3, #58368
 132 0022 DA6C     		ldr	r2, [r3, #76]
 133 0024 42F00102 		orr	r2, r2, #1
 134 0028 DA64     		str	r2, [r3, #76]
 145:Core/Src/tim.c ****     /**TIM1 GPIO Configuration
 135              		.loc 1 145 5 view .LVU23
 136 002a DB6C     		ldr	r3, [r3, #76]
 137 002c 03F00103 		and	r3, r3, #1
 138 0030 0093     		str	r3, [sp]
 145:Core/Src/tim.c ****     /**TIM1 GPIO Configuration
 139              		.loc 1 145 5 view .LVU24
 140 0032 009B     		ldr	r3, [sp]
 141              	.LBE3:
 145:Core/Src/tim.c ****     /**TIM1 GPIO Configuration
 142              		.loc 1 145 5 view .LVU25
 151:Core/Src/tim.c ****     GPIO_InitStruct.Mode = GPIO_MODE_AF_PP;
 143              		.loc 1 151 5 view .LVU26
 151:Core/Src/tim.c ****     GPIO_InitStruct.Mode = GPIO_MODE_AF_PP;
 144              		.loc 1 151 25 is_stmt 0 view .LVU27
 145 0034 4FF4E063 		mov	r3, #1792
 146 0038 0193     		str	r3, [sp, #4]
 152:Core/Src/tim.c ****     GPIO_InitStruct.Pull = GPIO_NOPULL;
 147              		.loc 1 152 5 is_stmt 1 view .LVU28
 152:Core/Src/tim.c ****     GPIO_InitStruct.Pull = GPIO_NOPULL;
 148              		.loc 1 152 26 is_stmt 0 view .LVU29
 149 003a 0223     		movs	r3, #2
 150 003c 0293     		str	r3, [sp, #8]
 153:Core/Src/tim.c ****     GPIO_InitStruct.Speed = GPIO_SPEED_FREQ_LOW;
 151              		.loc 1 153 5 is_stmt 1 view .LVU30
 154:Core/Src/tim.c ****     GPIO_InitStruct.Alternate = GPIO_AF6_TIM1;
 152              		.loc 1 154 5 view .LVU31
 155:Core/Src/tim.c ****     HAL_GPIO_Init(GPIOA, &GPIO_InitStruct);
 153              		.loc 1 155 5 view .LVU32
 155:Core/Src/tim.c ****     HAL_GPIO_Init(GPIOA, &GPIO_InitStruct);
 154              		.loc 1 155 31 is_stmt 0 view .LVU33
 155 003e 0623     		movs	r3, #6
 156 0040 0593     		str	r3, [sp, #20]
 156:Core/Src/tim.c **** 
 157              		.loc 1 156 5 is_stmt 1 view .LVU34
 158 0042 01A9     		add	r1, sp, #4
 159 0044 4FF09040 		mov	r0, #1207959552
 160              	.LVL4:
 156:Core/Src/tim.c **** 
 161              		.loc 1 156 5 is_stmt 0 view .LVU35
 162 0048 FFF7FEFF 		bl	HAL_GPIO_Init
 163              	.LVL5:
 164              		.loc 1 163 1 view .LVU36
 165 004c E4E7     		b	.L10
ARM GAS  C:\Users\Booster\AppData\Local\Temp\ccMc10ld.s 			page 7


 166              	.L15:
 167 004e 00BF     		.align	2
 168              	.L14:
 169 0050 002C0140 		.word	1073818624
 170              		.cfi_endproc
 171              	.LFE331:
 173              		.section	.text.MX_TIM1_Init,"ax",%progbits
 174              		.align	1
 175              		.global	MX_TIM1_Init
 176              		.syntax unified
 177              		.thumb
 178              		.thumb_func
 180              	MX_TIM1_Init:
 181              	.LFB329:
  31:Core/Src/tim.c **** 
 182              		.loc 1 31 1 is_stmt 1 view -0
 183              		.cfi_startproc
 184              		@ args = 0, pretend = 0, frame = 112
 185              		@ frame_needed = 0, uses_anonymous_args = 0
 186 0000 10B5     		push	{r4, lr}
 187              	.LCFI6:
 188              		.cfi_def_cfa_offset 8
 189              		.cfi_offset 4, -8
 190              		.cfi_offset 14, -4
 191 0002 9CB0     		sub	sp, sp, #112
 192              	.LCFI7:
 193              		.cfi_def_cfa_offset 120
  37:Core/Src/tim.c ****   TIM_MasterConfigTypeDef sMasterConfig = {0};
 194              		.loc 1 37 3 view .LVU38
  37:Core/Src/tim.c ****   TIM_MasterConfigTypeDef sMasterConfig = {0};
 195              		.loc 1 37 26 is_stmt 0 view .LVU39
 196 0004 0024     		movs	r4, #0
 197 0006 1894     		str	r4, [sp, #96]
 198 0008 1994     		str	r4, [sp, #100]
 199 000a 1A94     		str	r4, [sp, #104]
 200 000c 1B94     		str	r4, [sp, #108]
  38:Core/Src/tim.c ****   TIM_OC_InitTypeDef sConfigOC = {0};
 201              		.loc 1 38 3 is_stmt 1 view .LVU40
  38:Core/Src/tim.c ****   TIM_OC_InitTypeDef sConfigOC = {0};
 202              		.loc 1 38 27 is_stmt 0 view .LVU41
 203 000e 1594     		str	r4, [sp, #84]
 204 0010 1694     		str	r4, [sp, #88]
 205 0012 1794     		str	r4, [sp, #92]
  39:Core/Src/tim.c ****   TIM_BreakDeadTimeConfigTypeDef sBreakDeadTimeConfig = {0};
 206              		.loc 1 39 3 is_stmt 1 view .LVU42
  39:Core/Src/tim.c ****   TIM_BreakDeadTimeConfigTypeDef sBreakDeadTimeConfig = {0};
 207              		.loc 1 39 22 is_stmt 0 view .LVU43
 208 0014 0E94     		str	r4, [sp, #56]
 209 0016 0F94     		str	r4, [sp, #60]
 210 0018 1094     		str	r4, [sp, #64]
 211 001a 1194     		str	r4, [sp, #68]
 212 001c 1294     		str	r4, [sp, #72]
 213 001e 1394     		str	r4, [sp, #76]
 214 0020 1494     		str	r4, [sp, #80]
  40:Core/Src/tim.c **** 
 215              		.loc 1 40 3 is_stmt 1 view .LVU44
  40:Core/Src/tim.c **** 
ARM GAS  C:\Users\Booster\AppData\Local\Temp\ccMc10ld.s 			page 8


 216              		.loc 1 40 34 is_stmt 0 view .LVU45
 217 0022 3422     		movs	r2, #52
 218 0024 2146     		mov	r1, r4
 219 0026 01A8     		add	r0, sp, #4
 220 0028 FFF7FEFF 		bl	memset
 221              	.LVL6:
  45:Core/Src/tim.c ****   htim1.Init.Prescaler = 0;
 222              		.loc 1 45 3 is_stmt 1 view .LVU46
  45:Core/Src/tim.c ****   htim1.Init.Prescaler = 0;
 223              		.loc 1 45 18 is_stmt 0 view .LVU47
 224 002c 4548     		ldr	r0, .L36
 225 002e 464B     		ldr	r3, .L36+4
 226 0030 0360     		str	r3, [r0]
  46:Core/Src/tim.c ****   htim1.Init.CounterMode = TIM_COUNTERMODE_CENTERALIGNED1;
 227              		.loc 1 46 3 is_stmt 1 view .LVU48
  46:Core/Src/tim.c ****   htim1.Init.CounterMode = TIM_COUNTERMODE_CENTERALIGNED1;
 228              		.loc 1 46 24 is_stmt 0 view .LVU49
 229 0032 4460     		str	r4, [r0, #4]
  47:Core/Src/tim.c ****   htim1.Init.Period = 4250;
 230              		.loc 1 47 3 is_stmt 1 view .LVU50
  47:Core/Src/tim.c ****   htim1.Init.Period = 4250;
 231              		.loc 1 47 26 is_stmt 0 view .LVU51
 232 0034 2023     		movs	r3, #32
 233 0036 8360     		str	r3, [r0, #8]
  48:Core/Src/tim.c ****   htim1.Init.ClockDivision = TIM_CLOCKDIVISION_DIV2;
 234              		.loc 1 48 3 is_stmt 1 view .LVU52
  48:Core/Src/tim.c ****   htim1.Init.ClockDivision = TIM_CLOCKDIVISION_DIV2;
 235              		.loc 1 48 21 is_stmt 0 view .LVU53
 236 0038 41F29A03 		movw	r3, #4250
 237 003c C360     		str	r3, [r0, #12]
  49:Core/Src/tim.c ****   htim1.Init.RepetitionCounter = 1;
 238              		.loc 1 49 3 is_stmt 1 view .LVU54
  49:Core/Src/tim.c ****   htim1.Init.RepetitionCounter = 1;
 239              		.loc 1 49 28 is_stmt 0 view .LVU55
 240 003e 4FF48073 		mov	r3, #256
 241 0042 0361     		str	r3, [r0, #16]
  50:Core/Src/tim.c ****   htim1.Init.AutoReloadPreload = TIM_AUTORELOAD_PRELOAD_DISABLE;
 242              		.loc 1 50 3 is_stmt 1 view .LVU56
  50:Core/Src/tim.c ****   htim1.Init.AutoReloadPreload = TIM_AUTORELOAD_PRELOAD_DISABLE;
 243              		.loc 1 50 32 is_stmt 0 view .LVU57
 244 0044 0123     		movs	r3, #1
 245 0046 4361     		str	r3, [r0, #20]
  51:Core/Src/tim.c ****   if (HAL_TIM_Base_Init(&htim1) != HAL_OK)
 246              		.loc 1 51 3 is_stmt 1 view .LVU58
  51:Core/Src/tim.c ****   if (HAL_TIM_Base_Init(&htim1) != HAL_OK)
 247              		.loc 1 51 32 is_stmt 0 view .LVU59
 248 0048 8461     		str	r4, [r0, #24]
  52:Core/Src/tim.c ****   {
 249              		.loc 1 52 3 is_stmt 1 view .LVU60
  52:Core/Src/tim.c ****   {
 250              		.loc 1 52 7 is_stmt 0 view .LVU61
 251 004a FFF7FEFF 		bl	HAL_TIM_Base_Init
 252              	.LVL7:
  52:Core/Src/tim.c ****   {
 253              		.loc 1 52 6 view .LVU62
 254 004e 0028     		cmp	r0, #0
 255 0050 5CD1     		bne	.L27
ARM GAS  C:\Users\Booster\AppData\Local\Temp\ccMc10ld.s 			page 9


 256              	.L17:
  56:Core/Src/tim.c ****   if (HAL_TIM_ConfigClockSource(&htim1, &sClockSourceConfig) != HAL_OK)
 257              		.loc 1 56 3 is_stmt 1 view .LVU63
  56:Core/Src/tim.c ****   if (HAL_TIM_ConfigClockSource(&htim1, &sClockSourceConfig) != HAL_OK)
 258              		.loc 1 56 34 is_stmt 0 view .LVU64
 259 0052 4FF48053 		mov	r3, #4096
 260 0056 1893     		str	r3, [sp, #96]
  57:Core/Src/tim.c ****   {
 261              		.loc 1 57 3 is_stmt 1 view .LVU65
  57:Core/Src/tim.c ****   {
 262              		.loc 1 57 7 is_stmt 0 view .LVU66
 263 0058 18A9     		add	r1, sp, #96
 264 005a 3A48     		ldr	r0, .L36
 265 005c FFF7FEFF 		bl	HAL_TIM_ConfigClockSource
 266              	.LVL8:
  57:Core/Src/tim.c ****   {
 267              		.loc 1 57 6 view .LVU67
 268 0060 0028     		cmp	r0, #0
 269 0062 56D1     		bne	.L28
 270              	.L18:
  61:Core/Src/tim.c ****   {
 271              		.loc 1 61 3 is_stmt 1 view .LVU68
  61:Core/Src/tim.c ****   {
 272              		.loc 1 61 7 is_stmt 0 view .LVU69
 273 0064 3748     		ldr	r0, .L36
 274 0066 FFF7FEFF 		bl	HAL_TIM_PWM_Init
 275              	.LVL9:
  61:Core/Src/tim.c ****   {
 276              		.loc 1 61 6 view .LVU70
 277 006a 0028     		cmp	r0, #0
 278 006c 54D1     		bne	.L29
 279              	.L19:
  65:Core/Src/tim.c ****   sMasterConfig.MasterOutputTrigger2 = TIM_TRGO2_UPDATE;
 280              		.loc 1 65 3 is_stmt 1 view .LVU71
  65:Core/Src/tim.c ****   sMasterConfig.MasterOutputTrigger2 = TIM_TRGO2_UPDATE;
 281              		.loc 1 65 37 is_stmt 0 view .LVU72
 282 006e 7023     		movs	r3, #112
 283 0070 1593     		str	r3, [sp, #84]
  66:Core/Src/tim.c ****   sMasterConfig.MasterSlaveMode = TIM_MASTERSLAVEMODE_DISABLE;
 284              		.loc 1 66 3 is_stmt 1 view .LVU73
  66:Core/Src/tim.c ****   sMasterConfig.MasterSlaveMode = TIM_MASTERSLAVEMODE_DISABLE;
 285              		.loc 1 66 38 is_stmt 0 view .LVU74
 286 0072 4FF40013 		mov	r3, #2097152
 287 0076 1693     		str	r3, [sp, #88]
  67:Core/Src/tim.c ****   if (HAL_TIMEx_MasterConfigSynchronization(&htim1, &sMasterConfig) != HAL_OK)
 288              		.loc 1 67 3 is_stmt 1 view .LVU75
  67:Core/Src/tim.c ****   if (HAL_TIMEx_MasterConfigSynchronization(&htim1, &sMasterConfig) != HAL_OK)
 289              		.loc 1 67 33 is_stmt 0 view .LVU76
 290 0078 0023     		movs	r3, #0
 291 007a 1793     		str	r3, [sp, #92]
  68:Core/Src/tim.c ****   {
 292              		.loc 1 68 3 is_stmt 1 view .LVU77
  68:Core/Src/tim.c ****   {
 293              		.loc 1 68 7 is_stmt 0 view .LVU78
 294 007c 15A9     		add	r1, sp, #84
 295 007e 3148     		ldr	r0, .L36
 296 0080 FFF7FEFF 		bl	HAL_TIMEx_MasterConfigSynchronization
ARM GAS  C:\Users\Booster\AppData\Local\Temp\ccMc10ld.s 			page 10


 297              	.LVL10:
  68:Core/Src/tim.c ****   {
 298              		.loc 1 68 6 view .LVU79
 299 0084 0028     		cmp	r0, #0
 300 0086 4AD1     		bne	.L30
 301              	.L20:
  72:Core/Src/tim.c ****   sConfigOC.Pulse = 0;
 302              		.loc 1 72 3 is_stmt 1 view .LVU80
  72:Core/Src/tim.c ****   sConfigOC.Pulse = 0;
 303              		.loc 1 72 20 is_stmt 0 view .LVU81
 304 0088 6023     		movs	r3, #96
 305 008a 0E93     		str	r3, [sp, #56]
  73:Core/Src/tim.c ****   sConfigOC.OCPolarity = TIM_OCPOLARITY_HIGH;
 306              		.loc 1 73 3 is_stmt 1 view .LVU82
  73:Core/Src/tim.c ****   sConfigOC.OCPolarity = TIM_OCPOLARITY_HIGH;
 307              		.loc 1 73 19 is_stmt 0 view .LVU83
 308 008c 0022     		movs	r2, #0
 309 008e 0F92     		str	r2, [sp, #60]
  74:Core/Src/tim.c ****   sConfigOC.OCNPolarity = TIM_OCNPOLARITY_HIGH;
 310              		.loc 1 74 3 is_stmt 1 view .LVU84
  74:Core/Src/tim.c ****   sConfigOC.OCNPolarity = TIM_OCNPOLARITY_HIGH;
 311              		.loc 1 74 24 is_stmt 0 view .LVU85
 312 0090 1092     		str	r2, [sp, #64]
  75:Core/Src/tim.c ****   sConfigOC.OCFastMode = TIM_OCFAST_DISABLE;
 313              		.loc 1 75 3 is_stmt 1 view .LVU86
  75:Core/Src/tim.c ****   sConfigOC.OCFastMode = TIM_OCFAST_DISABLE;
 314              		.loc 1 75 25 is_stmt 0 view .LVU87
 315 0092 1192     		str	r2, [sp, #68]
  76:Core/Src/tim.c ****   sConfigOC.OCIdleState = TIM_OCIDLESTATE_RESET;
 316              		.loc 1 76 3 is_stmt 1 view .LVU88
  76:Core/Src/tim.c ****   sConfigOC.OCIdleState = TIM_OCIDLESTATE_RESET;
 317              		.loc 1 76 24 is_stmt 0 view .LVU89
 318 0094 1292     		str	r2, [sp, #72]
  77:Core/Src/tim.c ****   sConfigOC.OCNIdleState = TIM_OCNIDLESTATE_RESET;
 319              		.loc 1 77 3 is_stmt 1 view .LVU90
  77:Core/Src/tim.c ****   sConfigOC.OCNIdleState = TIM_OCNIDLESTATE_RESET;
 320              		.loc 1 77 25 is_stmt 0 view .LVU91
 321 0096 1392     		str	r2, [sp, #76]
  78:Core/Src/tim.c ****   if (HAL_TIM_PWM_ConfigChannel(&htim1, &sConfigOC, TIM_CHANNEL_1) != HAL_OK)
 322              		.loc 1 78 3 is_stmt 1 view .LVU92
  78:Core/Src/tim.c ****   if (HAL_TIM_PWM_ConfigChannel(&htim1, &sConfigOC, TIM_CHANNEL_1) != HAL_OK)
 323              		.loc 1 78 26 is_stmt 0 view .LVU93
 324 0098 1492     		str	r2, [sp, #80]
  79:Core/Src/tim.c ****   {
 325              		.loc 1 79 3 is_stmt 1 view .LVU94
  79:Core/Src/tim.c ****   {
 326              		.loc 1 79 7 is_stmt 0 view .LVU95
 327 009a 0EA9     		add	r1, sp, #56
 328 009c 2948     		ldr	r0, .L36
 329 009e FFF7FEFF 		bl	HAL_TIM_PWM_ConfigChannel
 330              	.LVL11:
  79:Core/Src/tim.c ****   {
 331              		.loc 1 79 6 view .LVU96
 332 00a2 0028     		cmp	r0, #0
 333 00a4 3ED1     		bne	.L31
 334              	.L21:
  83:Core/Src/tim.c ****   {
ARM GAS  C:\Users\Booster\AppData\Local\Temp\ccMc10ld.s 			page 11


 335              		.loc 1 83 3 is_stmt 1 view .LVU97
  83:Core/Src/tim.c ****   {
 336              		.loc 1 83 7 is_stmt 0 view .LVU98
 337 00a6 0422     		movs	r2, #4
 338 00a8 0EA9     		add	r1, sp, #56
 339 00aa 2648     		ldr	r0, .L36
 340 00ac FFF7FEFF 		bl	HAL_TIM_PWM_ConfigChannel
 341              	.LVL12:
  83:Core/Src/tim.c ****   {
 342              		.loc 1 83 6 view .LVU99
 343 00b0 0028     		cmp	r0, #0
 344 00b2 3AD1     		bne	.L32
 345              	.L22:
  87:Core/Src/tim.c ****   {
 346              		.loc 1 87 3 is_stmt 1 view .LVU100
  87:Core/Src/tim.c ****   {
 347              		.loc 1 87 7 is_stmt 0 view .LVU101
 348 00b4 0822     		movs	r2, #8
 349 00b6 0EA9     		add	r1, sp, #56
 350 00b8 2248     		ldr	r0, .L36
 351 00ba FFF7FEFF 		bl	HAL_TIM_PWM_ConfigChannel
 352              	.LVL13:
  87:Core/Src/tim.c ****   {
 353              		.loc 1 87 6 view .LVU102
 354 00be 0028     		cmp	r0, #0
 355 00c0 36D1     		bne	.L33
 356              	.L23:
  91:Core/Src/tim.c ****   if (HAL_TIM_PWM_ConfigChannel(&htim1, &sConfigOC, TIM_CHANNEL_4) != HAL_OK)
 357              		.loc 1 91 3 is_stmt 1 view .LVU103
  91:Core/Src/tim.c ****   if (HAL_TIM_PWM_ConfigChannel(&htim1, &sConfigOC, TIM_CHANNEL_4) != HAL_OK)
 358              		.loc 1 91 20 is_stmt 0 view .LVU104
 359 00c2 7023     		movs	r3, #112
 360 00c4 0E93     		str	r3, [sp, #56]
  92:Core/Src/tim.c ****   {
 361              		.loc 1 92 3 is_stmt 1 view .LVU105
  92:Core/Src/tim.c ****   {
 362              		.loc 1 92 7 is_stmt 0 view .LVU106
 363 00c6 0C22     		movs	r2, #12
 364 00c8 0EA9     		add	r1, sp, #56
 365 00ca 1E48     		ldr	r0, .L36
 366 00cc FFF7FEFF 		bl	HAL_TIM_PWM_ConfigChannel
 367              	.LVL14:
  92:Core/Src/tim.c ****   {
 368              		.loc 1 92 6 view .LVU107
 369 00d0 0028     		cmp	r0, #0
 370 00d2 30D1     		bne	.L34
 371              	.L24:
  96:Core/Src/tim.c ****   sBreakDeadTimeConfig.OffStateIDLEMode = TIM_OSSI_DISABLE;
 372              		.loc 1 96 3 is_stmt 1 view .LVU108
  96:Core/Src/tim.c ****   sBreakDeadTimeConfig.OffStateIDLEMode = TIM_OSSI_DISABLE;
 373              		.loc 1 96 40 is_stmt 0 view .LVU109
 374 00d4 0023     		movs	r3, #0
 375 00d6 0193     		str	r3, [sp, #4]
  97:Core/Src/tim.c ****   sBreakDeadTimeConfig.LockLevel = TIM_LOCKLEVEL_OFF;
 376              		.loc 1 97 3 is_stmt 1 view .LVU110
  97:Core/Src/tim.c ****   sBreakDeadTimeConfig.LockLevel = TIM_LOCKLEVEL_OFF;
 377              		.loc 1 97 41 is_stmt 0 view .LVU111
ARM GAS  C:\Users\Booster\AppData\Local\Temp\ccMc10ld.s 			page 12


 378 00d8 0293     		str	r3, [sp, #8]
  98:Core/Src/tim.c ****   sBreakDeadTimeConfig.DeadTime = 0;
 379              		.loc 1 98 3 is_stmt 1 view .LVU112
  98:Core/Src/tim.c ****   sBreakDeadTimeConfig.DeadTime = 0;
 380              		.loc 1 98 34 is_stmt 0 view .LVU113
 381 00da 0393     		str	r3, [sp, #12]
  99:Core/Src/tim.c ****   sBreakDeadTimeConfig.BreakState = TIM_BREAK_DISABLE;
 382              		.loc 1 99 3 is_stmt 1 view .LVU114
  99:Core/Src/tim.c ****   sBreakDeadTimeConfig.BreakState = TIM_BREAK_DISABLE;
 383              		.loc 1 99 33 is_stmt 0 view .LVU115
 384 00dc 0493     		str	r3, [sp, #16]
 100:Core/Src/tim.c ****   sBreakDeadTimeConfig.BreakPolarity = TIM_BREAKPOLARITY_HIGH;
 385              		.loc 1 100 3 is_stmt 1 view .LVU116
 100:Core/Src/tim.c ****   sBreakDeadTimeConfig.BreakPolarity = TIM_BREAKPOLARITY_HIGH;
 386              		.loc 1 100 35 is_stmt 0 view .LVU117
 387 00de 0593     		str	r3, [sp, #20]
 101:Core/Src/tim.c ****   sBreakDeadTimeConfig.BreakFilter = 0;
 388              		.loc 1 101 3 is_stmt 1 view .LVU118
 101:Core/Src/tim.c ****   sBreakDeadTimeConfig.BreakFilter = 0;
 389              		.loc 1 101 38 is_stmt 0 view .LVU119
 390 00e0 4FF40052 		mov	r2, #8192
 391 00e4 0692     		str	r2, [sp, #24]
 102:Core/Src/tim.c ****   sBreakDeadTimeConfig.BreakAFMode = TIM_BREAK_AFMODE_INPUT;
 392              		.loc 1 102 3 is_stmt 1 view .LVU120
 102:Core/Src/tim.c ****   sBreakDeadTimeConfig.BreakAFMode = TIM_BREAK_AFMODE_INPUT;
 393              		.loc 1 102 36 is_stmt 0 view .LVU121
 394 00e6 0793     		str	r3, [sp, #28]
 103:Core/Src/tim.c ****   sBreakDeadTimeConfig.Break2State = TIM_BREAK2_DISABLE;
 395              		.loc 1 103 3 is_stmt 1 view .LVU122
 103:Core/Src/tim.c ****   sBreakDeadTimeConfig.Break2State = TIM_BREAK2_DISABLE;
 396              		.loc 1 103 36 is_stmt 0 view .LVU123
 397 00e8 0893     		str	r3, [sp, #32]
 104:Core/Src/tim.c ****   sBreakDeadTimeConfig.Break2Polarity = TIM_BREAK2POLARITY_HIGH;
 398              		.loc 1 104 3 is_stmt 1 view .LVU124
 104:Core/Src/tim.c ****   sBreakDeadTimeConfig.Break2Polarity = TIM_BREAK2POLARITY_HIGH;
 399              		.loc 1 104 36 is_stmt 0 view .LVU125
 400 00ea 0993     		str	r3, [sp, #36]
 105:Core/Src/tim.c ****   sBreakDeadTimeConfig.Break2Filter = 0;
 401              		.loc 1 105 3 is_stmt 1 view .LVU126
 105:Core/Src/tim.c ****   sBreakDeadTimeConfig.Break2Filter = 0;
 402              		.loc 1 105 39 is_stmt 0 view .LVU127
 403 00ec 4FF00072 		mov	r2, #33554432
 404 00f0 0A92     		str	r2, [sp, #40]
 106:Core/Src/tim.c ****   sBreakDeadTimeConfig.Break2AFMode = TIM_BREAK_AFMODE_INPUT;
 405              		.loc 1 106 3 is_stmt 1 view .LVU128
 106:Core/Src/tim.c ****   sBreakDeadTimeConfig.Break2AFMode = TIM_BREAK_AFMODE_INPUT;
 406              		.loc 1 106 37 is_stmt 0 view .LVU129
 407 00f2 0B93     		str	r3, [sp, #44]
 107:Core/Src/tim.c ****   sBreakDeadTimeConfig.AutomaticOutput = TIM_AUTOMATICOUTPUT_DISABLE;
 408              		.loc 1 107 3 is_stmt 1 view .LVU130
 107:Core/Src/tim.c ****   sBreakDeadTimeConfig.AutomaticOutput = TIM_AUTOMATICOUTPUT_DISABLE;
 409              		.loc 1 107 37 is_stmt 0 view .LVU131
 410 00f4 0C93     		str	r3, [sp, #48]
 108:Core/Src/tim.c ****   if (HAL_TIMEx_ConfigBreakDeadTime(&htim1, &sBreakDeadTimeConfig) != HAL_OK)
 411              		.loc 1 108 3 is_stmt 1 view .LVU132
 108:Core/Src/tim.c ****   if (HAL_TIMEx_ConfigBreakDeadTime(&htim1, &sBreakDeadTimeConfig) != HAL_OK)
 412              		.loc 1 108 40 is_stmt 0 view .LVU133
ARM GAS  C:\Users\Booster\AppData\Local\Temp\ccMc10ld.s 			page 13


 413 00f6 0D93     		str	r3, [sp, #52]
 109:Core/Src/tim.c ****   {
 414              		.loc 1 109 3 is_stmt 1 view .LVU134
 109:Core/Src/tim.c ****   {
 415              		.loc 1 109 7 is_stmt 0 view .LVU135
 416 00f8 01A9     		add	r1, sp, #4
 417 00fa 1248     		ldr	r0, .L36
 418 00fc FFF7FEFF 		bl	HAL_TIMEx_ConfigBreakDeadTime
 419              	.LVL15:
 109:Core/Src/tim.c ****   {
 420              		.loc 1 109 6 view .LVU136
 421 0100 E0B9     		cbnz	r0, .L35
 422              	.L25:
 116:Core/Src/tim.c **** 
 423              		.loc 1 116 3 is_stmt 1 view .LVU137
 424 0102 1048     		ldr	r0, .L36
 425 0104 FFF7FEFF 		bl	HAL_TIM_MspPostInit
 426              	.LVL16:
 118:Core/Src/tim.c **** 
 427              		.loc 1 118 1 is_stmt 0 view .LVU138
 428 0108 1CB0     		add	sp, sp, #112
 429              	.LCFI8:
 430              		.cfi_remember_state
 431              		.cfi_def_cfa_offset 8
 432              		@ sp needed
 433 010a 10BD     		pop	{r4, pc}
 434              	.L27:
 435              	.LCFI9:
 436              		.cfi_restore_state
  54:Core/Src/tim.c ****   }
 437              		.loc 1 54 5 is_stmt 1 view .LVU139
 438 010c FFF7FEFF 		bl	Error_Handler
 439              	.LVL17:
 440 0110 9FE7     		b	.L17
 441              	.L28:
  59:Core/Src/tim.c ****   }
 442              		.loc 1 59 5 view .LVU140
 443 0112 FFF7FEFF 		bl	Error_Handler
 444              	.LVL18:
 445 0116 A5E7     		b	.L18
 446              	.L29:
  63:Core/Src/tim.c ****   }
 447              		.loc 1 63 5 view .LVU141
 448 0118 FFF7FEFF 		bl	Error_Handler
 449              	.LVL19:
 450 011c A7E7     		b	.L19
 451              	.L30:
  70:Core/Src/tim.c ****   }
 452              		.loc 1 70 5 view .LVU142
 453 011e FFF7FEFF 		bl	Error_Handler
 454              	.LVL20:
 455 0122 B1E7     		b	.L20
 456              	.L31:
  81:Core/Src/tim.c ****   }
 457              		.loc 1 81 5 view .LVU143
 458 0124 FFF7FEFF 		bl	Error_Handler
 459              	.LVL21:
ARM GAS  C:\Users\Booster\AppData\Local\Temp\ccMc10ld.s 			page 14


 460 0128 BDE7     		b	.L21
 461              	.L32:
  85:Core/Src/tim.c ****   }
 462              		.loc 1 85 5 view .LVU144
 463 012a FFF7FEFF 		bl	Error_Handler
 464              	.LVL22:
 465 012e C1E7     		b	.L22
 466              	.L33:
  89:Core/Src/tim.c ****   }
 467              		.loc 1 89 5 view .LVU145
 468 0130 FFF7FEFF 		bl	Error_Handler
 469              	.LVL23:
 470 0134 C5E7     		b	.L23
 471              	.L34:
  94:Core/Src/tim.c ****   }
 472              		.loc 1 94 5 view .LVU146
 473 0136 FFF7FEFF 		bl	Error_Handler
 474              	.LVL24:
 475 013a CBE7     		b	.L24
 476              	.L35:
 111:Core/Src/tim.c ****   }
 477              		.loc 1 111 5 view .LVU147
 478 013c FFF7FEFF 		bl	Error_Handler
 479              	.LVL25:
 480 0140 DFE7     		b	.L25
 481              	.L37:
 482 0142 00BF     		.align	2
 483              	.L36:
 484 0144 00000000 		.word	htim1
 485 0148 002C0140 		.word	1073818624
 486              		.cfi_endproc
 487              	.LFE329:
 489              		.section	.text.HAL_TIM_Base_MspDeInit,"ax",%progbits
 490              		.align	1
 491              		.global	HAL_TIM_Base_MspDeInit
 492              		.syntax unified
 493              		.thumb
 494              		.thumb_func
 496              	HAL_TIM_Base_MspDeInit:
 497              	.LVL26:
 498              	.LFB332:
 164:Core/Src/tim.c **** 
 165:Core/Src/tim.c **** void HAL_TIM_Base_MspDeInit(TIM_HandleTypeDef* tim_baseHandle)
 166:Core/Src/tim.c **** {
 499              		.loc 1 166 1 view -0
 500              		.cfi_startproc
 501              		@ args = 0, pretend = 0, frame = 0
 502              		@ frame_needed = 0, uses_anonymous_args = 0
 503              		@ link register save eliminated.
 167:Core/Src/tim.c **** 
 168:Core/Src/tim.c ****   if(tim_baseHandle->Instance==TIM1)
 504              		.loc 1 168 3 view .LVU149
 505              		.loc 1 168 20 is_stmt 0 view .LVU150
 506 0000 0268     		ldr	r2, [r0]
 507              		.loc 1 168 5 view .LVU151
 508 0002 054B     		ldr	r3, .L41
 509 0004 9A42     		cmp	r2, r3
ARM GAS  C:\Users\Booster\AppData\Local\Temp\ccMc10ld.s 			page 15


 510 0006 00D0     		beq	.L40
 511              	.L38:
 169:Core/Src/tim.c ****   {
 170:Core/Src/tim.c ****   /* USER CODE BEGIN TIM1_MspDeInit 0 */
 171:Core/Src/tim.c **** 
 172:Core/Src/tim.c ****   /* USER CODE END TIM1_MspDeInit 0 */
 173:Core/Src/tim.c ****     /* Peripheral clock disable */
 174:Core/Src/tim.c ****     __HAL_RCC_TIM1_CLK_DISABLE();
 175:Core/Src/tim.c ****   /* USER CODE BEGIN TIM1_MspDeInit 1 */
 176:Core/Src/tim.c **** 
 177:Core/Src/tim.c ****   /* USER CODE END TIM1_MspDeInit 1 */
 178:Core/Src/tim.c ****   }
 179:Core/Src/tim.c **** }
 512              		.loc 1 179 1 view .LVU152
 513 0008 7047     		bx	lr
 514              	.L40:
 174:Core/Src/tim.c ****   /* USER CODE BEGIN TIM1_MspDeInit 1 */
 515              		.loc 1 174 5 is_stmt 1 view .LVU153
 516 000a 044A     		ldr	r2, .L41+4
 517 000c 136E     		ldr	r3, [r2, #96]
 518 000e 23F40063 		bic	r3, r3, #2048
 519 0012 1366     		str	r3, [r2, #96]
 520              		.loc 1 179 1 is_stmt 0 view .LVU154
 521 0014 F8E7     		b	.L38
 522              	.L42:
 523 0016 00BF     		.align	2
 524              	.L41:
 525 0018 002C0140 		.word	1073818624
 526 001c 00100240 		.word	1073876992
 527              		.cfi_endproc
 528              	.LFE332:
 530              		.global	htim1
 531              		.section	.bss.htim1,"aw",%nobits
 532              		.align	2
 535              	htim1:
 536 0000 00000000 		.space	76
 536      00000000 
 536      00000000 
 536      00000000 
 536      00000000 
 537              		.text
 538              	.Letext0:
 539              		.file 2 "c:\\program files (x86)\\arm gnu toolchain arm-none-eabi\\12.3 rel1\\arm-none-eabi\\inclu
 540              		.file 3 "c:\\program files (x86)\\arm gnu toolchain arm-none-eabi\\12.3 rel1\\arm-none-eabi\\inclu
 541              		.file 4 "Drivers/CMSIS/Device/ST/STM32G4xx/Include/stm32g431xx.h"
 542              		.file 5 "Drivers/STM32G4xx_HAL_Driver/Inc/stm32g4xx_hal_def.h"
 543              		.file 6 "Drivers/STM32G4xx_HAL_Driver/Inc/stm32g4xx_hal_gpio.h"
 544              		.file 7 "Drivers/STM32G4xx_HAL_Driver/Inc/stm32g4xx_hal_dma.h"
 545              		.file 8 "Drivers/STM32G4xx_HAL_Driver/Inc/stm32g4xx_hal_tim.h"
 546              		.file 9 "Drivers/STM32G4xx_HAL_Driver/Inc/stm32g4xx_hal_tim_ex.h"
 547              		.file 10 "Core/Inc/tim.h"
 548              		.file 11 "Core/Inc/main.h"
 549              		.file 12 "<built-in>"
ARM GAS  C:\Users\Booster\AppData\Local\Temp\ccMc10ld.s 			page 16


DEFINED SYMBOLS
                            *ABS*:00000000 tim.c
C:\Users\Booster\AppData\Local\Temp\ccMc10ld.s:21     .text.HAL_TIM_Base_MspInit:00000000 $t
C:\Users\Booster\AppData\Local\Temp\ccMc10ld.s:27     .text.HAL_TIM_Base_MspInit:00000000 HAL_TIM_Base_MspInit
C:\Users\Booster\AppData\Local\Temp\ccMc10ld.s:73     .text.HAL_TIM_Base_MspInit:00000028 $d
C:\Users\Booster\AppData\Local\Temp\ccMc10ld.s:78     .text.HAL_TIM_MspPostInit:00000000 $t
C:\Users\Booster\AppData\Local\Temp\ccMc10ld.s:84     .text.HAL_TIM_MspPostInit:00000000 HAL_TIM_MspPostInit
C:\Users\Booster\AppData\Local\Temp\ccMc10ld.s:169    .text.HAL_TIM_MspPostInit:00000050 $d
C:\Users\Booster\AppData\Local\Temp\ccMc10ld.s:174    .text.MX_TIM1_Init:00000000 $t
C:\Users\Booster\AppData\Local\Temp\ccMc10ld.s:180    .text.MX_TIM1_Init:00000000 MX_TIM1_Init
C:\Users\Booster\AppData\Local\Temp\ccMc10ld.s:484    .text.MX_TIM1_Init:00000144 $d
C:\Users\Booster\AppData\Local\Temp\ccMc10ld.s:535    .bss.htim1:00000000 htim1
C:\Users\Booster\AppData\Local\Temp\ccMc10ld.s:490    .text.HAL_TIM_Base_MspDeInit:00000000 $t
C:\Users\Booster\AppData\Local\Temp\ccMc10ld.s:496    .text.HAL_TIM_Base_MspDeInit:00000000 HAL_TIM_Base_MspDeInit
C:\Users\Booster\AppData\Local\Temp\ccMc10ld.s:525    .text.HAL_TIM_Base_MspDeInit:00000018 $d
C:\Users\Booster\AppData\Local\Temp\ccMc10ld.s:532    .bss.htim1:00000000 $d

UNDEFINED SYMBOLS
HAL_GPIO_Init
memset
HAL_TIM_Base_Init
HAL_TIM_ConfigClockSource
HAL_TIM_PWM_Init
HAL_TIMEx_MasterConfigSynchronization
HAL_TIM_PWM_ConfigChannel
HAL_TIMEx_ConfigBreakDeadTime
Error_Handler
