ARM GAS  C:\Users\Booster\AppData\Local\Temp\cc6Xt8xl.s 			page 1


   1              		.cpu cortex-m4
   2              		.arch armv7e-m
   3              		.fpu fpv4-sp-d16
   4              		.eabi_attribute 27, 1
   5              		.eabi_attribute 28, 1
   6              		.eabi_attribute 20, 1
   7              		.eabi_attribute 21, 1
   8              		.eabi_attribute 23, 3
   9              		.eabi_attribute 24, 1
  10              		.eabi_attribute 25, 1
  11              		.eabi_attribute 26, 1
  12              		.eabi_attribute 30, 1
  13              		.eabi_attribute 34, 1
  14              		.eabi_attribute 18, 4
  15              		.file	"usart.c"
  16              		.text
  17              	.Ltext0:
  18              		.cfi_sections	.debug_frame
  19              		.file 1 "Core/Src/usart.c"
  20              		.section	.text.MX_USART1_UART_Init,"ax",%progbits
  21              		.align	1
  22              		.global	MX_USART1_UART_Init
  23              		.syntax unified
  24              		.thumb
  25              		.thumb_func
  27              	MX_USART1_UART_Init:
  28              	.LFB329:
   1:Core/Src/usart.c **** /* USER CODE BEGIN Header */
   2:Core/Src/usart.c **** /**
   3:Core/Src/usart.c ****   ******************************************************************************
   4:Core/Src/usart.c ****   * @file    usart.c
   5:Core/Src/usart.c ****   * @brief   This file provides code for the configuration
   6:Core/Src/usart.c ****   *          of the USART instances.
   7:Core/Src/usart.c ****   ******************************************************************************
   8:Core/Src/usart.c ****   * @attention
   9:Core/Src/usart.c ****   *
  10:Core/Src/usart.c ****   * Copyright (c) 2023 STMicroelectronics.
  11:Core/Src/usart.c ****   * All rights reserved.
  12:Core/Src/usart.c ****   *
  13:Core/Src/usart.c ****   * This software is licensed under terms that can be found in the LICENSE file
  14:Core/Src/usart.c ****   * in the root directory of this software component.
  15:Core/Src/usart.c ****   * If no LICENSE file comes with this software, it is provided AS-IS.
  16:Core/Src/usart.c ****   *
  17:Core/Src/usart.c ****   ******************************************************************************
  18:Core/Src/usart.c ****   */
  19:Core/Src/usart.c **** /* USER CODE END Header */
  20:Core/Src/usart.c **** /* Includes ------------------------------------------------------------------*/
  21:Core/Src/usart.c **** #include "usart.h"
  22:Core/Src/usart.c **** 
  23:Core/Src/usart.c **** /* USER CODE BEGIN 0 */
  24:Core/Src/usart.c **** 
  25:Core/Src/usart.c **** /* USER CODE END 0 */
  26:Core/Src/usart.c **** 
  27:Core/Src/usart.c **** UART_HandleTypeDef huart1;
  28:Core/Src/usart.c **** 
  29:Core/Src/usart.c **** /* USART1 init function */
  30:Core/Src/usart.c **** 
ARM GAS  C:\Users\Booster\AppData\Local\Temp\cc6Xt8xl.s 			page 2


  31:Core/Src/usart.c **** void MX_USART1_UART_Init(void)
  32:Core/Src/usart.c **** {
  29              		.loc 1 32 1 view -0
  30              		.cfi_startproc
  31              		@ args = 0, pretend = 0, frame = 0
  32              		@ frame_needed = 0, uses_anonymous_args = 0
  33 0000 08B5     		push	{r3, lr}
  34              	.LCFI0:
  35              		.cfi_def_cfa_offset 8
  36              		.cfi_offset 3, -8
  37              		.cfi_offset 14, -4
  33:Core/Src/usart.c **** 
  34:Core/Src/usart.c ****   /* USER CODE BEGIN USART1_Init 0 */
  35:Core/Src/usart.c **** 
  36:Core/Src/usart.c ****   /* USER CODE END USART1_Init 0 */
  37:Core/Src/usart.c **** 
  38:Core/Src/usart.c ****   /* USER CODE BEGIN USART1_Init 1 */
  39:Core/Src/usart.c **** 
  40:Core/Src/usart.c ****   /* USER CODE END USART1_Init 1 */
  41:Core/Src/usart.c ****   huart1.Instance = USART1;
  38              		.loc 1 41 3 view .LVU1
  39              		.loc 1 41 19 is_stmt 0 view .LVU2
  40 0002 1748     		ldr	r0, .L11
  41 0004 174B     		ldr	r3, .L11+4
  42 0006 0360     		str	r3, [r0]
  42:Core/Src/usart.c ****   huart1.Init.BaudRate = 115200;
  43              		.loc 1 42 3 is_stmt 1 view .LVU3
  44              		.loc 1 42 24 is_stmt 0 view .LVU4
  45 0008 4FF4E133 		mov	r3, #115200
  46 000c 4360     		str	r3, [r0, #4]
  43:Core/Src/usart.c ****   huart1.Init.WordLength = UART_WORDLENGTH_8B;
  47              		.loc 1 43 3 is_stmt 1 view .LVU5
  48              		.loc 1 43 26 is_stmt 0 view .LVU6
  49 000e 0023     		movs	r3, #0
  50 0010 8360     		str	r3, [r0, #8]
  44:Core/Src/usart.c ****   huart1.Init.StopBits = UART_STOPBITS_1;
  51              		.loc 1 44 3 is_stmt 1 view .LVU7
  52              		.loc 1 44 24 is_stmt 0 view .LVU8
  53 0012 C360     		str	r3, [r0, #12]
  45:Core/Src/usart.c ****   huart1.Init.Parity = UART_PARITY_NONE;
  54              		.loc 1 45 3 is_stmt 1 view .LVU9
  55              		.loc 1 45 22 is_stmt 0 view .LVU10
  56 0014 0361     		str	r3, [r0, #16]
  46:Core/Src/usart.c ****   huart1.Init.Mode = UART_MODE_TX_RX;
  57              		.loc 1 46 3 is_stmt 1 view .LVU11
  58              		.loc 1 46 20 is_stmt 0 view .LVU12
  59 0016 0C22     		movs	r2, #12
  60 0018 4261     		str	r2, [r0, #20]
  47:Core/Src/usart.c ****   huart1.Init.HwFlowCtl = UART_HWCONTROL_NONE;
  61              		.loc 1 47 3 is_stmt 1 view .LVU13
  62              		.loc 1 47 25 is_stmt 0 view .LVU14
  63 001a 8361     		str	r3, [r0, #24]
  48:Core/Src/usart.c ****   huart1.Init.OverSampling = UART_OVERSAMPLING_16;
  64              		.loc 1 48 3 is_stmt 1 view .LVU15
  65              		.loc 1 48 28 is_stmt 0 view .LVU16
  66 001c C361     		str	r3, [r0, #28]
  49:Core/Src/usart.c ****   huart1.Init.OneBitSampling = UART_ONE_BIT_SAMPLE_DISABLE;
ARM GAS  C:\Users\Booster\AppData\Local\Temp\cc6Xt8xl.s 			page 3


  67              		.loc 1 49 3 is_stmt 1 view .LVU17
  68              		.loc 1 49 30 is_stmt 0 view .LVU18
  69 001e 0362     		str	r3, [r0, #32]
  50:Core/Src/usart.c ****   huart1.Init.ClockPrescaler = UART_PRESCALER_DIV1;
  70              		.loc 1 50 3 is_stmt 1 view .LVU19
  71              		.loc 1 50 30 is_stmt 0 view .LVU20
  72 0020 4362     		str	r3, [r0, #36]
  51:Core/Src/usart.c ****   huart1.AdvancedInit.AdvFeatureInit = UART_ADVFEATURE_NO_INIT;
  73              		.loc 1 51 3 is_stmt 1 view .LVU21
  74              		.loc 1 51 38 is_stmt 0 view .LVU22
  75 0022 8362     		str	r3, [r0, #40]
  52:Core/Src/usart.c ****   if (HAL_UART_Init(&huart1) != HAL_OK)
  76              		.loc 1 52 3 is_stmt 1 view .LVU23
  77              		.loc 1 52 7 is_stmt 0 view .LVU24
  78 0024 FFF7FEFF 		bl	HAL_UART_Init
  79              	.LVL0:
  80              		.loc 1 52 6 view .LVU25
  81 0028 70B9     		cbnz	r0, .L7
  82              	.L2:
  53:Core/Src/usart.c ****   {
  54:Core/Src/usart.c ****     Error_Handler();
  55:Core/Src/usart.c ****   }
  56:Core/Src/usart.c ****   if (HAL_UARTEx_SetTxFifoThreshold(&huart1, UART_TXFIFO_THRESHOLD_1_8) != HAL_OK)
  83              		.loc 1 56 3 is_stmt 1 view .LVU26
  84              		.loc 1 56 7 is_stmt 0 view .LVU27
  85 002a 0021     		movs	r1, #0
  86 002c 0C48     		ldr	r0, .L11
  87 002e FFF7FEFF 		bl	HAL_UARTEx_SetTxFifoThreshold
  88              	.LVL1:
  89              		.loc 1 56 6 view .LVU28
  90 0032 60B9     		cbnz	r0, .L8
  91              	.L3:
  57:Core/Src/usart.c ****   {
  58:Core/Src/usart.c ****     Error_Handler();
  59:Core/Src/usart.c ****   }
  60:Core/Src/usart.c ****   if (HAL_UARTEx_SetRxFifoThreshold(&huart1, UART_RXFIFO_THRESHOLD_1_8) != HAL_OK)
  92              		.loc 1 60 3 is_stmt 1 view .LVU29
  93              		.loc 1 60 7 is_stmt 0 view .LVU30
  94 0034 0021     		movs	r1, #0
  95 0036 0A48     		ldr	r0, .L11
  96 0038 FFF7FEFF 		bl	HAL_UARTEx_SetRxFifoThreshold
  97              	.LVL2:
  98              		.loc 1 60 6 view .LVU31
  99 003c 50B9     		cbnz	r0, .L9
 100              	.L4:
  61:Core/Src/usart.c ****   {
  62:Core/Src/usart.c ****     Error_Handler();
  63:Core/Src/usart.c ****   }
  64:Core/Src/usart.c ****   if (HAL_UARTEx_DisableFifoMode(&huart1) != HAL_OK)
 101              		.loc 1 64 3 is_stmt 1 view .LVU32
 102              		.loc 1 64 7 is_stmt 0 view .LVU33
 103 003e 0848     		ldr	r0, .L11
 104 0040 FFF7FEFF 		bl	HAL_UARTEx_DisableFifoMode
 105              	.LVL3:
 106              		.loc 1 64 6 view .LVU34
 107 0044 48B9     		cbnz	r0, .L10
 108              	.L1:
ARM GAS  C:\Users\Booster\AppData\Local\Temp\cc6Xt8xl.s 			page 4


  65:Core/Src/usart.c ****   {
  66:Core/Src/usart.c ****     Error_Handler();
  67:Core/Src/usart.c ****   }
  68:Core/Src/usart.c ****   /* USER CODE BEGIN USART1_Init 2 */
  69:Core/Src/usart.c **** 
  70:Core/Src/usart.c ****   /* USER CODE END USART1_Init 2 */
  71:Core/Src/usart.c **** 
  72:Core/Src/usart.c **** }
 109              		.loc 1 72 1 view .LVU35
 110 0046 08BD     		pop	{r3, pc}
 111              	.L7:
  54:Core/Src/usart.c ****   }
 112              		.loc 1 54 5 is_stmt 1 view .LVU36
 113 0048 FFF7FEFF 		bl	Error_Handler
 114              	.LVL4:
 115 004c EDE7     		b	.L2
 116              	.L8:
  58:Core/Src/usart.c ****   }
 117              		.loc 1 58 5 view .LVU37
 118 004e FFF7FEFF 		bl	Error_Handler
 119              	.LVL5:
 120 0052 EFE7     		b	.L3
 121              	.L9:
  62:Core/Src/usart.c ****   }
 122              		.loc 1 62 5 view .LVU38
 123 0054 FFF7FEFF 		bl	Error_Handler
 124              	.LVL6:
 125 0058 F1E7     		b	.L4
 126              	.L10:
  66:Core/Src/usart.c ****   }
 127              		.loc 1 66 5 view .LVU39
 128 005a FFF7FEFF 		bl	Error_Handler
 129              	.LVL7:
 130              		.loc 1 72 1 is_stmt 0 view .LVU40
 131 005e F2E7     		b	.L1
 132              	.L12:
 133              		.align	2
 134              	.L11:
 135 0060 00000000 		.word	huart1
 136 0064 00380140 		.word	1073821696
 137              		.cfi_endproc
 138              	.LFE329:
 140              		.section	.text.HAL_UART_MspInit,"ax",%progbits
 141              		.align	1
 142              		.global	HAL_UART_MspInit
 143              		.syntax unified
 144              		.thumb
 145              		.thumb_func
 147              	HAL_UART_MspInit:
 148              	.LVL8:
 149              	.LFB330:
  73:Core/Src/usart.c **** 
  74:Core/Src/usart.c **** void HAL_UART_MspInit(UART_HandleTypeDef* uartHandle)
  75:Core/Src/usart.c **** {
 150              		.loc 1 75 1 is_stmt 1 view -0
 151              		.cfi_startproc
 152              		@ args = 0, pretend = 0, frame = 104
ARM GAS  C:\Users\Booster\AppData\Local\Temp\cc6Xt8xl.s 			page 5


 153              		@ frame_needed = 0, uses_anonymous_args = 0
 154              		.loc 1 75 1 is_stmt 0 view .LVU42
 155 0000 70B5     		push	{r4, r5, r6, lr}
 156              	.LCFI1:
 157              		.cfi_def_cfa_offset 16
 158              		.cfi_offset 4, -16
 159              		.cfi_offset 5, -12
 160              		.cfi_offset 6, -8
 161              		.cfi_offset 14, -4
 162 0002 9AB0     		sub	sp, sp, #104
 163              	.LCFI2:
 164              		.cfi_def_cfa_offset 120
 165 0004 0446     		mov	r4, r0
  76:Core/Src/usart.c **** 
  77:Core/Src/usart.c ****   GPIO_InitTypeDef GPIO_InitStruct = {0};
 166              		.loc 1 77 3 is_stmt 1 view .LVU43
 167              		.loc 1 77 20 is_stmt 0 view .LVU44
 168 0006 0021     		movs	r1, #0
 169 0008 1591     		str	r1, [sp, #84]
 170 000a 1691     		str	r1, [sp, #88]
 171 000c 1791     		str	r1, [sp, #92]
 172 000e 1891     		str	r1, [sp, #96]
 173 0010 1991     		str	r1, [sp, #100]
  78:Core/Src/usart.c ****   RCC_PeriphCLKInitTypeDef PeriphClkInit = {0};
 174              		.loc 1 78 3 is_stmt 1 view .LVU45
 175              		.loc 1 78 28 is_stmt 0 view .LVU46
 176 0012 4422     		movs	r2, #68
 177 0014 04A8     		add	r0, sp, #16
 178              	.LVL9:
 179              		.loc 1 78 28 view .LVU47
 180 0016 FFF7FEFF 		bl	memset
 181              	.LVL10:
  79:Core/Src/usart.c ****   if(uartHandle->Instance==USART1)
 182              		.loc 1 79 3 is_stmt 1 view .LVU48
 183              		.loc 1 79 16 is_stmt 0 view .LVU49
 184 001a 2268     		ldr	r2, [r4]
 185              		.loc 1 79 5 view .LVU50
 186 001c 214B     		ldr	r3, .L19
 187 001e 9A42     		cmp	r2, r3
 188 0020 01D0     		beq	.L17
 189              	.LVL11:
 190              	.L13:
  80:Core/Src/usart.c ****   {
  81:Core/Src/usart.c ****   /* USER CODE BEGIN USART1_MspInit 0 */
  82:Core/Src/usart.c **** 
  83:Core/Src/usart.c ****   /* USER CODE END USART1_MspInit 0 */
  84:Core/Src/usart.c **** 
  85:Core/Src/usart.c ****   /** Initializes the peripherals clocks
  86:Core/Src/usart.c ****   */
  87:Core/Src/usart.c ****     PeriphClkInit.PeriphClockSelection = RCC_PERIPHCLK_USART1;
  88:Core/Src/usart.c ****     PeriphClkInit.Usart1ClockSelection = RCC_USART1CLKSOURCE_PCLK2;
  89:Core/Src/usart.c ****     if (HAL_RCCEx_PeriphCLKConfig(&PeriphClkInit) != HAL_OK)
  90:Core/Src/usart.c ****     {
  91:Core/Src/usart.c ****       Error_Handler();
  92:Core/Src/usart.c ****     }
  93:Core/Src/usart.c **** 
  94:Core/Src/usart.c ****     /* USART1 clock enable */
ARM GAS  C:\Users\Booster\AppData\Local\Temp\cc6Xt8xl.s 			page 6


  95:Core/Src/usart.c ****     __HAL_RCC_USART1_CLK_ENABLE();
  96:Core/Src/usart.c **** 
  97:Core/Src/usart.c ****     __HAL_RCC_GPIOC_CLK_ENABLE();
  98:Core/Src/usart.c ****     __HAL_RCC_GPIOB_CLK_ENABLE();
  99:Core/Src/usart.c ****     /**USART1 GPIO Configuration
 100:Core/Src/usart.c ****     PC4     ------> USART1_TX
 101:Core/Src/usart.c ****     PB7     ------> USART1_RX
 102:Core/Src/usart.c ****     */
 103:Core/Src/usart.c ****     GPIO_InitStruct.Pin = GPIO_PIN_4;
 104:Core/Src/usart.c ****     GPIO_InitStruct.Mode = GPIO_MODE_AF_PP;
 105:Core/Src/usart.c ****     GPIO_InitStruct.Pull = GPIO_NOPULL;
 106:Core/Src/usart.c ****     GPIO_InitStruct.Speed = GPIO_SPEED_FREQ_LOW;
 107:Core/Src/usart.c ****     GPIO_InitStruct.Alternate = GPIO_AF7_USART1;
 108:Core/Src/usart.c ****     HAL_GPIO_Init(GPIOC, &GPIO_InitStruct);
 109:Core/Src/usart.c **** 
 110:Core/Src/usart.c ****     GPIO_InitStruct.Pin = GPIO_PIN_7;
 111:Core/Src/usart.c ****     GPIO_InitStruct.Mode = GPIO_MODE_AF_PP;
 112:Core/Src/usart.c ****     GPIO_InitStruct.Pull = GPIO_NOPULL;
 113:Core/Src/usart.c ****     GPIO_InitStruct.Speed = GPIO_SPEED_FREQ_LOW;
 114:Core/Src/usart.c ****     GPIO_InitStruct.Alternate = GPIO_AF7_USART1;
 115:Core/Src/usart.c ****     HAL_GPIO_Init(GPIOB, &GPIO_InitStruct);
 116:Core/Src/usart.c **** 
 117:Core/Src/usart.c ****   /* USER CODE BEGIN USART1_MspInit 1 */
 118:Core/Src/usart.c **** 
 119:Core/Src/usart.c ****   /* USER CODE END USART1_MspInit 1 */
 120:Core/Src/usart.c ****   }
 121:Core/Src/usart.c **** }
 191              		.loc 1 121 1 view .LVU51
 192 0022 1AB0     		add	sp, sp, #104
 193              	.LCFI3:
 194              		.cfi_remember_state
 195              		.cfi_def_cfa_offset 16
 196              		@ sp needed
 197 0024 70BD     		pop	{r4, r5, r6, pc}
 198              	.LVL12:
 199              	.L17:
 200              	.LCFI4:
 201              		.cfi_restore_state
  87:Core/Src/usart.c ****     PeriphClkInit.Usart1ClockSelection = RCC_USART1CLKSOURCE_PCLK2;
 202              		.loc 1 87 5 is_stmt 1 view .LVU52
  87:Core/Src/usart.c ****     PeriphClkInit.Usart1ClockSelection = RCC_USART1CLKSOURCE_PCLK2;
 203              		.loc 1 87 40 is_stmt 0 view .LVU53
 204 0026 0123     		movs	r3, #1
 205 0028 0493     		str	r3, [sp, #16]
  88:Core/Src/usart.c ****     if (HAL_RCCEx_PeriphCLKConfig(&PeriphClkInit) != HAL_OK)
 206              		.loc 1 88 5 is_stmt 1 view .LVU54
  89:Core/Src/usart.c ****     {
 207              		.loc 1 89 5 view .LVU55
  89:Core/Src/usart.c ****     {
 208              		.loc 1 89 9 is_stmt 0 view .LVU56
 209 002a 04A8     		add	r0, sp, #16
 210 002c FFF7FEFF 		bl	HAL_RCCEx_PeriphCLKConfig
 211              	.LVL13:
  89:Core/Src/usart.c ****     {
 212              		.loc 1 89 8 view .LVU57
 213 0030 0028     		cmp	r0, #0
 214 0032 33D1     		bne	.L18
ARM GAS  C:\Users\Booster\AppData\Local\Temp\cc6Xt8xl.s 			page 7


 215              	.L15:
  95:Core/Src/usart.c **** 
 216              		.loc 1 95 5 is_stmt 1 view .LVU58
 217              	.LBB2:
  95:Core/Src/usart.c **** 
 218              		.loc 1 95 5 view .LVU59
  95:Core/Src/usart.c **** 
 219              		.loc 1 95 5 view .LVU60
 220 0034 1C4B     		ldr	r3, .L19+4
 221 0036 1A6E     		ldr	r2, [r3, #96]
 222 0038 42F48042 		orr	r2, r2, #16384
 223 003c 1A66     		str	r2, [r3, #96]
  95:Core/Src/usart.c **** 
 224              		.loc 1 95 5 view .LVU61
 225 003e 1A6E     		ldr	r2, [r3, #96]
 226 0040 02F48042 		and	r2, r2, #16384
 227 0044 0192     		str	r2, [sp, #4]
  95:Core/Src/usart.c **** 
 228              		.loc 1 95 5 view .LVU62
 229 0046 019A     		ldr	r2, [sp, #4]
 230              	.LBE2:
  95:Core/Src/usart.c **** 
 231              		.loc 1 95 5 view .LVU63
  97:Core/Src/usart.c ****     __HAL_RCC_GPIOB_CLK_ENABLE();
 232              		.loc 1 97 5 view .LVU64
 233              	.LBB3:
  97:Core/Src/usart.c ****     __HAL_RCC_GPIOB_CLK_ENABLE();
 234              		.loc 1 97 5 view .LVU65
  97:Core/Src/usart.c ****     __HAL_RCC_GPIOB_CLK_ENABLE();
 235              		.loc 1 97 5 view .LVU66
 236 0048 DA6C     		ldr	r2, [r3, #76]
 237 004a 42F00402 		orr	r2, r2, #4
 238 004e DA64     		str	r2, [r3, #76]
  97:Core/Src/usart.c ****     __HAL_RCC_GPIOB_CLK_ENABLE();
 239              		.loc 1 97 5 view .LVU67
 240 0050 DA6C     		ldr	r2, [r3, #76]
 241 0052 02F00402 		and	r2, r2, #4
 242 0056 0292     		str	r2, [sp, #8]
  97:Core/Src/usart.c ****     __HAL_RCC_GPIOB_CLK_ENABLE();
 243              		.loc 1 97 5 view .LVU68
 244 0058 029A     		ldr	r2, [sp, #8]
 245              	.LBE3:
  97:Core/Src/usart.c ****     __HAL_RCC_GPIOB_CLK_ENABLE();
 246              		.loc 1 97 5 view .LVU69
  98:Core/Src/usart.c ****     /**USART1 GPIO Configuration
 247              		.loc 1 98 5 view .LVU70
 248              	.LBB4:
  98:Core/Src/usart.c ****     /**USART1 GPIO Configuration
 249              		.loc 1 98 5 view .LVU71
  98:Core/Src/usart.c ****     /**USART1 GPIO Configuration
 250              		.loc 1 98 5 view .LVU72
 251 005a DA6C     		ldr	r2, [r3, #76]
 252 005c 42F00202 		orr	r2, r2, #2
 253 0060 DA64     		str	r2, [r3, #76]
  98:Core/Src/usart.c ****     /**USART1 GPIO Configuration
 254              		.loc 1 98 5 view .LVU73
 255 0062 DB6C     		ldr	r3, [r3, #76]
ARM GAS  C:\Users\Booster\AppData\Local\Temp\cc6Xt8xl.s 			page 8


 256 0064 03F00203 		and	r3, r3, #2
 257 0068 0393     		str	r3, [sp, #12]
  98:Core/Src/usart.c ****     /**USART1 GPIO Configuration
 258              		.loc 1 98 5 view .LVU74
 259 006a 039B     		ldr	r3, [sp, #12]
 260              	.LBE4:
  98:Core/Src/usart.c ****     /**USART1 GPIO Configuration
 261              		.loc 1 98 5 view .LVU75
 103:Core/Src/usart.c ****     GPIO_InitStruct.Mode = GPIO_MODE_AF_PP;
 262              		.loc 1 103 5 view .LVU76
 103:Core/Src/usart.c ****     GPIO_InitStruct.Mode = GPIO_MODE_AF_PP;
 263              		.loc 1 103 25 is_stmt 0 view .LVU77
 264 006c 1023     		movs	r3, #16
 265 006e 1593     		str	r3, [sp, #84]
 104:Core/Src/usart.c ****     GPIO_InitStruct.Pull = GPIO_NOPULL;
 266              		.loc 1 104 5 is_stmt 1 view .LVU78
 104:Core/Src/usart.c ****     GPIO_InitStruct.Pull = GPIO_NOPULL;
 267              		.loc 1 104 26 is_stmt 0 view .LVU79
 268 0070 0226     		movs	r6, #2
 269 0072 1696     		str	r6, [sp, #88]
 105:Core/Src/usart.c ****     GPIO_InitStruct.Speed = GPIO_SPEED_FREQ_LOW;
 270              		.loc 1 105 5 is_stmt 1 view .LVU80
 105:Core/Src/usart.c ****     GPIO_InitStruct.Speed = GPIO_SPEED_FREQ_LOW;
 271              		.loc 1 105 26 is_stmt 0 view .LVU81
 272 0074 0024     		movs	r4, #0
 273              	.LVL14:
 105:Core/Src/usart.c ****     GPIO_InitStruct.Speed = GPIO_SPEED_FREQ_LOW;
 274              		.loc 1 105 26 view .LVU82
 275 0076 1794     		str	r4, [sp, #92]
 106:Core/Src/usart.c ****     GPIO_InitStruct.Alternate = GPIO_AF7_USART1;
 276              		.loc 1 106 5 is_stmt 1 view .LVU83
 106:Core/Src/usart.c ****     GPIO_InitStruct.Alternate = GPIO_AF7_USART1;
 277              		.loc 1 106 27 is_stmt 0 view .LVU84
 278 0078 1894     		str	r4, [sp, #96]
 107:Core/Src/usart.c ****     HAL_GPIO_Init(GPIOC, &GPIO_InitStruct);
 279              		.loc 1 107 5 is_stmt 1 view .LVU85
 107:Core/Src/usart.c ****     HAL_GPIO_Init(GPIOC, &GPIO_InitStruct);
 280              		.loc 1 107 31 is_stmt 0 view .LVU86
 281 007a 0725     		movs	r5, #7
 282 007c 1995     		str	r5, [sp, #100]
 108:Core/Src/usart.c **** 
 283              		.loc 1 108 5 is_stmt 1 view .LVU87
 284 007e 15A9     		add	r1, sp, #84
 285 0080 0A48     		ldr	r0, .L19+8
 286 0082 FFF7FEFF 		bl	HAL_GPIO_Init
 287              	.LVL15:
 110:Core/Src/usart.c ****     GPIO_InitStruct.Mode = GPIO_MODE_AF_PP;
 288              		.loc 1 110 5 view .LVU88
 110:Core/Src/usart.c ****     GPIO_InitStruct.Mode = GPIO_MODE_AF_PP;
 289              		.loc 1 110 25 is_stmt 0 view .LVU89
 290 0086 8023     		movs	r3, #128
 291 0088 1593     		str	r3, [sp, #84]
 111:Core/Src/usart.c ****     GPIO_InitStruct.Pull = GPIO_NOPULL;
 292              		.loc 1 111 5 is_stmt 1 view .LVU90
 111:Core/Src/usart.c ****     GPIO_InitStruct.Pull = GPIO_NOPULL;
 293              		.loc 1 111 26 is_stmt 0 view .LVU91
 294 008a 1696     		str	r6, [sp, #88]
ARM GAS  C:\Users\Booster\AppData\Local\Temp\cc6Xt8xl.s 			page 9


 112:Core/Src/usart.c ****     GPIO_InitStruct.Speed = GPIO_SPEED_FREQ_LOW;
 295              		.loc 1 112 5 is_stmt 1 view .LVU92
 112:Core/Src/usart.c ****     GPIO_InitStruct.Speed = GPIO_SPEED_FREQ_LOW;
 296              		.loc 1 112 26 is_stmt 0 view .LVU93
 297 008c 1794     		str	r4, [sp, #92]
 113:Core/Src/usart.c ****     GPIO_InitStruct.Alternate = GPIO_AF7_USART1;
 298              		.loc 1 113 5 is_stmt 1 view .LVU94
 113:Core/Src/usart.c ****     GPIO_InitStruct.Alternate = GPIO_AF7_USART1;
 299              		.loc 1 113 27 is_stmt 0 view .LVU95
 300 008e 1894     		str	r4, [sp, #96]
 114:Core/Src/usart.c ****     HAL_GPIO_Init(GPIOB, &GPIO_InitStruct);
 301              		.loc 1 114 5 is_stmt 1 view .LVU96
 114:Core/Src/usart.c ****     HAL_GPIO_Init(GPIOB, &GPIO_InitStruct);
 302              		.loc 1 114 31 is_stmt 0 view .LVU97
 303 0090 1995     		str	r5, [sp, #100]
 115:Core/Src/usart.c **** 
 304              		.loc 1 115 5 is_stmt 1 view .LVU98
 305 0092 15A9     		add	r1, sp, #84
 306 0094 0648     		ldr	r0, .L19+12
 307 0096 FFF7FEFF 		bl	HAL_GPIO_Init
 308              	.LVL16:
 309              		.loc 1 121 1 is_stmt 0 view .LVU99
 310 009a C2E7     		b	.L13
 311              	.LVL17:
 312              	.L18:
  91:Core/Src/usart.c ****     }
 313              		.loc 1 91 7 is_stmt 1 view .LVU100
 314 009c FFF7FEFF 		bl	Error_Handler
 315              	.LVL18:
 316 00a0 C8E7     		b	.L15
 317              	.L20:
 318 00a2 00BF     		.align	2
 319              	.L19:
 320 00a4 00380140 		.word	1073821696
 321 00a8 00100240 		.word	1073876992
 322 00ac 00080048 		.word	1207961600
 323 00b0 00040048 		.word	1207960576
 324              		.cfi_endproc
 325              	.LFE330:
 327              		.section	.text.HAL_UART_MspDeInit,"ax",%progbits
 328              		.align	1
 329              		.global	HAL_UART_MspDeInit
 330              		.syntax unified
 331              		.thumb
 332              		.thumb_func
 334              	HAL_UART_MspDeInit:
 335              	.LVL19:
 336              	.LFB331:
 122:Core/Src/usart.c **** 
 123:Core/Src/usart.c **** void HAL_UART_MspDeInit(UART_HandleTypeDef* uartHandle)
 124:Core/Src/usart.c **** {
 337              		.loc 1 124 1 view -0
 338              		.cfi_startproc
 339              		@ args = 0, pretend = 0, frame = 0
 340              		@ frame_needed = 0, uses_anonymous_args = 0
 341              		.loc 1 124 1 is_stmt 0 view .LVU102
 342 0000 08B5     		push	{r3, lr}
ARM GAS  C:\Users\Booster\AppData\Local\Temp\cc6Xt8xl.s 			page 10


 343              	.LCFI5:
 344              		.cfi_def_cfa_offset 8
 345              		.cfi_offset 3, -8
 346              		.cfi_offset 14, -4
 125:Core/Src/usart.c **** 
 126:Core/Src/usart.c ****   if(uartHandle->Instance==USART1)
 347              		.loc 1 126 3 is_stmt 1 view .LVU103
 348              		.loc 1 126 16 is_stmt 0 view .LVU104
 349 0002 0268     		ldr	r2, [r0]
 350              		.loc 1 126 5 view .LVU105
 351 0004 084B     		ldr	r3, .L25
 352 0006 9A42     		cmp	r2, r3
 353 0008 00D0     		beq	.L24
 354              	.LVL20:
 355              	.L21:
 127:Core/Src/usart.c ****   {
 128:Core/Src/usart.c ****   /* USER CODE BEGIN USART1_MspDeInit 0 */
 129:Core/Src/usart.c **** 
 130:Core/Src/usart.c ****   /* USER CODE END USART1_MspDeInit 0 */
 131:Core/Src/usart.c ****     /* Peripheral clock disable */
 132:Core/Src/usart.c ****     __HAL_RCC_USART1_CLK_DISABLE();
 133:Core/Src/usart.c **** 
 134:Core/Src/usart.c ****     /**USART1 GPIO Configuration
 135:Core/Src/usart.c ****     PC4     ------> USART1_TX
 136:Core/Src/usart.c ****     PB7     ------> USART1_RX
 137:Core/Src/usart.c ****     */
 138:Core/Src/usart.c ****     HAL_GPIO_DeInit(GPIOC, GPIO_PIN_4);
 139:Core/Src/usart.c **** 
 140:Core/Src/usart.c ****     HAL_GPIO_DeInit(GPIOB, GPIO_PIN_7);
 141:Core/Src/usart.c **** 
 142:Core/Src/usart.c ****   /* USER CODE BEGIN USART1_MspDeInit 1 */
 143:Core/Src/usart.c **** 
 144:Core/Src/usart.c ****   /* USER CODE END USART1_MspDeInit 1 */
 145:Core/Src/usart.c ****   }
 146:Core/Src/usart.c **** }
 356              		.loc 1 146 1 view .LVU106
 357 000a 08BD     		pop	{r3, pc}
 358              	.LVL21:
 359              	.L24:
 132:Core/Src/usart.c **** 
 360              		.loc 1 132 5 is_stmt 1 view .LVU107
 361 000c 074A     		ldr	r2, .L25+4
 362 000e 136E     		ldr	r3, [r2, #96]
 363 0010 23F48043 		bic	r3, r3, #16384
 364 0014 1366     		str	r3, [r2, #96]
 138:Core/Src/usart.c **** 
 365              		.loc 1 138 5 view .LVU108
 366 0016 1021     		movs	r1, #16
 367 0018 0548     		ldr	r0, .L25+8
 368              	.LVL22:
 138:Core/Src/usart.c **** 
 369              		.loc 1 138 5 is_stmt 0 view .LVU109
 370 001a FFF7FEFF 		bl	HAL_GPIO_DeInit
 371              	.LVL23:
 140:Core/Src/usart.c **** 
 372              		.loc 1 140 5 is_stmt 1 view .LVU110
 373 001e 8021     		movs	r1, #128
ARM GAS  C:\Users\Booster\AppData\Local\Temp\cc6Xt8xl.s 			page 11


 374 0020 0448     		ldr	r0, .L25+12
 375 0022 FFF7FEFF 		bl	HAL_GPIO_DeInit
 376              	.LVL24:
 377              		.loc 1 146 1 is_stmt 0 view .LVU111
 378 0026 F0E7     		b	.L21
 379              	.L26:
 380              		.align	2
 381              	.L25:
 382 0028 00380140 		.word	1073821696
 383 002c 00100240 		.word	1073876992
 384 0030 00080048 		.word	1207961600
 385 0034 00040048 		.word	1207960576
 386              		.cfi_endproc
 387              	.LFE331:
 389              		.global	huart1
 390              		.section	.bss.huart1,"aw",%nobits
 391              		.align	2
 394              	huart1:
 395 0000 00000000 		.space	148
 395      00000000 
 395      00000000 
 395      00000000 
 395      00000000 
 396              		.text
 397              	.Letext0:
 398              		.file 2 "c:\\program files (x86)\\arm gnu toolchain arm-none-eabi\\12.3 rel1\\arm-none-eabi\\inclu
 399              		.file 3 "c:\\program files (x86)\\arm gnu toolchain arm-none-eabi\\12.3 rel1\\arm-none-eabi\\inclu
 400              		.file 4 "Drivers/CMSIS/Device/ST/STM32G4xx/Include/stm32g431xx.h"
 401              		.file 5 "Drivers/STM32G4xx_HAL_Driver/Inc/stm32g4xx_hal_def.h"
 402              		.file 6 "Drivers/STM32G4xx_HAL_Driver/Inc/stm32g4xx_hal_rcc_ex.h"
 403              		.file 7 "Drivers/STM32G4xx_HAL_Driver/Inc/stm32g4xx_hal_gpio.h"
 404              		.file 8 "Drivers/STM32G4xx_HAL_Driver/Inc/stm32g4xx_hal_dma.h"
 405              		.file 9 "Drivers/STM32G4xx_HAL_Driver/Inc/stm32g4xx_hal_uart.h"
 406              		.file 10 "Drivers/STM32G4xx_HAL_Driver/Inc/stm32g4xx_hal_uart_ex.h"
 407              		.file 11 "Core/Inc/usart.h"
 408              		.file 12 "Core/Inc/main.h"
 409              		.file 13 "<built-in>"
ARM GAS  C:\Users\Booster\AppData\Local\Temp\cc6Xt8xl.s 			page 12


DEFINED SYMBOLS
                            *ABS*:00000000 usart.c
C:\Users\Booster\AppData\Local\Temp\cc6Xt8xl.s:21     .text.MX_USART1_UART_Init:00000000 $t
C:\Users\Booster\AppData\Local\Temp\cc6Xt8xl.s:27     .text.MX_USART1_UART_Init:00000000 MX_USART1_UART_Init
C:\Users\Booster\AppData\Local\Temp\cc6Xt8xl.s:135    .text.MX_USART1_UART_Init:00000060 $d
C:\Users\Booster\AppData\Local\Temp\cc6Xt8xl.s:394    .bss.huart1:00000000 huart1
C:\Users\Booster\AppData\Local\Temp\cc6Xt8xl.s:141    .text.HAL_UART_MspInit:00000000 $t
C:\Users\Booster\AppData\Local\Temp\cc6Xt8xl.s:147    .text.HAL_UART_MspInit:00000000 HAL_UART_MspInit
C:\Users\Booster\AppData\Local\Temp\cc6Xt8xl.s:320    .text.HAL_UART_MspInit:000000a4 $d
C:\Users\Booster\AppData\Local\Temp\cc6Xt8xl.s:328    .text.HAL_UART_MspDeInit:00000000 $t
C:\Users\Booster\AppData\Local\Temp\cc6Xt8xl.s:334    .text.HAL_UART_MspDeInit:00000000 HAL_UART_MspDeInit
C:\Users\Booster\AppData\Local\Temp\cc6Xt8xl.s:382    .text.HAL_UART_MspDeInit:00000028 $d
C:\Users\Booster\AppData\Local\Temp\cc6Xt8xl.s:391    .bss.huart1:00000000 $d

UNDEFINED SYMBOLS
HAL_UART_Init
HAL_UARTEx_SetTxFifoThreshold
HAL_UARTEx_SetRxFifoThreshold
HAL_UARTEx_DisableFifoMode
Error_Handler
memset
HAL_RCCEx_PeriphCLKConfig
HAL_GPIO_Init
HAL_GPIO_DeInit
